warning: in the working copy of '.env.example', LF will be replaced by CRLF the next time Git touches it
warning: in the working copy of 'package.json', LF will be replaced by CRLF the next time Git touches it
warning: in the working copy of 'server/invitations/service.py', LF will be replaced by CRLF the next time Git touches it
warning: in the working copy of 'server/routers/invitations.py', LF will be replaced by CRLF the next time Git touches it
warning: in the working copy of 'src/app/components/ui/DataTable.tsx', LF will be replaced by CRLF the next time Git touches it
warning: in the working copy of 'src/app/components/ui/FeatureDialog.tsx', LF will be replaced by CRLF the next time Git touches it
warning: in the working copy of 'src/app/components/ui/FormField.tsx', LF will be replaced by CRLF the next time Git touches it
warning: in the working copy of 'src/app/components/ui/Modal.tsx', LF will be replaced by CRLF the next time Git touches it
warning: in the working copy of 'src/app/components/ui/Toast.tsx', LF will be replaced by CRLF the next time Git touches it
warning: in the working copy of 'src/app/components/ui/useConfirmation.tsx', LF will be replaced by CRLF the next time Git touches it
warning: in the working copy of 'src/app/components/ui/workspace/ActionMenu.tsx', LF will be replaced by CRLF the next time Git touches it
warning: in the working copy of 'src/app/components/workflow/TaskDetailDrawer.tsx', LF will be replaced by CRLF the next time Git touches it
warning: in the working copy of 'src/app/features/invitations/components/AcceptInvitationPage.tsx', LF will be replaced by CRLF the next time Git touches it
warning: in the working copy of 'src/app/features/invitations/types.ts', LF will be replaced by CRLF the next time Git touches it
warning: in the working copy of 'src/app/features/project-import/hooks/useProjectImport.ts', LF will be replaced by CRLF the next time Git touches it
warning: in the working copy of 'src/app/features/project-import/services/projectImportService.ts', LF will be replaced by CRLF the next time Git touches it
warning: in the working copy of 'src/app/features/project-offices/components/InviteOfficeDialog.tsx', LF will be replaced by CRLF the next time Git touches it
warning: in the working copy of 'src/app/features/project-offices/components/ProjectOfficePanel.tsx', LF will be replaced by CRLF the next time Git touches it
warning: in the working copy of 'src/app/features/project-offices/hooks/useProjectOffices.ts', LF will be replaced by CRLF the next time Git touches it
warning: in the working copy of 'src/app/features/project-offices/index.ts', LF will be replaced by CRLF the next time Git touches it
warning: in the working copy of 'src/app/features/project-offices/projectOffices.css', LF will be replaced by CRLF the next time Git touches it
warning: in the working copy of 'src/app/features/project-offices/types.ts', LF will be replaced by CRLF the next time Git touches it
warning: in the working copy of 'src/app/features/project-readiness/components/ProjectReadinessPanel.tsx', LF will be replaced by CRLF the next time Git touches it
warning: in the working copy of 'src/app/features/projects/components/project-command/ProjectCommandWorkspace.tsx', LF will be replaced by CRLF the next time Git touches it
warning: in the working copy of 'src/app/features/tasks/services/taskMapper.ts', LF will be replaced by CRLF the next time Git touches it
warning: in the working copy of 'src/app/features/tasks/taskTypes.ts', LF will be replaced by CRLF the next time Git touches it
warning: in the working copy of 'src/app/shared/motion/InspectorPanel.tsx', LF will be replaced by CRLF the next time Git touches it
warning: in the working copy of 'src/app/shared/vibe/EflowVibeProvider.tsx', LF will be replaced by CRLF the next time Git touches it
warning: in the working copy of 'tests/e2e/phase4-project-views.spec.ts', LF will be replaced by CRLF the next time Git touches it
warning: in the working copy of 'tests/e2e/phase5-project-import.spec.ts', LF will be replaced by CRLF the next time Git touches it
warning: in the working copy of 'tests/unit/inspectorPanel.test.tsx', LF will be replaced by CRLF the next time Git touches it
warning: in the working copy of 'tests/unit/vibeFoundation.test.tsx', LF will be replaced by CRLF the next time Git touches it
