
Running 15 tests using 1 worker



[1A[2K(node:40180) Warning: The 'NO_COLOR' env is ignored due to the 'FORCE_COLOR' env being set.
(Use `node --trace-warnings ...` to show where the warning was created)

[1A[2K(node:40180) Warning: The 'NO_COLOR' env is ignored due to the 'FORCE_COLOR' env being set.
(Use `node --trace-warnings ...` to show where the warning was created)

[1A[2K[1/15] [chromium] › tests\e2e\admin-mobile-dialogs.spec.ts:4:1 › Admin user management remains usable on a narrow phone
[1A[2K[2/15] [chromium] › tests\e2e\admin-mobile-dialogs.spec.ts:21:1 › workspace proposal import and existing manual planning remain reachable in the phone drawer
[1A[2K[3/15] [chromium] › tests\e2e\admin-unification.spec.ts:11:3 › super_admin sessions expose the unified Admin management surfaces
[1A[2K  1) [chromium] › tests\e2e\admin-unification.spec.ts:11:3 › super_admin sessions expose the unified Admin management surfaces 

    Error: expect.toBeVisible: Error: strict mode violation: getByRole('heading', { name: 'User Management', exact: true }) resolved to 2 elements:
        1) <h3>User Management</h3> aka getByLabel('Workspace destinations').getByRole('heading', { name: 'User Management' })
        2) <h1 class="text-[22px] font-semibold tracking-tight text-neutral-950">User Management</h1> aka getByLabel('Active workspace').getByRole('heading', { name: 'User Management' })

    Call log:
    [2m  - Expect "toBeVisible" with timeout 5000ms[22m
    [2m  - waiting for getByRole('heading', { name: 'User Management', exact: true })[22m


      34 |     await sidebar.hover();
      35 |     await sidebar.getByRole("button", { name: "All Users", exact: true }).click();
    > 36 |     await expect(page.getByRole("heading", { name: "User Management", exact: true })).toBeVisible();
         |                                                                                       ^
      37 |     await page.getByRole("button", { name: "Create user" }).click();
      38 |     const dialog = page.getByRole("dialog", { name: "Create New User" });
      39 |     await expect(dialog).toBeVisible();
        at C:\Users\james\projects\eflow-e-Governance-Project\tests\e2e\admin-unification.spec.ts:36:87

    Error Context: test-results\admin-unification-super-ad-d9e7e-d-Admin-management-surfaces-chromium\error-context.md

    attachment #2: trace (application/zip) ─────────────────────────────────────────────────────────
    test-results\admin-unification-super-ad-d9e7e-d-Admin-management-surfaces-chromium\trace.zip
    Usage:

        npx playwright show-trace test-results\admin-unification-super-ad-d9e7e-d-Admin-management-surfaces-chromium\trace.zip

    ────────────────────────────────────────────────────────────────────────────────────────────────




[1A[2K(node:20044) Warning: The 'NO_COLOR' env is ignored due to the 'FORCE_COLOR' env being set.
(Use `node --trace-warnings ...` to show where the warning was created)


[1A[2K(node:20044) Warning: The 'NO_COLOR' env is ignored due to the 'FORCE_COLOR' env being set.
(Use `node --trace-warnings ...` to show where the warning was created)
[1A[2K[4/15] [chromium] › tests\e2e\admin-unification.spec.ts:11:3 › admin sessions expose the unified Admin management surfaces
[1A[2K  2) [chromium] › tests\e2e\admin-unification.spec.ts:11:3 › admin sessions expose the unified Admin management surfaces 

    Error: expect.toBeVisible: Error: strict mode violation: getByRole('heading', { name: 'User Management', exact: true }) resolved to 2 elements:
        1) <h3>User Management</h3> aka getByLabel('Workspace destinations').getByRole('heading', { name: 'User Management' })
        2) <h1 class="text-[22px] font-semibold tracking-tight text-neutral-950">User Management</h1> aka getByLabel('Active workspace').getByRole('heading', { name: 'User Management' })

    Call log:
    [2m  - Expect "toBeVisible" with timeout 5000ms[22m
    [2m  - waiting for getByRole('heading', { name: 'User Management', exact: true })[22m


      34 |     await sidebar.hover();
      35 |     await sidebar.getByRole("button", { name: "All Users", exact: true }).click();
    > 36 |     await expect(page.getByRole("heading", { name: "User Management", exact: true })).toBeVisible();
         |                                                                                       ^
      37 |     await page.getByRole("button", { name: "Create user" }).click();
      38 |     const dialog = page.getByRole("dialog", { name: "Create New User" });
      39 |     await expect(dialog).toBeVisible();
        at C:\Users\james\projects\eflow-e-Governance-Project\tests\e2e\admin-unification.spec.ts:36:87

    Error Context: test-results\admin-unification-admin-se-c3750-d-Admin-management-surfaces-chromium\error-context.md

    attachment #2: trace (application/zip) ─────────────────────────────────────────────────────────
    test-results\admin-unification-admin-se-c3750-d-Admin-management-surfaces-chromium\trace.zip
    Usage:

        npx playwright show-trace test-results\admin-unification-admin-se-c3750-d-Admin-management-surfaces-chromium\trace.zip

    ────────────────────────────────────────────────────────────────────────────────────────────────



[1A[2K(node:37216) Warning: The 'NO_COLOR' env is ignored due to the 'FORCE_COLOR' env being set.
(Use `node --trace-warnings ...` to show where the warning was created)



[1A[2K(node:37216) Warning: The 'NO_COLOR' env is ignored due to the 'FORCE_COLOR' env being set.
(Use `node --trace-warnings ...` to show where the warning was created)
[1A[2K[5/15] [chromium] › tests\e2e\phase16-support-finance.spec.ts:10:1 › Admin Center keeps legacy pages, account inspection and unsaved account edits
[1A[2K[6/15] [chromium] › tests\e2e\phase16-support-finance.spec.ts:61:1 › Account audit has bounded coverage, loaded filters, nested redaction and truthful unavailable reads on a phone
[1A[2K[7/15] [chromium] › tests\e2e\phase16-support-finance.spec.ts:131:1 › Accounting retains fiscal scope, exposes settlements, records one decision and inspects its balanced journal
[1A[2K[8/15] [chromium] › tests\e2e\phase16-support-finance.spec.ts:197:1 › Uncertain settlement keeps its reason and requires verification before resubmission
[1A[2K[9/15] [chromium] › tests\e2e\phase16-support-finance.spec.ts:234:1 › Journal correction has guarded lines, explicit posting and a retained uncertainty receipt on a phone
[1A[2K[10/15] [chromium] › tests\e2e\phase16-support-finance.spec.ts:282:1 › Release handover uses its existing physical confirmation and blocks an uncertain repeat
[1A[2K[11/15] [chromium] › tests\e2e\phase16-support-finance.spec.ts:313:1 › Reports retain seven lenses, filtered CSV export and the task inspector
[1A[2K  3) [chromium] › tests\e2e\phase16-support-finance.spec.ts:313:1 › Reports retain seven lenses, filtered CSV export and the task inspector 

    Error: locator.click: Error: strict mode violation: getByRole('button', { name: /Prepare community assessment/ }) resolved to 2 elements:
        1) <button type="button" class="text-left group cursor-pointer">…</button> aka getByRole('button', { name: 'Prepare community assessment No description' })
        2) <button type="button" aria-expanded="false" aria-label="Expand details for Prepare community assessment" class="mt-2 inline-flex items-center gap-1 text-[11px] font-medium text-neutral-600 underline-offset-2 hover:text-neutral-900 hover:underline">…</button> aka getByRole('button', { name: 'Expand details for Prepare' })

    Call log:
    [2m  - waiting for getByRole('button', { name: /Prepare community assessment/ })[22m


      337 |   await page
      338 |     .getByRole("button", { name: /Prepare community assessment/ })
    > 339 |     .click();
          |      ^
      340 |   await expect(
      341 |     page.getByRole("dialog", { name: /Task details:/ }),
      342 |   ).toBeVisible();
        at C:\Users\james\projects\eflow-e-Governance-Project\tests\e2e\phase16-support-finance.spec.ts:339:6

    Error Context: test-results\phase16-support-finance-Re-0a267-port-and-the-task-inspector-chromium\error-context.md

    attachment #2: trace (application/zip) ─────────────────────────────────────────────────────────
    test-results\phase16-support-finance-Re-0a267-port-and-the-task-inspector-chromium\trace.zip
    Usage:

        npx playwright show-trace test-results\phase16-support-finance-Re-0a267-port-and-the-task-inspector-chromium\trace.zip

    ────────────────────────────────────────────────────────────────────────────────────────────────




[1A[2K(node:25680) Warning: The 'NO_COLOR' env is ignored due to the 'FORCE_COLOR' env being set.
(Use `node --trace-warnings ...` to show where the warning was created)

[1A[2K(node:25680) Warning: The 'NO_COLOR' env is ignored due to the 'FORCE_COLOR' env being set.

(Use `node --trace-warnings ...` to show where the warning was created)
[1A[2K[12/15] [chromium] › tests\e2e\phase16-support-finance.spec.ts:346:1 › Backup preflight stays unavailable without gateway configuration
[1A[2K[13/15] [chromium] › tests\e2e\phase16-support-finance.spec.ts:362:1 › Late-package Head authorization stays separate from independent Accounting settlement
[1A[2K  4) [chromium] › tests\e2e\phase16-support-finance.spec.ts:362:1 › Late-package Head authorization stays separate from independent Accounting settlement 

    [31mTest timeout of 45000ms exceeded.[39m

    Error: locator.click: Test timeout of 45000ms exceeded.
    Call log:
    [2m  - waiting for getByRole('button', { name: 'Approve late liquidation', exact: true })[22m


      363 |  const {state}=await phase16FinancialFixture(page,'head'); state.liquidations[0].department_decided_at='';
      364 |  await page.goto('/office-budget?page=Office%20Budget&view=approvals&fy=2026');
    > 365 |  await page.getByRole('button',{name:'Approve late liquidation',exact:true}).click();
          |                                                                              ^
      366 |  const review=page.getByRole('alertdialog');await expect(review).toContainText('This does not settle the advance');await review.getByRole('button',{name:'Authorize package',exact:true}).click();
      367 |  await expect.poll(()=>state.writes.filter(write=>write.rpc==='decide_petty_cash_liquidation').length).toBe(1);expect(state.requests[0].status).toBe('pending_department_settlement');
      368 |  const accountingContext=await browser.newContext();const accountingPage=await accountingContext.newPage();
        at C:\Users\james\projects\eflow-e-Governance-Project\tests\e2e\phase16-support-finance.spec.ts:365:78

    Error Context: test-results\phase16-support-finance-La-3f9cd-ndent-Accounting-settlement-chromium\error-context.md

    attachment #2: trace (application/zip) ─────────────────────────────────────────────────────────
    test-results\phase16-support-finance-La-3f9cd-ndent-Accounting-settlement-chromium\trace.zip
    Usage:

        npx playwright show-trace test-results\phase16-support-finance-La-3f9cd-ndent-Accounting-settlement-chromium\trace.zip

    ────────────────────────────────────────────────────────────────────────────────────────────────



[1A[2K(node:42232) Warning: The 'NO_COLOR' env is ignored due to the 'FORCE_COLOR' env being set.
(Use `node --trace-warnings ...` to show where the warning was created)

[1A[2K(node:42232) Warning: The 'NO_COLOR' env is ignored due to the 'FORCE_COLOR' env being set.
(Use `node --trace-warnings ...` to show where the warning was created)


[1A[2K[14/15] [chromium] › tests\e2e\phase16-support-finance.spec.ts:372:1 › Accounting retains ordinary Member workspaces, requires an Office and cannot settle its own cash
[1A[2K[15/15] [chromium] › tests\e2e\phase16-support-finance.spec.ts:379:1 › Backup uncertain start verifies the job list and a failed job permits an explicit new attempt
[1A[2K  5) [chromium] › tests\e2e\phase16-support-finance.spec.ts:379:1 › Backup uncertain start verifies the job list and a failed job permits an explicit new attempt 

    [31mTest timeout of 45000ms exceeded.[39m

    Error: locator.click: Test timeout of 45000ms exceeded.
    Call log:
    [2m  - waiting for getByRole('button', { name: 'Create safe backup', exact: true })[22m
    [2m    - locator resolved to <button type="button" tabindex="-1" aria-busy="false" data-vibe="Button" data-testid="button" aria-disabled="true" class="eflow-workflow-button w-full justify-center py-2.5 button_0229b1bbff sizeMedium_b0d9db056c kindPrimary_ee6dfbc18e colorPrimary_69f214f613 disabled_4686db1b99">…</button>[22m
    [2m  - attempting click action[22m
    [2m    2 × waiting for element to be visible, enabled and stable[22m
    [2m      - element is not enabled[22m
    [2m    - retrying click action[22m
    [2m    - waiting 20ms[22m
    [2m    2 × waiting for element to be visible, enabled and stable[22m
    [2m      - element is not enabled[22m
    [2m    - retrying click action[22m
    [2m      - waiting 100ms[22m
    [2m    76 × waiting for element to be visible, enabled and stable[22m
    [2m       - element is not enabled[22m
    [2m     - retrying click action[22m
    [2m       - waiting 500ms[22m


      386 |  });
      387 |  await page.goto('/users?page=Backup%20%26%20Export');
    > 388 |  const prepare=async()=>{await page.getByPlaceholder('BACK UP EFLOW',{exact:true}).fill('BACK UP EFLOW');await page.getByPlaceholder('Required immediately before export',{exact:true}).fill('synthetic-password');};await prepare();await page.getByRole('button',{name:'Create safe backup',exact:true}).click();await expect(page.getByRole('button',{name:'Verify backup outcome',exact:true})).toBeVisible();await expect(page.getByRole('button',{name:'Create safe backup',exact:true})).toBeDisabled();expect(starts).toBe(1);
          |                                                                                                                                                                                                                                                                                                            ^
      389 |  verified=true;await page.getByRole('button',{name:'Verify backup outcome',exact:true}).click();await expect(page.getByText(/Matching backup job backup-attempt-16 found/)).toBeVisible();await expect(page.getByText('Synthetic archive packaging failure',{exact:true})).toBeVisible();await prepare();await page.getByRole('button',{name:'Create safe backup',exact:true}).click();await expect(page.getByText(/Backup job backup-retry-16 accepted/)).toBeVisible();expect(starts).toBe(2);await page.screenshot({path:info.outputPath('backup-receipts.png')});
      390 | });
      391 |
        at C:\Users\james\projects\eflow-e-Governance-Project\tests\e2e\phase16-support-finance.spec.ts:388:300

    Error Context: test-results\phase16-support-finance-Ba-aef63-its-an-explicit-new-attempt-chromium\error-context.md

    attachment #2: trace (application/zip) ─────────────────────────────────────────────────────────
    test-results\phase16-support-finance-Ba-aef63-its-an-explicit-new-attempt-chromium\trace.zip
    Usage:

        npx playwright show-trace test-results\phase16-support-finance-Ba-aef63-its-an-explicit-new-attempt-chromium\trace.zip

    ────────────────────────────────────────────────────────────────────────────────────────────────


[1A[2K  5 failed
    [chromium] › tests\e2e\admin-unification.spec.ts:11:3 › super_admin sessions expose the unified Admin management surfaces 
    [chromium] › tests\e2e\admin-unification.spec.ts:11:3 › admin sessions expose the unified Admin management surfaces 
    [chromium] › tests\e2e\phase16-support-finance.spec.ts:313:1 › Reports retain seven lenses, filtered CSV export and the task inspector 
    [chromium] › tests\e2e\phase16-support-finance.spec.ts:362:1 › Late-package Head authorization stays separate from independent Accounting settlement 
    [chromium] › tests\e2e\phase16-support-finance.spec.ts:379:1 › Backup uncertain start verifies the job list and a failed job permits an explicit new attempt 
  10 passed (3.1m)
