warning: in the working copy of '.env.example', LF will be replaced by CRLF the next time Git touches it
warning: in the working copy of 'package.json', LF will be replaced by CRLF the next time Git touches it
warning: in the working copy of 'server/invitations/service.py', LF will be replaced by CRLF the next time Git touches it
warning: in the working copy of 'server/routers/invitations.py', LF will be replaced by CRLF the next time Git touches it
warning: in the working copy of 'src/app/components/SuperAdmin/SystemSettings.tsx', LF will be replaced by CRLF the next time Git touches it
warning: in the working copy of 'src/app/components/ui/DataTable.tsx', LF will be replaced by CRLF the next time Git touches it
warning: in the working copy of 'src/app/components/ui/FormField.tsx', LF will be replaced by CRLF the next time Git touches it
warning: in the working copy of 'src/app/components/ui/Modal.tsx', LF will be replaced by CRLF the next time Git touches it
warning: in the working copy of 'src/app/components/ui/NotificationBell.tsx', LF will be replaced by CRLF the next time Git touches it
warning: in the working copy of 'src/app/components/ui/Toast.tsx', LF will be replaced by CRLF the next time Git touches it
warning: in the working copy of 'src/app/components/ui/workspace/InlineEditableText.tsx', LF will be replaced by CRLF the next time Git touches it
warning: in the working copy of 'src/app/components/workflow/ReportsWorkspace.tsx', LF will be replaced by CRLF the next time Git touches it
warning: in the working copy of 'src/app/contexts/AuthContext.tsx', LF will be replaced by CRLF the next time Git touches it
warning: in the working copy of 'src/app/features/administration/components/data-tools/BackupExportWorkspace.tsx', LF will be replaced by CRLF the next time Git touches it
warning: in the working copy of 'src/app/features/administration/components/user-management/CreateUserModal.tsx', LF will be replaced by CRLF the next time Git touches it
warning: in the working copy of 'src/app/features/administration/components/user-management/EditUserModal.tsx', LF will be replaced by CRLF the next time Git touches it
warning: in the working copy of 'src/app/features/administration/components/user-management/UserManagement.tsx', LF will be replaced by CRLF the next time Git touches it
warning: in the working copy of 'src/app/features/administration/components/user-management/UsersTab.tsx', LF will be replaced by CRLF the next time Git touches it
warning: in the working copy of 'src/app/features/app-shell/EflowAppShell.tsx', LF will be replaced by CRLF the next time Git touches it
warning: in the working copy of 'src/app/features/app-shell/components/EflowTopBar.tsx', LF will be replaced by CRLF the next time Git touches it
warning: in the working copy of 'src/app/features/audit/components/AdminAuditLog.tsx', LF will be replaced by CRLF the next time Git touches it
warning: in the working copy of 'src/app/features/audit/components/AuditDetailDrawer.tsx', LF will be replaced by CRLF the next time Git touches it
warning: in the working copy of 'src/app/features/audit/presentation.ts', LF will be replaced by CRLF the next time Git touches it
warning: in the working copy of 'src/app/features/budget/components/AccountingSettlementQueue.tsx', LF will be replaced by CRLF the next time Git touches it
warning: in the working copy of 'src/app/features/budget/components/AccountingStaffWorkspace.tsx', LF will be replaced by CRLF the next time Git touches it
warning: in the working copy of 'src/app/features/budget/components/AnnualBudgetSetup.tsx', LF will be replaced by CRLF the next time Git touches it
warning: in the working copy of 'src/app/features/budget/components/BudgetApprovalQueue.tsx', LF will be replaced by CRLF the next time Git touches it
warning: in the working copy of 'src/app/features/budget/components/BudgetReleasesPanel.tsx', LF will be replaced by CRLF the next time Git touches it
warning: in the working copy of 'src/app/features/budget/components/CashReleaseOverrideDialog.tsx', LF will be replaced by CRLF the next time Git touches it
warning: in the working copy of 'src/app/features/budget/components/DisbursementVoucherDialog.tsx', LF will be replaced by CRLF the next time Git touches it
warning: in the working copy of 'src/app/features/budget/components/LockedBudgetControls.tsx', LF will be replaced by CRLF the next time Git touches it
warning: in the working copy of 'src/app/features/budget/components/OfficeBudgetWorkspace.tsx', LF will be replaced by CRLF the next time Git touches it
warning: in the working copy of 'src/app/features/budget/hooks/useDepartmentBudget.ts', LF will be replaced by CRLF the next time Git touches it
warning: in the working copy of 'src/app/features/budget/hooks/useGeneralJournal.ts', LF will be replaced by CRLF the next time Git touches it
warning: in the working copy of 'src/app/features/budget/index.ts', LF will be replaced by CRLF the next time Git touches it
warning: in the working copy of 'src/app/features/chat-calls/components/ChatListDrawer.tsx', LF will be replaced by CRLF the next time Git touches it
warning: in the working copy of 'src/app/features/invitations/components/AcceptInvitationPage.tsx', LF will be replaced by CRLF the next time Git touches it
warning: in the working copy of 'src/app/features/invitations/types.ts', LF will be replaced by CRLF the next time Git touches it
warning: in the working copy of 'src/app/features/navigation/RoleContent.tsx', LF will be replaced by CRLF the next time Git touches it
warning: in the working copy of 'src/app/features/navigation/index.ts', LF will be replaced by CRLF the next time Git touches it
warning: in the working copy of 'src/app/features/navigation/navigationUrl.ts', LF will be replaced by CRLF the next time Git touches it
warning: in the working copy of 'src/app/features/navigation/sidebarContent.tsx', LF will be replaced by CRLF the next time Git touches it
warning: in the working copy of 'src/app/features/navigation/useRoleNavigationState.ts', LF will be replaced by CRLF the next time Git touches it
warning: in the working copy of 'src/app/features/organization/components/org-tree/AssignHeadModal.tsx', LF will be replaced by CRLF the next time Git touches it
warning: in the working copy of 'src/app/features/organization/components/org-tree/OrgModal.tsx', LF will be replaced by CRLF the next time Git touches it
warning: in the working copy of 'src/app/features/organization/components/org-tree/OrgTreeBuilder.tsx', LF will be replaced by CRLF the next time Git touches it
warning: in the working copy of 'src/app/features/permissions/components/OrganizationScopePanel.tsx', LF will be replaced by CRLF the next time Git touches it
warning: in the working copy of 'src/app/features/permissions/components/RoleDefaultsTab.tsx', LF will be replaced by CRLF the next time Git touches it
warning: in the working copy of 'src/app/features/permissions/components/UserAccessTab.tsx', LF will be replaced by CRLF the next time Git touches it
warning: in the working copy of 'src/app/features/project-import/services/projectImportService.ts', LF will be replaced by CRLF the next time Git touches it
warning: in the working copy of 'src/app/features/project-offices/components/InviteOfficeDialog.tsx', LF will be replaced by CRLF the next time Git touches it
warning: in the working copy of 'src/app/features/project-offices/index.ts', LF will be replaced by CRLF the next time Git touches it
warning: in the working copy of 'src/app/features/project-table/components/CreateProjectDialog.tsx', LF will be replaced by CRLF the next time Git touches it
warning: in the working copy of 'src/app/features/project-table/components/InlineCreateRow.tsx', LF will be replaced by CRLF the next time Git touches it
warning: in the working copy of 'src/app/features/project-table/selectors.ts', LF will be replaced by CRLF the next time Git touches it
warning: in the working copy of 'src/app/features/projects/components/ProjectArchiveDialog.tsx', LF will be replaced by CRLF the next time Git touches it
warning: in the working copy of 'src/app/features/projects/components/ProjectCompleteDialog.tsx', LF will be replaced by CRLF the next time Git touches it
warning: in the working copy of 'src/app/features/projects/components/ProjectContextSidebar.tsx', LF will be replaced by CRLF the next time Git touches it
warning: in the working copy of 'src/app/features/projects/components/ProjectDeleteDialog.tsx', LF will be replaced by CRLF the next time Git touches it
warning: in the working copy of 'src/app/features/projects/components/project-command/ProjectHeader.tsx', LF will be replaced by CRLF the next time Git touches it
warning: in the working copy of 'src/app/features/projects/components/project-command/ProjectViewMenus.tsx', LF will be replaced by CRLF the next time Git touches it
warning: in the working copy of 'src/app/features/projects/components/project-command/ProjectViewTabBar.tsx', LF will be replaced by CRLF the next time Git touches it
warning: in the working copy of 'src/app/features/projects/components/project-command/projectViewCatalog.ts', LF will be replaced by CRLF the next time Git touches it
warning: in the working copy of 'src/app/features/projects/components/project-command/types.ts', LF will be replaced by CRLF the next time Git touches it
warning: in the working copy of 'src/app/features/projects/hooks/useProjectCommandData.ts', LF will be replaced by CRLF the next time Git touches it
warning: in the working copy of 'src/app/features/reports/components/HeadReportsWorkspace.tsx', LF will be replaced by CRLF the next time Git touches it
warning: in the working copy of 'src/app/features/role-accounting/AccountingStaffContent.tsx', LF will be replaced by CRLF the next time Git touches it
warning: in the working copy of 'src/app/features/settings/components/ProfileSettingsPage.tsx', LF will be replaced by CRLF the next time Git touches it
warning: in the working copy of 'src/app/features/settings/components/SecuritySettingsPage.tsx', LF will be replaced by CRLF the next time Git touches it
warning: in the working copy of 'src/app/features/settings/components/SettingsContent.tsx', LF will be replaced by CRLF the next time Git touches it
warning: in the working copy of 'src/app/features/tasks/services/taskMapper.ts', LF will be replaced by CRLF the next time Git touches it
warning: in the working copy of 'src/app/features/tasks/taskTypes.ts', LF will be replaced by CRLF the next time Git touches it
warning: in the working copy of 'src/app/features/team-management/hooks/useDepartmentTeamAnalytics.ts', LF will be replaced by CRLF the next time Git touches it
warning: in the working copy of 'src/app/shared/vibe/EflowVibeProvider.tsx', LF will be replaced by CRLF the next time Git touches it
warning: in the working copy of 'tests/e2e/admin-mobile-dialogs.spec.ts', LF will be replaced by CRLF the next time Git touches it
warning: in the working copy of 'tests/e2e/admin-unification.spec.ts', LF will be replaced by CRLF the next time Git touches it
warning: in the working copy of 'tests/e2e/navigation.spec.ts', LF will be replaced by CRLF the next time Git touches it
warning: in the working copy of 'tests/e2e/phase1-authority.spec.ts', LF will be replaced by CRLF the next time Git touches it
warning: in the working copy of 'tests/e2e/phase2-invitations.spec.ts', LF will be replaced by CRLF the next time Git touches it
warning: in the working copy of 'tests/e2e/project-workspace-controls.spec.ts', LF will be replaced by CRLF the next time Git touches it
warning: in the working copy of 'tests/unit/accountingSettlementAuthority.test.tsx', LF will be replaced by CRLF the next time Git touches it
warning: in the working copy of 'tests/unit/inlineCreateRow.test.tsx', LF will be replaced by CRLF the next time Git touches it
warning: in the working copy of 'tests/unit/navigationUrl.test.ts', LF will be replaced by CRLF the next time Git touches it
warning: in the working copy of 'tests/unit/phase02AppShell.test.tsx', LF will be replaced by CRLF the next time Git touches it
warning: in the working copy of 'tests/unit/phase02MobileNavigation.test.tsx', LF will be replaced by CRLF the next time Git touches it
warning: in the working copy of 'tests/unit/phase04TaskBoardPresentation.test.ts', LF will be replaced by CRLF the next time Git touches it
warning: in the working copy of 'tests/unit/projectLifecycle.test.tsx', LF will be replaced by CRLF the next time Git touches it
warning: in the working copy of 'tests/unit/projectTable.test.ts', LF will be replaced by CRLF the next time Git touches it
warning: in the working copy of 'tests/unit/projectViewNavigation.test.tsx', LF will be replaced by CRLF the next time Git touches it
warning: in the working copy of 'tests/unit/vibeFoundation.test.tsx', LF will be replaced by CRLF the next time Git touches it
