
Running 153 tests using 2 workers

(node:15864) Warning: The 'NO_COLOR' env is ignored due to the 'FORCE_COLOR' env being set.
(Use `node --trace-warnings ...` to show where the warning was created)
(node:39664) Warning: The 'NO_COLOR' env is ignored due to the 'FORCE_COLOR' env being set.
(Use `node --trace-warnings ...` to show where the warning was created)
(node:15864) Warning: The 'NO_COLOR' env is ignored due to the 'FORCE_COLOR' env being set.
(Use `node --trace-warnings ...` to show where the warning was created)
(node:39664) Warning: The 'NO_COLOR' env is ignored due to the 'FORCE_COLOR' env being set.
(Use `node --trace-warnings ...` to show where the warning was created)
  ok   2 [chromium] › tests\e2e\admin-unification.spec.ts:11:3 › super_admin sessions expose the unified Admin management surfaces (10.0s)
  ok   1 [chromium] › tests\e2e\navigation-v2.spec.ts:10:75 › head retains its landing and authorized destinations through global/context navigation (10.1s)
  ok   4 [chromium] › tests\e2e\navigation-v2.spec.ts:10:75 › member retains its landing and authorized destinations through global/context navigation (8.3s)
  ok   3 [chromium] › tests\e2e\admin-unification.spec.ts:11:3 › admin sessions expose the unified Admin management surfaces (9.7s)
  ok   5 [chromium] › tests\e2e\navigation-v2.spec.ts:10:75 › accounting_staff retains its landing and authorized destinations through global/context navigation (8.1s)
  ok   7 [chromium] › tests\e2e\navigation-v2.spec.ts:10:75 › admin retains its landing and authorized destinations through global/context navigation (7.3s)
  x    6 [chromium] › tests\e2e\phase1-authority.spec.ts:38:3 › admin has canonical navigation and an intact workspace (10.1s)
(node:43876) Warning: The 'NO_COLOR' env is ignored due to the 'FORCE_COLOR' env being set.
(Use `node --trace-warnings ...` to show where the warning was created)
(node:43876) Warning: The 'NO_COLOR' env is ignored due to the 'FORCE_COLOR' env being set.
(Use `node --trace-warnings ...` to show where the warning was created)
  ok   9 [chromium] › tests\e2e\phase1-authority.spec.ts:38:3 › head has canonical navigation and an intact workspace (4.7s)
  x   10 [chromium] › tests\e2e\phase1-authority.spec.ts:38:3 › member has canonical navigation and an intact workspace (5.0s)
(node:41472) Warning: The 'NO_COLOR' env is ignored due to the 'FORCE_COLOR' env being set.
(Use `node --trace-warnings ...` to show where the warning was created)
  x    8 [chromium] › tests\e2e\navigation-v2.spec.ts:35:1 › individual support grants reach the named screen and denied routes load no audit records (13.5s)
(node:41472) Warning: The 'NO_COLOR' env is ignored due to the 'FORCE_COLOR' env being set.
(Use `node --trace-warnings ...` to show where the warning was created)
(node:27428) Warning: The 'NO_COLOR' env is ignored due to the 'FORCE_COLOR' env being set.
(Use `node --trace-warnings ...` to show where the warning was created)
(node:27428) Warning: The 'NO_COLOR' env is ignored due to the 'FORCE_COLOR' env being set.
(Use `node --trace-warnings ...` to show where the warning was created)
  ok  11 [chromium] › tests\e2e\phase1-authority.spec.ts:38:3 › accounting_staff has canonical navigation and an intact workspace (5.0s)
  ok  12 [chromium] › tests\e2e\navigation-v2.spec.ts:49:1 › search and favorites retain a shared inter-Office observer project without offering creation (7.4s)
  ok  13 [chromium] › tests\e2e\phase13-personal-work.spec.ts:10:66 › head discovers personal work and keeps legacy task and subtask URLs (6.2s)
  ok  15 [chromium] › tests\e2e\phase13-personal-work.spec.ts:10:66 › member discovers personal work and keeps legacy task and subtask URLs (5.9s)
  ok  14 [chromium] › tests\e2e\navigation-v2.spec.ts:67:1 › creation menu uses existing handlers, retains failed drafts and discards only after confirmation (8.0s)
  ok  16 [chromium] › tests\e2e\phase13-personal-work.spec.ts:10:66 › accounting_staff discovers personal work and keeps legacy task and subtask URLs (5.9s)
  ok  17 [chromium] › tests\e2e\navigation-v2.spec.ts:91:1 › dirty Security editor keeps navigation and browser history until explicit discard (7.3s)
  ok  18 [chromium] › tests\e2e\phase13-personal-work.spec.ts:23:1 › mobile personal inspector retains dirty discussion and returns focus (6.8s)
  ok  20 [chromium] › tests\e2e\phase13-personal-work.spec.ts:30:1 › My Work read failure is retryable and never a clear queue (4.3s)
  ok  21 [chromium] › tests\e2e\phase13-personal-work.spec.ts:36:1 › Inbox keeps independent task and subtask discovery and exposes partial source denial (4.8s)
  x   19 [chromium] › tests\e2e\navigation-v2.spec.ts:111:1 › failed inline task remains intact when shell navigation is canceled and logout clears local navigation preferences (11.7s)
(node:41668) Warning: The 'NO_COLOR' env is ignored due to the 'FORCE_COLOR' env being set.
(Use `node --trace-warnings ...` to show where the warning was created)
  ok  22 [chromium] › tests\e2e\phase13-personal-work.spec.ts:45:1 › recent Updates verify read writes, retain denied read state and explain missing targets at 390px (5.1s)
(node:41668) Warning: The 'NO_COLOR' env is ignored due to the 'FORCE_COLOR' env being set.
(Use `node --trace-warnings ...` to show where the warning was created)
  ok  23 [chromium] › tests\e2e\phase13-personal-work.spec.ts:56:1 › Admin Inbox does not acquire task, financial or review authority (4.4s)
  ok  24 [chromium] › tests\e2e\navigation-v2.spec.ts:127:1 › unassigned Office and zero projects remain usable without exposing stale context (5.4s)
  ok  25 [chromium] › tests\e2e\phase13-personal-work.spec.ts:61:1 › subtask discovery delegates a stable identity and guards review feedback across navigation (6.3s)
  ok  26 [chromium] › tests\e2e\navigation-v2.spec.ts:140:40 › responsive navigation, project context and utilities at 1440px (5.8s)
  ok  27 [chromium] › tests\e2e\phase13-personal-work.spec.ts:74:1 › Inbox update opening respects a revoked navigation grant (4.7s)
  ok  28 [chromium] › tests\e2e\navigation-v2.spec.ts:140:40 › responsive navigation, project context and utilities at 768px (6.5s)
  ok  29 [chromium] › tests\e2e\phase13-personal-work.spec.ts:80:1 › Accounting updates retain both personal task and financial destinations (4.6s)
  ok  31 [chromium] › tests\e2e\phase13-personal-work.spec.ts:86:1 › personal inspector returns to search when its originating row disappears (4.3s)
  ok  30 [chromium] › tests\e2e\navigation-v2.spec.ts:140:40 › responsive navigation, project context and utilities at 390px (7.1s)
  ok  32 [chromium] › tests\e2e\phase2-invitations.spec.ts:44:1 › Head invite dialog follows the split reference and supports keyboard dismissal (6.6s)
  ok  33 [chromium] › tests\e2e\navigation-v2.spec.ts:140:40 › responsive navigation, project context and utilities at 320px (6.9s)
  ok  34 [chromium] › tests\e2e\phase2-invitations.spec.ts:63:1 › Member welcome persists skipped status and remains available from Help (6.0s)
  ok  36 [chromium] › tests\e2e\phase2-invitations.spec.ts:74:34 › Invited account screen at 1440px preserves locked Office and role (1.2s)
  ok  37 [chromium] › tests\e2e\phase2-invitations.spec.ts:74:34 › Invited account screen at 390px preserves locked Office and role (1.2s)
  ok  35 [chromium] › tests\e2e\phase3-project-table.spec.ts:4:1 › Head table keeps first-column task actions, task edits and inline subitems (8.6s)
  ok  39 [chromium] › tests\e2e\phase3-project-table.spec.ts:45:1 › Member table protects structure and keeps detail access at 390px (5.2s)
  ok  38 [chromium] › tests\e2e\phase5-project-import.spec.ts:26:1 › Phase 5 shows a spacious editable hierarchy and imports only after confirmation with safe retry (10.1s)
  ok  40 [chromium] › tests\e2e\phase3-project-table.spec.ts:62:1 › Inline tasks save on blur, keep adding with Shift+Enter, and retain failed drafts (8.1s)
  ok  41 [chromium] › tests\e2e\phase5-project-import.spec.ts:75:1 › Phase 5 mobile review fills the screen and scrolls inside its table (6.4s)
  ok  43 [chromium] › tests\e2e\phase5-project-import.spec.ts:91:1 › Phase 5 extracts readable PDF project text before generating a draft (6.2s)
  ok  42 [chromium] › tests\e2e\phase6-project-offices.spec.ts:5:1 › Lead invites an Office and hands over responsibility without assigning its staff (9.1s)
  ok  44 [chromium] › tests\e2e\phase7-readiness-staffing.spec.ts:18:1 › Head confirms readiness; desktop and mobile retain readable checks and closeout blockers (7.0s)
  ok  45 [chromium] › tests\e2e\phase6-project-offices.spec.ts:46:1 › Collaborating Head sees a roomy own-Office member picker and only edits its own tasks (7.3s)
  ok  47 [chromium] › tests\e2e\phase6-project-offices.spec.ts:72:1 › Observer opens the project without editable owners or task planning (6.4s)
  ok  46 [chromium] › tests\e2e\phase7-readiness-staffing.spec.ts:35:1 › Staffing is advisory until Head confirmation; roomy dialog supports keyboard selection and mobile footer (8.9s)
  ok  49 [chromium] › tests\e2e\phase7-readiness-staffing.spec.ts:59:1 › Member reads readiness without Head review, activation or staffing controls (5.9s)
  ok  48 [chromium] › tests\e2e\project-workspace-controls.spec.ts:19:1 › Project actions open visible menus and dialogs, and the board returns to the filtered table (10.6s)
(node:24528) Warning: The 'NO_COLOR' env is ignored due to the 'FORCE_COLOR' env being set.
(Use `node --trace-warnings ...` to show where the warning was created)
(node:24528) Warning: The 'NO_COLOR' env is ignored due to the 'FORCE_COLOR' env being set.
(Use `node --trace-warnings ...` to show where the warning was created)
  ok  50 [chromium] › tests\e2e\project-workspace-controls.spec.ts:73:1 › View picker, board return and first-column task actions remain reachable at 390px (7.6s)
  ok  52 [chromium] › tests\e2e\project-workspace-controls.spec.ts:104:1 › Overflow views stay selectable and closable outside the mobile tab scroller (10.0s)
  ok  51 [firefox] › tests\e2e\admin-unification.spec.ts:11:3 › super_admin sessions expose the unified Admin management surfaces (17.7s)
  ok  53 [firefox] › tests\e2e\admin-unification.spec.ts:11:3 › admin sessions expose the unified Admin management surfaces (13.5s)
(node:38552) Warning: The 'NO_COLOR' env is ignored due to the 'FORCE_COLOR' env being set.
(Use `node --trace-warnings ...` to show where the warning was created)
(node:38552) Warning: The 'NO_COLOR' env is ignored due to the 'FORCE_COLOR' env being set.
(Use `node --trace-warnings ...` to show where the warning was created)
  ok  55 [firefox] › tests\e2e\navigation-v2.spec.ts:10:75 › head retains its landing and authorized destinations through global/context navigation (16.6s)
  x   54 [firefox] › tests\e2e\phase1-authority.spec.ts:38:3 › admin has canonical navigation and an intact workspace (14.4s)
(node:28340) Warning: The 'NO_COLOR' env is ignored due to the 'FORCE_COLOR' env being set.
(Use `node --trace-warnings ...` to show where the warning was created)
(node:28340) Warning: The 'NO_COLOR' env is ignored due to the 'FORCE_COLOR' env being set.
(Use `node --trace-warnings ...` to show where the warning was created)
  ok  56 [firefox] › tests\e2e\navigation-v2.spec.ts:10:75 › member retains its landing and authorized destinations through global/context navigation (13.2s)
  ok  57 [firefox] › tests\e2e\phase1-authority.spec.ts:38:3 › head has canonical navigation and an intact workspace (8.8s)
  ok  58 [firefox] › tests\e2e\navigation-v2.spec.ts:10:75 › accounting_staff retains its landing and authorized destinations through global/context navigation (12.8s)
  ok  60 [firefox] › tests\e2e\navigation-v2.spec.ts:10:75 › admin retains its landing and authorized destinations through global/context navigation (10.8s)
  x   59 [firefox] › tests\e2e\phase1-authority.spec.ts:38:3 › member has canonical navigation and an intact workspace (8.4s)
(node:3680) Warning: The 'NO_COLOR' env is ignored due to the 'FORCE_COLOR' env being set.
(Use `node --trace-warnings ...` to show where the warning was created)
(node:3680) Warning: The 'NO_COLOR' env is ignored due to the 'FORCE_COLOR' env being set.
(Use `node --trace-warnings ...` to show where the warning was created)
  ok  62 [firefox] › tests\e2e\phase1-authority.spec.ts:38:3 › accounting_staff has canonical navigation and an intact workspace (6.6s)
  x   61 [firefox] › tests\e2e\navigation-v2.spec.ts:35:1 › individual support grants reach the named screen and denied routes load no audit records (11.9s)
(node:32168) Warning: The 'NO_COLOR' env is ignored due to the 'FORCE_COLOR' env being set.
(Use `node --trace-warnings ...` to show where the warning was created)
(node:32168) Warning: The 'NO_COLOR' env is ignored due to the 'FORCE_COLOR' env being set.
(Use `node --trace-warnings ...` to show where the warning was created)
  ok  63 [firefox] › tests\e2e\phase13-personal-work.spec.ts:10:66 › head discovers personal work and keeps legacy task and subtask URLs (6.9s)
