
> @figma/my-make-file@0.0.1 test:e2e:release
> node scripts/run-web-release.mjs


Running 345 tests using 2 workers

(node:41728) Warning: The 'NO_COLOR' env is ignored due to the 'FORCE_COLOR' env being set.
(Use `node --trace-warnings ...` to show where the warning was created)
(node:18240) Warning: The 'NO_COLOR' env is ignored due to the 'FORCE_COLOR' env being set.
(Use `node --trace-warnings ...` to show where the warning was created)
(node:41728) Warning: The 'NO_COLOR' env is ignored due to the 'FORCE_COLOR' env being set.
(Use `node --trace-warnings ...` to show where the warning was created)
(node:18240) Warning: The 'NO_COLOR' env is ignored due to the 'FORCE_COLOR' env being set.
(Use `node --trace-warnings ...` to show where the warning was created)
  ok   2 [chromium] › tests\e2e\navigation-v2.spec.ts:10:75 › head retains its landing and authorized destinations through global/context navigation (6.3s)
  ok   1 [chromium] › tests\e2e\admin-unification.spec.ts:11:3 › super_admin sessions expose the unified Admin management surfaces (7.8s)
  ok   3 [chromium] › tests\e2e\navigation-v2.spec.ts:10:75 › member retains its landing and authorized destinations through global/context navigation (5.7s)
  ok   4 [chromium] › tests\e2e\admin-unification.spec.ts:11:3 › admin sessions expose the unified Admin management surfaces (8.3s)
  ok   5 [chromium] › tests\e2e\navigation-v2.spec.ts:10:75 › accounting_staff retains its landing and authorized destinations through global/context navigation (5.4s)
  ok   6 [chromium] › tests\e2e\phase1-authority.spec.ts:38:3 › admin has canonical navigation and an intact workspace (3.8s)
  ok   7 [chromium] › tests\e2e\navigation-v2.spec.ts:10:75 › admin retains its landing and authorized destinations through global/context navigation (5.8s)
  ok   8 [chromium] › tests\e2e\phase1-authority.spec.ts:38:3 › head has canonical navigation and an intact workspace (3.5s)
  ok  10 [chromium] › tests\e2e\phase1-authority.spec.ts:38:3 › member has canonical navigation and an intact workspace (3.4s)
  ok   9 [chromium] › tests\e2e\navigation-v2.spec.ts:35:1 › individual support grants reach the named screen and denied routes load no audit records (4.9s)
  ok  11 [chromium] › tests\e2e\phase1-authority.spec.ts:38:3 › accounting_staff has canonical navigation and an intact workspace (2.9s)
  ok  12 [chromium] › tests\e2e\navigation-v2.spec.ts:49:1 › search and favorites retain a shared inter-Office observer project without offering creation (7.7s)
  ok  13 [chromium] › tests\e2e\phase10-project-workspace.spec.ts:9:1 › project identity, settings retry, favorites and browser history use one project (6.8s)
  ok  14 [chromium] › tests\e2e\navigation-v2.spec.ts:67:1 › creation menu uses existing handlers, retains failed drafts and discards only after confirmation (6.0s)
  ok  15 [chromium] › tests\e2e\phase10-project-workspace.spec.ts:38:1 › existing lifecycle dialogs retain notes, server denials and deletion impact (7.6s)
  ok  16 [chromium] › tests\e2e\navigation-v2.spec.ts:91:1 › dirty Security editor keeps navigation and browser history until explicit discard (5.9s)
  ok  17 [chromium] › tests\e2e\phase10-project-workspace.spec.ts:53:1 › Observer utilities stay read-only and sharing keeps current access requirements at 390px (4.7s)
  ok  18 [chromium] › tests\e2e\navigation-v2.spec.ts:111:1 › failed inline task remains intact when shell navigation is canceled and logout clears local navigation preferences (5.4s)
  ok  19 [chromium] › tests\e2e\phase10-project-workspace.spec.ts:63:1 › participant failure retries its source and long project identity stays within the viewport (5.8s)
  ok  20 [chromium] › tests\e2e\navigation-v2.spec.ts:127:1 › unassigned Office and zero projects remain usable without exposing stale context (4.3s)
  ok  21 [chromium] › tests\e2e\phase11-main-table.spec.ts:6:1 › column widths, alignment, visibility and sticky task context persist locally (7.4s)
  ok  22 [chromium] › tests\e2e\navigation-v2.spec.ts:140:40 › responsive navigation, project context and utilities at 1440px (5.1s)
  ok  24 [chromium] › tests\e2e\navigation-v2.spec.ts:140:40 › responsive navigation, project context and utilities at 768px (5.7s)
  ok  23 [chromium] › tests\e2e\phase11-main-table.spec.ts:18:1 › date and dependency drafts guard close and retain denied edits for scoped retry (8.4s)
  ok  25 [chromium] › tests\e2e\navigation-v2.spec.ts:140:40 › responsive navigation, project context and utilities at 390px (5.1s)
  ok  26 [chromium] › tests\e2e\phase11-main-table.spec.ts:27:1 › filter chips clear one or all without changing canonical manual ordering (4.5s)
  ok  27 [chromium] › tests\e2e\navigation-v2.spec.ts:140:40 › responsive navigation, project context and utilities at 320px (5.1s)
  ok  28 [chromium] › tests\e2e\phase11-main-table.spec.ts:35:1 › group creation guards its draft and empty deletion confirms impact and retries denial (7.7s)
  ok  30 [chromium] › tests\e2e\phase11-main-table.spec.ts:43:1 › task team entry reuses existing details and mobile sticky context leaves room for work (5.4s)
  ok  31 [chromium] › tests\e2e\phase11-main-table.spec.ts:48:1 › shared Task Lead team action explains the unresolved authority gate (5.2s)
  ok  29 [chromium] › tests\e2e\phase12-shared-inspector.spec.ts:9:1 › shared inspector keeps discussion drafts and returns focus to each view origin (16.8s)
  ok  32 [chromium] › tests\e2e\phase11-main-table.spec.ts:52:1 › Observer inspection and closed-project table retain read-only controls (5.8s)
  ok  33 [chromium] › tests\e2e\phase12-shared-inspector.spec.ts:31:1 › date range is consistent across views and personal after reload (5.6s)
  ok  35 [chromium] › tests\e2e\phase12-shared-inspector.spec.ts:43:1 › mobile observer inspector stays read only and traps and returns focus (4.6s)
  ok  34 [chromium] › tests\e2e\phase11-main-table.spec.ts:56:1 › Head owner appointment confirms impact and retains denied assignment for retry (6.9s)
  ok  36 [chromium] › tests\e2e\phase12-shared-inspector.spec.ts:56:1 › Board keyboard action prevents duplicate requests and recovers from denial (4.7s)
  ok  37 [chromium] › tests\e2e\phase11-main-table.spec.ts:62:1 › mobile planning picker and explicit creation keep fields inside the viewport (5.6s)
  ok  38 [chromium] › tests\e2e\phase12-shared-inspector.spec.ts:65:1 › shared Task Lead team mutations stay gated by G2 while details remain available (5.4s)
  ok  39 [chromium] › tests\e2e\phase13-personal-work.spec.ts:10:66 › head discovers personal work and keeps legacy task and subtask URLs (4.4s)
  ok  41 [chromium] › tests\e2e\phase13-personal-work.spec.ts:10:66 › member discovers personal work and keeps legacy task and subtask URLs (4.8s)
  ok  40 [chromium] › tests\e2e\phase12-shared-inspector.spec.ts:73:1 › review drafts stay protected and evidence loading denial has an explicit retry (7.8s)
  ok  42 [chromium] › tests\e2e\phase13-personal-work.spec.ts:10:66 › accounting_staff discovers personal work and keeps legacy task and subtask URLs (5.0s)
  ok  43 [chromium] › tests\e2e\phase12-shared-inspector.spec.ts:86:1 › removed canonical task closes mutation controls and explains unavailable access (4.8s)
  ok  44 [chromium] › tests\e2e\phase13-personal-work.spec.ts:23:1 › mobile personal inspector retains dirty discussion and returns focus (4.8s)
  ok  45 [chromium] › tests\e2e\phase12-shared-inspector.spec.ts:94:1 › successful inspector lifecycle change returns focus to the refreshed Board card (4.4s)
  ok  46 [chromium] › tests\e2e\phase13-personal-work.spec.ts:30:1 › My Work read failure is retryable and never a clear queue (4.1s)
  ok  48 [chromium] › tests\e2e\phase13-personal-work.spec.ts:36:1 › Inbox keeps independent task and subtask discovery and exposes partial source denial (3.9s)
  ok  47 [chromium] › tests\e2e\phase12-shared-inspector.spec.ts:101:1 › mobile team dialog guards drafts and retains a denied member change (7.6s)
  ok  49 [chromium] › tests\e2e\phase13-personal-work.spec.ts:45:1 › recent Updates verify read writes, retain denied read state and explain missing targets at 390px (4.2s)
  ok  50 [chromium] › tests\e2e\phase14-people-collaboration.spec.ts:9:1 › Office Team lazy professional summary, keyboard focus return and narrow labeled rows (6.0s)
  ok  51 [chromium] › tests\e2e\phase13-personal-work.spec.ts:56:1 › Admin Inbox does not acquire task, financial or review authority (3.6s)
  ok  53 [chromium] › tests\e2e\phase13-personal-work.spec.ts:61:1 › subtask discovery delegates a stable identity and guards review feedback across navigation (6.0s)
  ok  52 [chromium] › tests\e2e\phase14-people-collaboration.spec.ts:23:1 › Partial invitations retain failed rows and delivery failure does not cause duplicate creation (7.1s)
  ok  54 [chromium] › tests\e2e\phase13-personal-work.spec.ts:74:1 › Inbox update opening respects a revoked navigation grant (3.7s)
  ok  55 [chromium] › tests\e2e\phase14-people-collaboration.spec.ts:42:1 › Office Team failure has retry and filter empty can clear without hiding invitations (4.5s)
  ok  56 [chromium] › tests\e2e\phase13-personal-work.spec.ts:80:1 › Accounting updates retain both personal task and financial destinations (4.2s)
  ok  58 [chromium] › tests\e2e\phase13-personal-work.spec.ts:86:1 › personal inspector returns to search when its originating row disappears (4.1s)
  ok  57 [chromium] › tests\e2e\phase14-people-collaboration.spec.ts:57:1 › Collaborating Head retains project selection on failure, guards dismissal and rechecks authority before retry (7.9s)
  ok  60 [chromium] › tests\e2e\phase14-people-collaboration.spec.ts:68:1 › Project team removal previews active work and opens the shared task inspector only after discard (6.0s)
  ok  59 [chromium] › tests\e2e\phase15-ai-governance.spec.ts:12:1 › Reviewed project sections preserve source and require one impact confirmation before creating work (7.2s)
  ok  61 [chromium] › tests\e2e\phase14-people-collaboration.spec.ts:73:1 › Failed project invitation delivery still creates one invitation and fresh-link copy failure has manual recovery (7.6s)
  ok  62 [chromium] › tests\e2e\phase15-ai-governance.spec.ts:22:1 › PDF work-plan review saves only its persistent draft, keeps failed autosave edits and retries saving (8.2s)
  ok  63 [chromium] › tests\e2e\phase14-people-collaboration.spec.ts:79:61 › Project Office observer retains read-only reasons and governance handoff (5.2s)
  ok  64 [chromium] › tests\e2e\phase15-ai-governance.spec.ts:33:1 › Task inspector staffing retains selection after eligibility denial and assigns only after reviewed fresh context (8.3s)
  ok  65 [chromium] › tests\e2e\phase14-people-collaboration.spec.ts:79:61 › Project Office closed retains read-only reasons and governance handoff (5.3s)
  ok  67 [chromium] › tests\e2e\phase14-people-collaboration.spec.ts:79:61 › Project Office governed retains read-only reasons and governance handoff (4.8s)
  ok  66 [chromium] › tests\e2e\phase15-ai-governance.spec.ts:39:1 › Owner PDS review retries extraction, retains failed profile edits and confirms the saved summary separately (6.8s)
  ok  69 [chromium] › tests\e2e\phase15-ai-governance.spec.ts:46:1 › Official readiness blockers link to Office and task views, and material changes refresh current checks (5.2s)
  ok  68 [chromium] › tests\e2e\phase14-people-collaboration.spec.ts:83:1 › Project Office read failure retries honestly and retains an inspector draft through refresh denial (6.3s)
  ok  70 [chromium] › tests\e2e\phase15-ai-governance.spec.ts:51:1 › Missing readiness deployment explains administrator recovery and governed projects retain Approval Status handoff (5.4s)
  ok  71 [chromium] › tests\e2e\phase16-support-finance.spec.ts:10:1 › Admin Center keeps legacy pages, account inspection and unsaved account edits (7.0s)
  ok  72 [chromium] › tests\e2e\phase17-safety.spec.ts:24:1 › live legacy board retains details through Keep editing and discards only on acceptance (6.4s)
  ok  73 [chromium] › tests\e2e\phase16-support-finance.spec.ts:65:1 › Account audit has bounded coverage, loaded filters, nested redaction and truthful unavailable reads on a phone (4.3s)
  ok  74 [chromium] › tests\e2e\phase17-safety.spec.ts:51:1 › typed deletion at 320px cancels without a write then sends exactly one confirmed write (5.4s)
  ok  75 [chromium] › tests\e2e\phase16-support-finance.spec.ts:135:1 › Accounting retains fiscal scope, exposes settlements, records one decision and inspects its balanced journal (6.5s)
  ok  76 [chromium] › tests\e2e\phase17-safety.spec.ts:93:1 › required task cancellation reason has no write on Escape and is sent once on acceptance (5.6s)
  ok  77 [chromium] › tests\e2e\phase16-support-finance.spec.ts:201:1 › Uncertain settlement keeps its reason and requires verification before resubmission (6.5s)
  ok  78 [chromium] › tests\e2e\phase17-safety.spec.ts:130:1 › lost deletion response exposes verification and prevents another write (4.9s)
  ok  79 [chromium] › tests\e2e\phase16-support-finance.spec.ts:238:1 › Journal correction has guarded lines, explicit posting and a retained uncertainty receipt on a phone (5.9s)
  ok  80 [chromium] › tests\e2e\phase18-preview.spec.ts:3:1 › production task-inspector chunk failure retains context and retries without a page reload (4.5s)
  ok  81 [chromium] › tests\e2e\phase16-support-finance.spec.ts:307:1 › Release handover uses its existing physical confirmation and blocks an uncertain repeat (4.4s)
  ok  83 [chromium] › tests\e2e\phase16-support-finance.spec.ts:338:1 › Reports retain seven lenses, filtered CSV export and the task inspector (5.9s)
  ok  84 [chromium] › tests\e2e\phase16-support-finance.spec.ts:399:1 › Backup preflight stays unavailable without gateway configuration (4.4s)
  ok  82 [chromium] › tests\e2e\phase18-release.spec.ts:54:3 › head: responsive canonical workspace and mobile navigation (16.2s)
  ok  85 [chromium] › tests\e2e\phase16-support-finance.spec.ts:415:1 › Late-package Head authorization stays separate from independent Accounting settlement (10.0s)
  ok  86 [chromium] › tests\e2e\phase18-release.spec.ts:54:3 › member: responsive canonical workspace and mobile navigation (11.4s)
  ok  87 [chromium] › tests\e2e\phase16-support-finance.spec.ts:461:1 › Accounting retains ordinary Member workspaces, requires an Office and cannot settle its own cash (4.7s)
  ok  89 [chromium] › tests\e2e\phase16-support-finance.spec.ts:487:1 › Backup uncertain start verifies the job list and a failed job permits an explicit new attempt (4.1s)
  ok  88 [chromium] › tests\e2e\phase18-release.spec.ts:54:3 › accounting_staff: responsive canonical workspace and mobile navigation (8.5s)
  ok  90 [chromium] › tests\e2e\phase18-surfaces.spec.ts:5:66 › Office Team: accessible responsive secondary workspace (6.7s)
  ok  91 [chromium] › tests\e2e\phase18-release.spec.ts:54:3 › admin: responsive canonical workspace and mobile navigation (7.8s)
  ok  92 [chromium] › tests\e2e\phase18-surfaces.spec.ts:5:66 › Reports: accessible responsive secondary workspace (7.5s)
  ok  93 [chromium] › tests\e2e\phase18-release.spec.ts:132:1 › task inspector remains usable across rotation, keyboard dismissal and zoom reflow (7.6s)
  ok  94 [chromium] › tests\e2e\phase18-surfaces.spec.ts:5:66 › Inbox: accessible responsive secondary workspace (6.2s)
  ok  95 [chromium] › tests\e2e\phase18-release.spec.ts:161:1 › empty projects have labeled creation and navigation (3.7s)
  ok  96 [chromium] › tests\e2e\phase2-invitations.spec.ts:44:1 › Head invite dialog follows the split reference and supports keyboard dismissal (4.9s)
  ok  97 [chromium] › tests\e2e\phase18-release.spec.ts:176:1 › dirty discussion survives rotation and forced colors, then restores its source focus (4.4s)
  ok  98 [chromium] › tests\e2e\phase2-invitations.spec.ts:63:1 › Member welcome persists skipped status and remains available from Help (4.4s)
  ok 100 [chromium] › tests\e2e\phase2-invitations.spec.ts:74:34 › Invited account screen at 1440px preserves locked Office and role (576ms)
  ok 101 [chromium] › tests\e2e\phase2-invitations.spec.ts:74:34 › Invited account screen at 390px preserves locked Office and role (710ms)
  ok  99 [chromium] › tests\e2e\phase3-project-table.spec.ts:4:1 › Head table keeps first-column task actions, task edits and inline subitems (6.9s)
  ok 102 [chromium] › tests\e2e\phase5-project-import.spec.ts:26:1 › Phase 5 shows a spacious editable hierarchy and imports only after confirmation with safe retry (7.2s)
  ok 103 [chromium] › tests\e2e\phase3-project-table.spec.ts:45:1 › Member table protects structure and keeps detail access at 390px (4.1s)
  ok 104 [chromium] › tests\e2e\phase5-project-import.spec.ts:75:1 › Phase 5 mobile review fills the screen and scrolls inside its table (4.5s)
  ok 105 [chromium] › tests\e2e\phase3-project-table.spec.ts:62:1 › Inline tasks save on blur, keep adding with Shift+Enter, and retain failed drafts (5.0s)
  ok 106 [chromium] › tests\e2e\phase5-project-import.spec.ts:91:1 › Phase 5 extracts readable PDF project text before generating a draft (4.3s)
  ok 107 [chromium] › tests\e2e\phase6-project-offices.spec.ts:5:1 › Lead invites an Office and hands over responsibility without assigning its staff (6.1s)
  ok 108 [chromium] › tests\e2e\phase7-readiness-staffing.spec.ts:18:1 › Head confirms readiness; desktop and mobile retain readable checks and closeout blockers (5.0s)
  ok 109 [chromium] › tests\e2e\phase6-project-offices.spec.ts:46:1 › Collaborating Head sees a roomy own-Office member picker and only edits its own tasks (4.5s)
  ok 110 [chromium] › tests\e2e\phase7-readiness-staffing.spec.ts:35:1 › Staffing is advisory until Head confirmation; roomy dialog supports keyboard selection and mobile footer (5.4s)
  ok 111 [chromium] › tests\e2e\phase6-project-offices.spec.ts:72:1 › Observer opens the project without editable owners or task planning (3.9s)
  ok 112 [chromium] › tests\e2e\phase7-readiness-staffing.spec.ts:59:1 › Member reads readiness without Head review, activation or staffing controls (3.4s)
(node:34172) Warning: The 'NO_COLOR' env is ignored due to the 'FORCE_COLOR' env being set.
(Use `node --trace-warnings ...` to show where the warning was created)
  ok 113 [chromium] › tests\e2e\project-workspace-controls.spec.ts:19:1 › Project actions open visible menus and dialogs, and the board returns to the filtered table (6.8s)
(node:34172) Warning: The 'NO_COLOR' env is ignored due to the 'FORCE_COLOR' env being set.
(Use `node --trace-warnings ...` to show where the warning was created)
  ok 114 [chromium] › tests\e2e\project-workspace-controls.spec.ts:73:1 › View picker, board return and first-column task actions remain reachable at 390px (5.4s)
  ok 116 [chromium] › tests\e2e\project-workspace-controls.spec.ts:104:1 › Overflow views stay selectable and closable outside the mobile tab scroller (7.3s)
  ok 115 [firefox] › tests\e2e\admin-unification.spec.ts:11:3 › super_admin sessions expose the unified Admin management surfaces (10.9s)
(node:27248) Warning: The 'NO_COLOR' env is ignored due to the 'FORCE_COLOR' env being set.
(Use `node --trace-warnings ...` to show where the warning was created)
(node:27248) Warning: The 'NO_COLOR' env is ignored due to the 'FORCE_COLOR' env being set.
(Use `node --trace-warnings ...` to show where the warning was created)
  ok 117 [firefox] › tests\e2e\admin-unification.spec.ts:11:3 › admin sessions expose the unified Admin management surfaces (9.8s)
  ok 118 [firefox] › tests\e2e\navigation-v2.spec.ts:10:75 › head retains its landing and authorized destinations through global/context navigation (10.5s)
  ok 119 [firefox] › tests\e2e\phase1-authority.spec.ts:38:3 › admin has canonical navigation and an intact workspace (6.0s)
  ok 121 [firefox] › tests\e2e\phase1-authority.spec.ts:38:3 › head has canonical navigation and an intact workspace (3.9s)
  ok 120 [firefox] › tests\e2e\navigation-v2.spec.ts:10:75 › member retains its landing and authorized destinations through global/context navigation (7.5s)
  ok 122 [firefox] › tests\e2e\phase1-authority.spec.ts:38:3 › member has canonical navigation and an intact workspace (3.6s)
  ok 124 [firefox] › tests\e2e\phase1-authority.spec.ts:38:3 › accounting_staff has canonical navigation and an intact workspace (3.4s)
  ok 123 [firefox] › tests\e2e\navigation-v2.spec.ts:10:75 › accounting_staff retains its landing and authorized destinations through global/context navigation (6.5s)
  ok 125 [firefox] › tests\e2e\phase10-project-workspace.spec.ts:9:1 › project identity, settings retry, favorites and browser history use one project (7.5s)
  ok 126 [firefox] › tests\e2e\navigation-v2.spec.ts:10:75 › admin retains its landing and authorized destinations through global/context navigation (6.7s)
  ok 128 [firefox] › tests\e2e\navigation-v2.spec.ts:35:1 › individual support grants reach the named screen and denied routes load no audit records (5.8s)
  ok 127 [firefox] › tests\e2e\phase10-project-workspace.spec.ts:38:1 › existing lifecycle dialogs retain notes, server denials and deletion impact (8.9s)
  ok 130 [firefox] › tests\e2e\phase10-project-workspace.spec.ts:53:1 › Observer utilities stay read-only and sharing keeps current access requirements at 390px (5.1s)
  ok 129 [firefox] › tests\e2e\navigation-v2.spec.ts:49:1 › search and favorites retain a shared inter-Office observer project without offering creation (6.5s)
  ok 131 [firefox] › tests\e2e\phase10-project-workspace.spec.ts:63:1 › participant failure retries its source and long project identity stays within the viewport (8.1s)
  ok 132 [firefox] › tests\e2e\navigation-v2.spec.ts:67:1 › creation menu uses existing handlers, retains failed drafts and discards only after confirmation (7.6s)
  ok 134 [firefox] › tests\e2e\navigation-v2.spec.ts:91:1 › dirty Security editor keeps navigation and browser history until explicit discard (6.3s)
  ok 133 [firefox] › tests\e2e\phase11-main-table.spec.ts:6:1 › column widths, alignment, visibility and sticky task context persist locally (8.1s)
  ok 135 [firefox] › tests\e2e\navigation-v2.spec.ts:111:1 › failed inline task remains intact when shell navigation is canceled and logout clears local navigation preferences (6.7s)
  ok 136 [firefox] › tests\e2e\phase11-main-table.spec.ts:18:1 › date and dependency drafts guard close and retain denied edits for scoped retry (9.5s)
  ok 137 [firefox] › tests\e2e\navigation-v2.spec.ts:127:1 › unassigned Office and zero projects remain usable without exposing stale context (4.9s)
  ok 138 [firefox] › tests\e2e\phase11-main-table.spec.ts:27:1 › filter chips clear one or all without changing canonical manual ordering (5.6s)
  ok 139 [firefox] › tests\e2e\navigation-v2.spec.ts:140:40 › responsive navigation, project context and utilities at 1440px (5.4s)
  ok 141 [firefox] › tests\e2e\navigation-v2.spec.ts:140:40 › responsive navigation, project context and utilities at 768px (6.1s)
  ok 140 [firefox] › tests\e2e\phase11-main-table.spec.ts:35:1 › group creation guards its draft and empty deletion confirms impact and retries denial (9.3s)
  ok 142 [firefox] › tests\e2e\navigation-v2.spec.ts:140:40 › responsive navigation, project context and utilities at 390px (5.9s)
  ok 143 [firefox] › tests\e2e\phase11-main-table.spec.ts:43:1 › task team entry reuses existing details and mobile sticky context leaves room for work (6.4s)
  ok 144 [firefox] › tests\e2e\navigation-v2.spec.ts:140:40 › responsive navigation, project context and utilities at 320px (5.9s)
  ok 145 [firefox] › tests\e2e\phase11-main-table.spec.ts:48:1 › shared Task Lead team action explains the unresolved authority gate (5.8s)
  ok 147 [firefox] › tests\e2e\phase11-main-table.spec.ts:52:1 › Observer inspection and closed-project table retain read-only controls (6.7s)
  ok 146 [firefox] › tests\e2e\phase12-shared-inspector.spec.ts:9:1 › shared inspector keeps discussion drafts and returns focus to each view origin (18.0s)
  ok 148 [firefox] › tests\e2e\phase11-main-table.spec.ts:56:1 › Head owner appointment confirms impact and retains denied assignment for retry (8.6s)
  ok 149 [firefox] › tests\e2e\phase12-shared-inspector.spec.ts:31:1 › date range is consistent across views and personal after reload (6.1s)
  ok 150 [firefox] › tests\e2e\phase11-main-table.spec.ts:62:1 › mobile planning picker and explicit creation keep fields inside the viewport (6.6s)
  ok 151 [firefox] › tests\e2e\phase12-shared-inspector.spec.ts:43:1 › mobile observer inspector stays read only and traps and returns focus (5.0s)
  ok 152 [firefox] › tests\e2e\phase13-personal-work.spec.ts:10:66 › head discovers personal work and keeps legacy task and subtask URLs (5.1s)
  ok 153 [firefox] › tests\e2e\phase12-shared-inspector.spec.ts:56:1 › Board keyboard action prevents duplicate requests and recovers from denial (4.8s)
  ok 154 [firefox] › tests\e2e\phase13-personal-work.spec.ts:10:66 › member discovers personal work and keeps legacy task and subtask URLs (5.4s)
  ok 155 [firefox] › tests\e2e\phase12-shared-inspector.spec.ts:65:1 › shared Task Lead team mutations stay gated by G2 while details remain available (6.1s)
  ok 156 [firefox] › tests\e2e\phase13-personal-work.spec.ts:10:66 › accounting_staff discovers personal work and keeps legacy task and subtask URLs (5.1s)
  ok 158 [firefox] › tests\e2e\phase13-personal-work.spec.ts:23:1 › mobile personal inspector retains dirty discussion and returns focus (5.7s)
  ok 157 [firefox] › tests\e2e\phase12-shared-inspector.spec.ts:73:1 › review drafts stay protected and evidence loading denial has an explicit retry (8.9s)
  ok 159 [firefox] › tests\e2e\phase13-personal-work.spec.ts:30:1 › My Work read failure is retryable and never a clear queue (4.1s)
  ok 160 [firefox] › tests\e2e\phase12-shared-inspector.spec.ts:86:1 › removed canonical task closes mutation controls and explains unavailable access (4.7s)
  ok 161 [firefox] › tests\e2e\phase13-personal-work.spec.ts:36:1 › Inbox keeps independent task and subtask discovery and exposes partial source denial (4.2s)
  ok 162 [firefox] › tests\e2e\phase12-shared-inspector.spec.ts:94:1 › successful inspector lifecycle change returns focus to the refreshed Board card (4.6s)
  ok 163 [firefox] › tests\e2e\phase13-personal-work.spec.ts:45:1 › recent Updates verify read writes, retain denied read state and explain missing targets at 390px (4.5s)
  ok 165 [firefox] › tests\e2e\phase13-personal-work.spec.ts:56:1 › Admin Inbox does not acquire task, financial or review authority (4.1s)
  ok 164 [firefox] › tests\e2e\phase12-shared-inspector.spec.ts:101:1 › mobile team dialog guards drafts and retains a denied member change (8.6s)
  ok 166 [firefox] › tests\e2e\phase13-personal-work.spec.ts:61:1 › subtask discovery delegates a stable identity and guards review feedback across navigation (5.9s)
  ok 167 [firefox] › tests\e2e\phase14-people-collaboration.spec.ts:9:1 › Office Team lazy professional summary, keyboard focus return and narrow labeled rows (5.3s)
  ok 168 [firefox] › tests\e2e\phase13-personal-work.spec.ts:74:1 › Inbox update opening respects a revoked navigation grant (4.0s)
  ok 170 [firefox] › tests\e2e\phase13-personal-work.spec.ts:80:1 › Accounting updates retain both personal task and financial destinations (4.2s)
  ok 169 [firefox] › tests\e2e\phase14-people-collaboration.spec.ts:23:1 › Partial invitations retain failed rows and delivery failure does not cause duplicate creation (7.5s)
  ok 171 [firefox] › tests\e2e\phase13-personal-work.spec.ts:86:1 › personal inspector returns to search when its originating row disappears (4.3s)
  ok 172 [firefox] › tests\e2e\phase14-people-collaboration.spec.ts:42:1 › Office Team failure has retry and filter empty can clear without hiding invitations (5.0s)
  ok 173 [firefox] › tests\e2e\phase15-ai-governance.spec.ts:12:1 › Reviewed project sections preserve source and require one impact confirmation before creating work (7.5s)
  ok 174 [firefox] › tests\e2e\phase14-people-collaboration.spec.ts:57:1 › Collaborating Head retains project selection on failure, guards dismissal and rechecks authority before retry (7.7s)
  ok 175 [firefox] › tests\e2e\phase15-ai-governance.spec.ts:22:1 › PDF work-plan review saves only its persistent draft, keeps failed autosave edits and retries saving (8.4s)
  ok 176 [firefox] › tests\e2e\phase14-people-collaboration.spec.ts:68:1 › Project team removal previews active work and opens the shared task inspector only after discard (5.9s)
  ok 178 [firefox] › tests\e2e\phase14-people-collaboration.spec.ts:73:1 › Failed project invitation delivery still creates one invitation and fresh-link copy failure has manual recovery (7.6s)
  ok 177 [firefox] › tests\e2e\phase15-ai-governance.spec.ts:33:1 › Task inspector staffing retains selection after eligibility denial and assigns only after reviewed fresh context (8.4s)
  ok 179 [firefox] › tests\e2e\phase14-people-collaboration.spec.ts:79:61 › Project Office observer retains read-only reasons and governance handoff (5.4s)
  ok 180 [firefox] › tests\e2e\phase15-ai-governance.spec.ts:39:1 › Owner PDS review retries extraction, retains failed profile edits and confirms the saved summary separately (6.7s)
  ok 181 [firefox] › tests\e2e\phase14-people-collaboration.spec.ts:79:61 › Project Office closed retains read-only reasons and governance handoff (5.2s)
  ok 182 [firefox] › tests\e2e\phase15-ai-governance.spec.ts:46:1 › Official readiness blockers link to Office and task views, and material changes refresh current checks (5.2s)
  ok 183 [firefox] › tests\e2e\phase14-people-collaboration.spec.ts:79:61 › Project Office governed retains read-only reasons and governance handoff (5.2s)
  ok 184 [firefox] › tests\e2e\phase15-ai-governance.spec.ts:51:1 › Missing readiness deployment explains administrator recovery and governed projects retain Approval Status handoff (5.9s)
  ok 185 [firefox] › tests\e2e\phase14-people-collaboration.spec.ts:83:1 › Project Office read failure retries honestly and retains an inspector draft through refresh denial (6.4s)
  ok 186 [firefox] › tests\e2e\phase16-support-finance.spec.ts:10:1 › Admin Center keeps legacy pages, account inspection and unsaved account edits (7.3s)
  ok 187 [firefox] › tests\e2e\phase17-safety.spec.ts:24:1 › live legacy board retains details through Keep editing and discards only on acceptance (6.7s)
  ok 188 [firefox] › tests\e2e\phase16-support-finance.spec.ts:65:1 › Account audit has bounded coverage, loaded filters, nested redaction and truthful unavailable reads on a phone (5.0s)
  ok 189 [firefox] › tests\e2e\phase17-safety.spec.ts:51:1 › typed deletion at 320px cancels without a write then sends exactly one confirmed write (6.2s)
  ok 190 [firefox] › tests\e2e\phase16-support-finance.spec.ts:135:1 › Accounting retains fiscal scope, exposes settlements, records one decision and inspects its balanced journal (7.1s)
  ok 191 [firefox] › tests\e2e\phase17-safety.spec.ts:93:1 › required task cancellation reason has no write on Escape and is sent once on acceptance (6.4s)
  ok 192 [firefox] › tests\e2e\phase16-support-finance.spec.ts:201:1 › Uncertain settlement keeps its reason and requires verification before resubmission (6.5s)
  ok 193 [firefox] › tests\e2e\phase17-safety.spec.ts:130:1 › lost deletion response exposes verification and prevents another write (6.1s)
  ok 194 [firefox] › tests\e2e\phase16-support-finance.spec.ts:238:1 › Journal correction has guarded lines, explicit posting and a retained uncertainty receipt on a phone (6.5s)
  ok 195 [firefox] › tests\e2e\phase18-preview.spec.ts:3:1 › production task-inspector chunk failure retains context and retries without a page reload (5.5s)
  ok 196 [firefox] › tests\e2e\phase16-support-finance.spec.ts:307:1 › Release handover uses its existing physical confirmation and blocks an uncertain repeat (4.9s)
  ok 198 [firefox] › tests\e2e\phase16-support-finance.spec.ts:338:1 › Reports retain seven lenses, filtered CSV export and the task inspector (6.2s)
  ok 197 [firefox] › tests\e2e\phase18-release.spec.ts:54:3 › head: responsive canonical workspace and mobile navigation (13.5s)
  ok 199 [firefox] › tests\e2e\phase16-support-finance.spec.ts:399:1 › Backup preflight stays unavailable without gateway configuration (4.9s)
  ok 201 [firefox] › tests\e2e\phase16-support-finance.spec.ts:415:1 › Late-package Head authorization stays separate from independent Accounting settlement (11.0s)
  ok 200 [firefox] › tests\e2e\phase18-release.spec.ts:54:3 › member: responsive canonical workspace and mobile navigation (11.3s)
  ok 202 [firefox] › tests\e2e\phase16-support-finance.spec.ts:461:1 › Accounting retains ordinary Member workspaces, requires an Office and cannot settle its own cash (6.6s)
  ok 203 [firefox] › tests\e2e\phase18-release.spec.ts:54:3 › accounting_staff: responsive canonical workspace and mobile navigation (10.8s)
  ok 204 [firefox] › tests\e2e\phase16-support-finance.spec.ts:487:1 › Backup uncertain start verifies the job list and a failed job permits an explicit new attempt (5.5s)
  ok 206 [firefox] › tests\e2e\phase18-surfaces.spec.ts:5:66 › Office Team: accessible responsive secondary workspace (8.7s)
  ok 205 [firefox] › tests\e2e\phase18-release.spec.ts:54:3 › admin: responsive canonical workspace and mobile navigation (10.1s)
  ok 207 [firefox] › tests\e2e\phase18-surfaces.spec.ts:5:66 › Reports: accessible responsive secondary workspace (9.9s)
  ok 208 [firefox] › tests\e2e\phase18-release.spec.ts:132:1 › task inspector remains usable across rotation, keyboard dismissal and zoom reflow (9.9s)
  ok 210 [firefox] › tests\e2e\phase18-release.spec.ts:161:1 › empty projects have labeled creation and navigation (5.5s)
  ok 209 [firefox] › tests\e2e\phase18-surfaces.spec.ts:5:66 › Inbox: accessible responsive secondary workspace (9.2s)
  ok 211 [firefox] › tests\e2e\phase18-release.spec.ts:176:1 › dirty discussion survives rotation and forced colors, then restores its source focus (5.3s)
  ok 212 [firefox] › tests\e2e\phase2-invitations.spec.ts:44:1 › Head invite dialog follows the split reference and supports keyboard dismissal (6.3s)
  ok 213 [firefox] › tests\e2e\phase3-project-table.spec.ts:4:1 › Head table keeps first-column task actions, task edits and inline subitems (9.4s)
  ok 214 [firefox] › tests\e2e\phase2-invitations.spec.ts:63:1 › Member welcome persists skipped status and remains available from Help (5.9s)
  ok 216 [firefox] › tests\e2e\phase2-invitations.spec.ts:74:34 › Invited account screen at 1440px preserves locked Office and role (1.2s)
  ok 217 [firefox] › tests\e2e\phase2-invitations.spec.ts:74:34 › Invited account screen at 390px preserves locked Office and role (1.1s)
  ok 215 [firefox] › tests\e2e\phase3-project-table.spec.ts:45:1 › Member table protects structure and keeps detail access at 390px (6.3s)
  ok 218 [firefox] › tests\e2e\phase5-project-import.spec.ts:26:1 › Phase 5 shows a spacious editable hierarchy and imports only after confirmation with safe retry (9.0s)
  ok 219 [firefox] › tests\e2e\phase3-project-table.spec.ts:62:1 › Inline tasks save on blur, keep adding with Shift+Enter, and retain failed drafts (6.8s)
  ok 220 [firefox] › tests\e2e\phase5-project-import.spec.ts:75:1 › Phase 5 mobile review fills the screen and scrolls inside its table (6.3s)
  ok 221 [firefox] › tests\e2e\phase6-project-offices.spec.ts:5:1 › Lead invites an Office and hands over responsibility without assigning its staff (10.6s)
  ok 222 [firefox] › tests\e2e\phase5-project-import.spec.ts:91:1 › Phase 5 extracts readable PDF project text before generating a draft (6.5s)
  ok 223 [firefox] › tests\e2e\phase6-project-offices.spec.ts:46:1 › Collaborating Head sees a roomy own-Office member picker and only edits its own tasks (7.2s)
  ok 224 [firefox] › tests\e2e\phase7-readiness-staffing.spec.ts:18:1 › Head confirms readiness; desktop and mobile retain readable checks and closeout blockers (7.1s)
  ok 225 [firefox] › tests\e2e\phase6-project-offices.spec.ts:72:1 › Observer opens the project without editable owners or task planning (6.4s)
  ok 226 [firefox] › tests\e2e\phase7-readiness-staffing.spec.ts:35:1 › Staffing is advisory until Head confirmation; roomy dialog supports keyboard selection and mobile footer (8.9s)
  ok 228 [firefox] › tests\e2e\phase7-readiness-staffing.spec.ts:59:1 › Member reads readiness without Head review, activation or staffing controls (4.7s)
  ok 227 [firefox] › tests\e2e\project-workspace-controls.spec.ts:19:1 › Project actions open visible menus and dialogs, and the board returns to the filtered table (9.4s)
(node:10648) Warning: The 'NO_COLOR' env is ignored due to the 'FORCE_COLOR' env being set.
(Use `node --trace-warnings ...` to show where the warning was created)
(node:10648) Warning: The 'NO_COLOR' env is ignored due to the 'FORCE_COLOR' env being set.
(Use `node --trace-warnings ...` to show where the warning was created)
  ok 229 [firefox] › tests\e2e\project-workspace-controls.spec.ts:73:1 › View picker, board return and first-column task actions remain reachable at 390px (7.5s)
  ok 231 [firefox] › tests\e2e\project-workspace-controls.spec.ts:104:1 › Overflow views stay selectable and closable outside the mobile tab scroller (13.0s)
(node:36304) Warning: The 'NO_COLOR' env is ignored due to the 'FORCE_COLOR' env being set.
(Use `node --trace-warnings ...` to show where the warning was created)
  ok 230 [webkit] › tests\e2e\admin-unification.spec.ts:11:3 › super_admin sessions expose the unified Admin management surfaces (19.6s)
(node:36304) Warning: The 'NO_COLOR' env is ignored due to the 'FORCE_COLOR' env being set.
(Use `node --trace-warnings ...` to show where the warning was created)
  ok 232 [webkit] › tests\e2e\admin-unification.spec.ts:11:3 › admin sessions expose the unified Admin management surfaces (19.2s)
  ok 233 [webkit] › tests\e2e\navigation-v2.spec.ts:10:75 › head retains its landing and authorized destinations through global/context navigation (26.1s)
  ok 234 [webkit] › tests\e2e\phase1-authority.spec.ts:38:3 › admin has canonical navigation and an intact workspace (11.6s)
  ok 236 [webkit] › tests\e2e\phase1-authority.spec.ts:38:3 › head has canonical navigation and an intact workspace (8.1s)
  ok 235 [webkit] › tests\e2e\navigation-v2.spec.ts:10:75 › member retains its landing and authorized destinations through global/context navigation (19.3s)
  ok 237 [webkit] › tests\e2e\phase1-authority.spec.ts:38:3 › member has canonical navigation and an intact workspace (8.1s)
  ok 239 [webkit] › tests\e2e\phase1-authority.spec.ts:38:3 › accounting_staff has canonical navigation and an intact workspace (8.0s)
  ok 238 [webkit] › tests\e2e\navigation-v2.spec.ts:10:75 › accounting_staff retains its landing and authorized destinations through global/context navigation (17.6s)
  ok 240 [webkit] › tests\e2e\phase10-project-workspace.spec.ts:9:1 › project identity, settings retry, favorites and browser history use one project (14.7s)
  ok 241 [webkit] › tests\e2e\navigation-v2.spec.ts:10:75 › admin retains its landing and authorized destinations through global/context navigation (16.9s)
  ok 242 [webkit] › tests\e2e\phase10-project-workspace.spec.ts:38:1 › existing lifecycle dialogs retain notes, server denials and deletion impact (16.4s)
  ok 243 [webkit] › tests\e2e\navigation-v2.spec.ts:35:1 › individual support grants reach the named screen and denied routes load no audit records (6.7s)
  ok 244 [webkit] › tests\e2e\phase10-project-workspace.spec.ts:53:1 › Observer utilities stay read-only and sharing keeps current access requirements at 390px (5.9s)
  ok 245 [webkit] › tests\e2e\navigation-v2.spec.ts:49:1 › search and favorites retain a shared inter-Office observer project without offering creation (7.8s)
  ok 246 [webkit] › tests\e2e\phase10-project-workspace.spec.ts:63:1 › participant failure retries its source and long project identity stays within the viewport (7.8s)
  ok 247 [webkit] › tests\e2e\navigation-v2.spec.ts:67:1 › creation menu uses existing handlers, retains failed drafts and discards only after confirmation (13.2s)
  ok 248 [webkit] › tests\e2e\phase11-main-table.spec.ts:6:1 › column widths, alignment, visibility and sticky task context persist locally (13.2s)
  ok 249 [webkit] › tests\e2e\navigation-v2.spec.ts:91:1 › dirty Security editor keeps navigation and browser history until explicit discard (10.6s)
  ok 251 [webkit] › tests\e2e\navigation-v2.spec.ts:111:1 › failed inline task remains intact when shell navigation is canceled and logout clears local navigation preferences (10.1s)
  ok 250 [webkit] › tests\e2e\phase11-main-table.spec.ts:18:1 › date and dependency drafts guard close and retain denied edits for scoped retry (18.6s)
  ok 252 [webkit] › tests\e2e\navigation-v2.spec.ts:127:1 › unassigned Office and zero projects remain usable without exposing stale context (5.7s)
  ok 253 [webkit] › tests\e2e\phase11-main-table.spec.ts:27:1 › filter chips clear one or all without changing canonical manual ordering (10.0s)
  ok 254 [webkit] › tests\e2e\navigation-v2.spec.ts:140:40 › responsive navigation, project context and utilities at 1440px (9.0s)
  ok 256 [webkit] › tests\e2e\navigation-v2.spec.ts:140:40 › responsive navigation, project context and utilities at 768px (7.3s)
  ok 257 [webkit] › tests\e2e\navigation-v2.spec.ts:140:40 › responsive navigation, project context and utilities at 390px (6.4s)
  ok 255 [webkit] › tests\e2e\phase11-main-table.spec.ts:35:1 › group creation guards its draft and empty deletion confirms impact and retries denial (21.5s)
  ok 258 [webkit] › tests\e2e\navigation-v2.spec.ts:140:40 › responsive navigation, project context and utilities at 320px (6.3s)
  ok 259 [webkit] › tests\e2e\phase11-main-table.spec.ts:43:1 › task team entry reuses existing details and mobile sticky context leaves room for work (9.5s)
  ok 261 [webkit] › tests\e2e\phase11-main-table.spec.ts:48:1 › shared Task Lead team action explains the unresolved authority gate (7.6s)
  ok 262 [webkit] › tests\e2e\phase11-main-table.spec.ts:52:1 › Observer inspection and closed-project table retain read-only controls (9.4s)
  ok 263 [webkit] › tests\e2e\phase11-main-table.spec.ts:56:1 › Head owner appointment confirms impact and retains denied assignment for retry (12.5s)
  ok 264 [webkit] › tests\e2e\phase11-main-table.spec.ts:62:1 › mobile planning picker and explicit creation keep fields inside the viewport (8.5s)
  ok 260 [webkit] › tests\e2e\phase12-shared-inspector.spec.ts:9:1 › shared inspector keeps discussion drafts and returns focus to each view origin (55.0s)
  ok 265 [webkit] › tests\e2e\phase13-personal-work.spec.ts:10:66 › head discovers personal work and keeps legacy task and subtask URLs (8.5s)
  ok 266 [webkit] › tests\e2e\phase12-shared-inspector.spec.ts:31:1 › date range is consistent across views and personal after reload (8.2s)
  ok 267 [webkit] › tests\e2e\phase13-personal-work.spec.ts:10:66 › member discovers personal work and keeps legacy task and subtask URLs (8.5s)
  ok 268 [webkit] › tests\e2e\phase12-shared-inspector.spec.ts:43:1 › mobile observer inspector stays read only and traps and returns focus (6.2s)
  ok 269 [webkit] › tests\e2e\phase13-personal-work.spec.ts:10:66 › accounting_staff discovers personal work and keeps legacy task and subtask URLs (8.6s)
  ok 270 [webkit] › tests\e2e\phase12-shared-inspector.spec.ts:56:1 › Board keyboard action prevents duplicate requests and recovers from denial (5.8s)
  ok 272 [webkit] › tests\e2e\phase12-shared-inspector.spec.ts:65:1 › shared Task Lead team mutations stay gated by G2 while details remain available (7.9s)
  ok 273 [webkit] › tests\e2e\phase12-shared-inspector.spec.ts:73:1 › review drafts stay protected and evidence loading denial has an explicit retry (15.6s)
  x  271 [webkit] › tests\e2e\phase13-personal-work.spec.ts:23:1 › mobile personal inspector retains dirty discussion and returns focus (30.4s)
(node:6036) Warning: The 'NO_COLOR' env is ignored due to the 'FORCE_COLOR' env being set.
(Use `node --trace-warnings ...` to show where the warning was created)
(node:6036) Warning: The 'NO_COLOR' env is ignored due to the 'FORCE_COLOR' env being set.
(Use `node --trace-warnings ...` to show where the warning was created)
  ok 274 [webkit] › tests\e2e\phase12-shared-inspector.spec.ts:86:1 › removed canonical task closes mutation controls and explains unavailable access (7.0s)
  ok 275 [webkit] › tests\e2e\phase13-personal-work.spec.ts:30:1 › My Work read failure is retryable and never a clear queue (6.7s)
  ok 276 [webkit] › tests\e2e\phase12-shared-inspector.spec.ts:94:1 › successful inspector lifecycle change returns focus to the refreshed Board card (7.2s)
  ok 277 [webkit] › tests\e2e\phase13-personal-work.spec.ts:36:1 › Inbox keeps independent task and subtask discovery and exposes partial source denial (7.6s)
  ok 278 [webkit] › tests\e2e\phase12-shared-inspector.spec.ts:101:1 › mobile team dialog guards drafts and retains a denied member change (10.7s)
  ok 280 [webkit] › tests\e2e\phase14-people-collaboration.spec.ts:9:1 › Office Team lazy professional summary, keyboard focus return and narrow labeled rows (8.3s)
  ok 281 [webkit] › tests\e2e\phase14-people-collaboration.spec.ts:23:1 › Partial invitations retain failed rows and delivery failure does not cause duplicate creation (13.8s)
  x  279 [webkit] › tests\e2e\phase13-personal-work.spec.ts:45:1 › recent Updates verify read writes, retain denied read state and explain missing targets at 390px (30.3s)
(node:37428) Warning: The 'NO_COLOR' env is ignored due to the 'FORCE_COLOR' env being set.
(Use `node --trace-warnings ...` to show where the warning was created)
(node:37428) Warning: The 'NO_COLOR' env is ignored due to the 'FORCE_COLOR' env being set.
(Use `node --trace-warnings ...` to show where the warning was created)
  ok 282 [webkit] › tests\e2e\phase14-people-collaboration.spec.ts:42:1 › Office Team failure has retry and filter empty can clear without hiding invitations (7.2s)
  ok 283 [webkit] › tests\e2e\phase13-personal-work.spec.ts:56:1 › Admin Inbox does not acquire task, financial or review authority (6.2s)
  ok 284 [webkit] › tests\e2e\phase14-people-collaboration.spec.ts:57:1 › Collaborating Head retains project selection on failure, guards dismissal and rechecks authority before retry (13.7s)
  ok 285 [webkit] › tests\e2e\phase13-personal-work.spec.ts:61:1 › subtask discovery delegates a stable identity and guards review feedback across navigation (10.4s)
  ok 287 [webkit] › tests\e2e\phase13-personal-work.spec.ts:74:1 › Inbox update opening respects a revoked navigation grant (6.2s)
  ok 286 [webkit] › tests\e2e\phase14-people-collaboration.spec.ts:68:1 › Project team removal previews active work and opens the shared task inspector only after discard (8.2s)
  ok 288 [webkit] › tests\e2e\phase13-personal-work.spec.ts:80:1 › Accounting updates retain both personal task and financial destinations (6.8s)
  ok 290 [webkit] › tests\e2e\phase13-personal-work.spec.ts:86:1 › personal inspector returns to search when its originating row disappears (5.8s)
  ok 289 [webkit] › tests\e2e\phase14-people-collaboration.spec.ts:73:1 › Failed project invitation delivery still creates one invitation and fresh-link copy failure has manual recovery (14.2s)
  ok 292 [webkit] › tests\e2e\phase14-people-collaboration.spec.ts:79:61 › Project Office observer retains read-only reasons and governance handoff (7.2s)
  ok 291 [webkit] › tests\e2e\phase15-ai-governance.spec.ts:12:1 › Reviewed project sections preserve source and require one impact confirmation before creating work (14.8s)
  ok 293 [webkit] › tests\e2e\phase14-people-collaboration.spec.ts:79:61 › Project Office closed retains read-only reasons and governance handoff (7.1s)
  ok 295 [webkit] › tests\e2e\phase14-people-collaboration.spec.ts:79:61 › Project Office governed retains read-only reasons and governance handoff (7.2s)
  ok 294 [webkit] › tests\e2e\phase15-ai-governance.spec.ts:22:1 › PDF work-plan review saves only its persistent draft, keeps failed autosave edits and retries saving (14.4s)
  ok 296 [webkit] › tests\e2e\phase14-people-collaboration.spec.ts:83:1 › Project Office read failure retries honestly and retains an inspector draft through refresh denial (12.3s)
  ok 297 [webkit] › tests\e2e\phase15-ai-governance.spec.ts:33:1 › Task inspector staffing retains selection after eligibility denial and assigns only after reviewed fresh context (16.3s)
  ok 298 [webkit] › tests\e2e\phase16-support-finance.spec.ts:10:1 › Admin Center keeps legacy pages, account inspection and unsaved account edits (14.7s)
  ok 300 [webkit] › tests\e2e\phase16-support-finance.spec.ts:65:1 › Account audit has bounded coverage, loaded filters, nested redaction and truthful unavailable reads on a phone (5.4s)
  ok 299 [webkit] › tests\e2e\phase15-ai-governance.spec.ts:39:1 › Owner PDS review retries extraction, retains failed profile edits and confirms the saved summary separately (12.0s)
  ok 302 [webkit] › tests\e2e\phase15-ai-governance.spec.ts:46:1 › Official readiness blockers link to Office and task views, and material changes refresh current checks (7.4s)
  ok 301 [webkit] › tests\e2e\phase16-support-finance.spec.ts:135:1 › Accounting retains fiscal scope, exposes settlements, records one decision and inspects its balanced journal (13.7s)
  ok 303 [webkit] › tests\e2e\phase15-ai-governance.spec.ts:51:1 › Missing readiness deployment explains administrator recovery and governed projects retain Approval Status handoff (7.1s)
  ok 304 [webkit] › tests\e2e\phase16-support-finance.spec.ts:201:1 › Uncertain settlement keeps its reason and requires verification before resubmission (10.0s)
  ok 305 [webkit] › tests\e2e\phase17-safety.spec.ts:24:1 › live legacy board retains details through Keep editing and discards only on acceptance (12.6s)
  ok 306 [webkit] › tests\e2e\phase16-support-finance.spec.ts:238:1 › Journal correction has guarded lines, explicit posting and a retained uncertainty receipt on a phone (8.2s)
  ok 307 [webkit] › tests\e2e\phase17-safety.spec.ts:51:1 › typed deletion at 320px cancels without a write then sends exactly one confirmed write (6.7s)
  ok 308 [webkit] › tests\e2e\phase16-support-finance.spec.ts:307:1 › Release handover uses its existing physical confirmation and blocks an uncertain repeat (8.2s)
  ok 309 [webkit] › tests\e2e\phase17-safety.spec.ts:93:1 › required task cancellation reason has no write on Escape and is sent once on acceptance (10.1s)
  ok 310 [webkit] › tests\e2e\phase16-support-finance.spec.ts:338:1 › Reports retain seven lenses, filtered CSV export and the task inspector (8.6s)
  ok 312 [webkit] › tests\e2e\phase16-support-finance.spec.ts:399:1 › Backup preflight stays unavailable without gateway configuration (5.8s)
  ok 311 [webkit] › tests\e2e\phase17-safety.spec.ts:130:1 › lost deletion response exposes verification and prevents another write (10.9s)
  ok 314 [webkit] › tests\e2e\phase18-preview.spec.ts:3:1 › production task-inspector chunk failure retains context and retries without a page reload (6.7s)
  ok 313 [webkit] › tests\e2e\phase16-support-finance.spec.ts:415:1 › Late-package Head authorization stays separate from independent Accounting settlement (15.4s)
  ok 315 [webkit] › tests\e2e\phase18-release.spec.ts:54:3 › head: responsive canonical workspace and mobile navigation (14.3s)
  ok 316 [webkit] › tests\e2e\phase16-support-finance.spec.ts:461:1 › Accounting retains ordinary Member workspaces, requires an Office and cannot settle its own cash (6.8s)
  ok 318 [webkit] › tests\e2e\phase16-support-finance.spec.ts:487:1 › Backup uncertain start verifies the job list and a failed job permits an explicit new attempt (7.1s)
  ok 317 [webkit] › tests\e2e\phase18-release.spec.ts:54:3 › member: responsive canonical workspace and mobile navigation (11.0s)
  ok 319 [webkit] › tests\e2e\phase18-surfaces.spec.ts:5:66 › Office Team: accessible responsive secondary workspace (8.6s)
  ok 320 [webkit] › tests\e2e\phase18-release.spec.ts:54:3 › accounting_staff: responsive canonical workspace and mobile navigation (10.6s)
  ok 321 [webkit] › tests\e2e\phase18-surfaces.spec.ts:5:66 › Reports: accessible responsive secondary workspace (9.6s)
  ok 322 [webkit] › tests\e2e\phase18-release.spec.ts:54:3 › admin: responsive canonical workspace and mobile navigation (10.5s)
  ok 323 [webkit] › tests\e2e\phase18-surfaces.spec.ts:5:66 › Inbox: accessible responsive secondary workspace (8.5s)
  ok 324 [webkit] › tests\e2e\phase18-release.spec.ts:132:1 › task inspector remains usable across rotation, keyboard dismissal and zoom reflow (9.2s)
  ok 326 [webkit] › tests\e2e\phase18-release.spec.ts:161:1 › empty projects have labeled creation and navigation (5.0s)
  ok 325 [webkit] › tests\e2e\phase2-invitations.spec.ts:44:1 › Head invite dialog follows the split reference and supports keyboard dismissal (12.2s)
  ok 327 [webkit] › tests\e2e\phase18-release.spec.ts:176:1 › dirty discussion survives rotation and forced colors, then restores its source focus (5.5s)
  ok 328 [webkit] › tests\e2e\phase2-invitations.spec.ts:63:1 › Member welcome persists skipped status and remains available from Help (7.4s)
  ok 330 [webkit] › tests\e2e\phase2-invitations.spec.ts:74:34 › Invited account screen at 1440px preserves locked Office and role (1.2s)
  ok 331 [webkit] › tests\e2e\phase2-invitations.spec.ts:74:34 › Invited account screen at 390px preserves locked Office and role (736ms)
  ok 329 [webkit] › tests\e2e\phase3-project-table.spec.ts:4:1 › Head table keeps first-column task actions, task edits and inline subitems (17.7s)
  ok 333 [webkit] › tests\e2e\phase3-project-table.spec.ts:45:1 › Member table protects structure and keeps detail access at 390px (6.5s)
  ok 332 [webkit] › tests\e2e\phase5-project-import.spec.ts:26:1 › Phase 5 shows a spacious editable hierarchy and imports only after confirmation with safe retry (23.4s)
  ok 334 [webkit] › tests\e2e\phase3-project-table.spec.ts:62:1 › Inline tasks save on blur, keep adding with Shift+Enter, and retain failed drafts (9.7s)
  ok 335 [webkit] › tests\e2e\phase5-project-import.spec.ts:75:1 › Phase 5 mobile review fills the screen and scrolls inside its table (6.6s)
  ok 337 [webkit] › tests\e2e\phase5-project-import.spec.ts:91:1 › Phase 5 extracts readable PDF project text before generating a draft (7.0s)
  ok 336 [webkit] › tests\e2e\phase6-project-offices.spec.ts:5:1 › Lead invites an Office and hands over responsibility without assigning its staff (12.5s)
  ok 338 [webkit] › tests\e2e\phase7-readiness-staffing.spec.ts:18:1 › Head confirms readiness; desktop and mobile retain readable checks and closeout blockers (12.4s)
  ok 339 [webkit] › tests\e2e\phase6-project-offices.spec.ts:46:1 › Collaborating Head sees a roomy own-Office member picker and only edits its own tasks (8.0s)
  ok 341 [webkit] › tests\e2e\phase6-project-offices.spec.ts:72:1 › Observer opens the project without editable owners or task planning (6.8s)
  ok 340 [webkit] › tests\e2e\phase7-readiness-staffing.spec.ts:35:1 › Staffing is advisory until Head confirmation; roomy dialog supports keyboard selection and mobile footer (12.1s)
  ok 343 [webkit] › tests\e2e\phase7-readiness-staffing.spec.ts:59:1 › Member reads readiness without Head review, activation or staffing controls (5.5s)
  ok 342 [webkit] › tests\e2e\project-workspace-controls.spec.ts:19:1 › Project actions open visible menus and dialogs, and the board returns to the filtered table (19.9s)
  ok 344 [webkit] › tests\e2e\project-workspace-controls.spec.ts:73:1 › View picker, board return and first-column task actions remain reachable at 390px (6.6s)
  ok 345 [webkit] › tests\e2e\project-workspace-controls.spec.ts:104:1 › Overflow views stay selectable and closable outside the mobile tab scroller (13.5s)


  1) [webkit] › tests\e2e\phase13-personal-work.spec.ts:23:1 › mobile personal inspector retains dirty discussion and returns focus 

    [31mTest timeout of 30000ms exceeded.[39m

    Error: locator.click: Test timeout of 30000ms exceeded.
    Call log:
    [2m  - waiting for getByRole('navigation', { name: 'Global navigation' }).getByRole('button', { name: 'My Work', exact: true })[22m
    [2m    - locator resolved to <button type="button" aria-current="page" aria-label="My Work" data-tour-section="personal_work" class="eflow-global-navigation__item">…</button>[22m
    [2m  - attempting click action[22m
    [2m    - waiting for element to be visible, enabled and stable[22m
    [2m  - element was detached from the DOM, retrying[22m


      4 | async function personal(page:Page,destination:'My Work'|'Inbox') {
      5 |  const desktop=page.getByRole('navigation',{name:'Global navigation'});
    > 6 |  if(await desktop.isVisible()) await desktop.getByRole('button',{name:destination,exact:true}).click();
        |                                                                                                ^
      7 |  else await page.getByRole('navigation',{name:'Mobile primary navigation'}).getByRole('button',{name:destination,exact:true}).click();
      8 |  await expect(page.getByRole('heading',{name:destination,exact:true,level:1})).toBeVisible();
      9 | }
        at personal (C:\Users\james\projects\eflow-e-Governance-Project\tests\e2e\phase13-personal-work.spec.ts:6:96)
        at C:\Users\james\projects\eflow-e-Governance-Project\tests\e2e\phase13-personal-work.spec.ts:24:123

    Error Context: .phase18\release-results\phase13-personal-work-mobi-fdcad-iscussion-and-returns-focus-webkit\error-context.md

    attachment #2: trace (application/zip) ─────────────────────────────────────────────────────────
    .phase18\release-results\phase13-personal-work-mobi-fdcad-iscussion-and-returns-focus-webkit\trace.zip
    Usage:

        npx playwright show-trace .phase18\release-results\phase13-personal-work-mobi-fdcad-iscussion-and-returns-focus-webkit\trace.zip

    ────────────────────────────────────────────────────────────────────────────────────────────────

  2) [webkit] › tests\e2e\phase13-personal-work.spec.ts:45:1 › recent Updates verify read writes, retain denied read state and explain missing targets at 390px 

    [31mTest timeout of 30000ms exceeded.[39m

    Error: locator.click: Test timeout of 30000ms exceeded.
    Call log:
    [2m  - waiting for getByRole('navigation', { name: 'Global navigation' }).getByRole('button', { name: 'Inbox', exact: true })[22m
    [2m    - locator resolved to <button type="button" aria-label="Inbox" data-tour-section="inbox" class="eflow-global-navigation__item">…</button>[22m
    [2m  - attempting click action[22m
    [2m    - waiting for element to be visible, enabled and stable[22m
    [2m  - element was detached from the DOM, retrying[22m


      4 | async function personal(page:Page,destination:'My Work'|'Inbox') {
      5 |  const desktop=page.getByRole('navigation',{name:'Global navigation'});
    > 6 |  if(await desktop.isVisible()) await desktop.getByRole('button',{name:destination,exact:true}).click();
        |                                                                                                ^
      7 |  else await page.getByRole('navigation',{name:'Mobile primary navigation'}).getByRole('button',{name:destination,exact:true}).click();
      8 |  await expect(page.getByRole('heading',{name:destination,exact:true,level:1})).toBeVisible();
      9 | }
        at personal (C:\Users\james\projects\eflow-e-Governance-Project\tests\e2e\phase13-personal-work.spec.ts:6:96)
        at C:\Users\james\projects\eflow-e-Governance-Project\tests\e2e\phase13-personal-work.spec.ts:49:2

    Error Context: .phase18\release-results\phase13-personal-work-rece-70df9-in-missing-targets-at-390px-webkit\error-context.md

    attachment #2: trace (application/zip) ─────────────────────────────────────────────────────────
    .phase18\release-results\phase13-personal-work-rece-70df9-in-missing-targets-at-390px-webkit\trace.zip
    Usage:

        npx playwright show-trace .phase18\release-results\phase13-personal-work-rece-70df9-in-missing-targets-at-390px-webkit\trace.zip

    ────────────────────────────────────────────────────────────────────────────────────────────────

  2 failed
    [webkit] › tests\e2e\phase13-personal-work.spec.ts:23:1 › mobile personal inspector retains dirty discussion and returns focus 
    [webkit] › tests\e2e\phase13-personal-work.spec.ts:45:1 › recent Updates verify read writes, retain denied read state and explain missing targets at 390px 
  343 passed (23.1m)
