
Running 5 tests using 1 worker

(node:41632) Warning: The 'NO_COLOR' env is ignored due to the 'FORCE_COLOR' env being set.
(Use `node --trace-warnings ...` to show where the warning was created)
(node:41632) Warning: The 'NO_COLOR' env is ignored due to the 'FORCE_COLOR' env being set.
(Use `node --trace-warnings ...` to show where the warning was created)
  x  1 [chromium] › tests\e2e\navigation-v2.spec.ts:35:1 › individual support grants reach the named screen and denied routes load no audit records (9.0s)
(node:41140) Warning: The 'NO_COLOR' env is ignored due to the 'FORCE_COLOR' env being set.
(Use `node --trace-warnings ...` to show where the warning was created)
(node:41140) Warning: The 'NO_COLOR' env is ignored due to the 'FORCE_COLOR' env being set.
(Use `node --trace-warnings ...` to show where the warning was created)
  x  2 [chromium] › tests\e2e\phase1-authority.spec.ts:38:3 › admin has canonical navigation and an intact workspace (7.9s)
(node:42660) Warning: The 'NO_COLOR' env is ignored due to the 'FORCE_COLOR' env being set.
(Use `node --trace-warnings ...` to show where the warning was created)
(node:42660) Warning: The 'NO_COLOR' env is ignored due to the 'FORCE_COLOR' env being set.
(Use `node --trace-warnings ...` to show where the warning was created)
  ok 3 [chromium] › tests\e2e\phase1-authority.spec.ts:38:3 › head has canonical navigation and an intact workspace (3.5s)
  x  4 [chromium] › tests\e2e\phase1-authority.spec.ts:38:3 › member has canonical navigation and an intact workspace (3.0s)
(node:31672) Warning: The 'NO_COLOR' env is ignored due to the 'FORCE_COLOR' env being set.
(Use `node --trace-warnings ...` to show where the warning was created)
(node:31672) Warning: The 'NO_COLOR' env is ignored due to the 'FORCE_COLOR' env being set.
(Use `node --trace-warnings ...` to show where the warning was created)
  ok 5 [chromium] › tests\e2e\phase1-authority.spec.ts:38:3 › accounting_staff has canonical navigation and an intact workspace (3.1s)


  1) [chromium] › tests\e2e\navigation-v2.spec.ts:35:1 › individual support grants reach the named screen and denied routes load no audit records 

    Error: [2mexpect([22m[31mlocator[39m[2m).[22mtoHaveAttribute[2m([22m[32mexpected[39m[2m)[22m failed

    Locator: getByRole('tab', { name: 'Account Audit', exact: true })
    Expected string: [32m"true"[39m
    Received: <element(s) not found>
    Timeout: 5000ms

    Call log:
    [2m  - Expect "toHaveAttribute" with timeout 5000ms[22m
    [2m  - waiting for getByRole('tab', { name: 'Account Audit', exact: true })[22m


      37 |   await projectWorkspaceFixture(page,'member',false,{landingOnly:true,overrides:{'navigation.audit':true}});
      38 |   await page.getByRole('navigation',{name:'Global navigation'}).getByRole('button',{name:'Admin Center',exact:true}).click();
    > 39 |   await expect(page.getByRole('tab',{name:'Account Audit',exact:true})).toHaveAttribute('aria-selected','true');
         |                                                                         ^
      40 |   await expect(page.getByRole('tab',{name:'All Users',exact:true})).toHaveCount(0);
      41 |   await page.goto('/audit?page=Audit'); await expect(page.getByRole('tab',{name:'Account Audit',exact:true})).toHaveAttribute('aria-selected','true');
      42 |   await page.goto('/organization?page=Org%20Structure'); await expect(page.getByRole('heading',{name:'Access denied',exact:true})).toBeVisible();
        at C:\Users\james\projects\eflow-e-Governance-Project\tests\e2e\navigation-v2.spec.ts:39:73

    Error Context: .phase18\focused-legacy-results\navigation-v2-individual-s-19096-outes-load-no-audit-records-chromium\error-context.md

    attachment #2: trace (application/zip) ─────────────────────────────────────────────────────────
    .phase18\focused-legacy-results\navigation-v2-individual-s-19096-outes-load-no-audit-records-chromium\trace.zip
    Usage:

        npx playwright show-trace .phase18\focused-legacy-results\navigation-v2-individual-s-19096-outes-load-no-audit-records-chromium\trace.zip

    ────────────────────────────────────────────────────────────────────────────────────────────────

  2) [chromium] › tests\e2e\phase1-authority.spec.ts:38:3 › admin has canonical navigation and an intact workspace 

    Error: [2mexpect([22m[31mlocator[39m[2m).[22mtoBeVisible[2m()[22m failed

    Locator:  getByRole('tab', { name: 'Backup & Export', exact: true })
    Expected: visible
    Received: <element(s) not found>
    Timeout:  5000ms

    Call log:
    [2m  - Expect "toBeVisible" with timeout 5000ms[22m
    [2m  - waiting for getByRole('tab', { name: 'Backup & Export', exact: true })[22m


      48 |         await expect(sidebar.locator(`[data-tour-section="${section}"]`)).toHaveCount(0);
      49 |       }
    > 50 |       await expect(page.getByRole("tab", { name: "Backup & Export", exact: true })).toBeVisible();
         |                                                                                     ^
      51 |       await page.getByRole("banner", { name: "Workspace utilities" }).hover();
      52 |       await page.getByRole("tab", { name: "Role Defaults", exact: true }).click();
      53 |       await expect(page.getByRole("columnheader", { name: "Admin", exact: true })).toHaveCount(2);
        at C:\Users\james\projects\eflow-e-Governance-Project\tests\e2e\phase1-authority.spec.ts:50:85

    Error Context: .phase18\focused-legacy-results\phase1-authority-admin-has-a3f67-ion-and-an-intact-workspace-chromium\error-context.md

    attachment #2: trace (application/zip) ─────────────────────────────────────────────────────────
    .phase18\focused-legacy-results\phase1-authority-admin-has-a3f67-ion-and-an-intact-workspace-chromium\trace.zip
    Usage:

        npx playwright show-trace .phase18\focused-legacy-results\phase1-authority-admin-has-a3f67-ion-and-an-intact-workspace-chromium\trace.zip

    ────────────────────────────────────────────────────────────────────────────────────────────────

  3) [chromium] › tests\e2e\phase1-authority.spec.ts:38:3 › member has canonical navigation and an intact workspace 

    Error: expect.toBeVisible: Error: strict mode violation: locator('.eflow-productivity-sidebar').first().getByRole('button', { name: 'My Work', exact: true }) resolved to 2 elements:
        1) <button type="button" aria-current="page" aria-label="My Work" data-tour-section="personal_work" class="eflow-global-navigation__item">…</button> aka getByRole('navigation', { name: 'Global navigation' }).getByLabel('My Work')
        2) <button type="button" aria-label="My Work" class="eflow-workspace-navigation__destination">…</button> aka getByRole('region', { name: 'Workspace content' }).getByLabel('My Work')

    Call log:
    [2m  - Expect "toBeVisible" with timeout 5000ms[22m
    [2m  - waiting for locator('.eflow-productivity-sidebar').first().getByRole('button', { name: 'My Work', exact: true })[22m


      66 |     } else {
      67 |       await expect(sidebar.getByRole('button', {name:'Workspaces',exact:true})).toBeVisible();
    > 68 |       await expect(sidebar.getByRole('button', {name:'My Work',exact:true})).toBeVisible();
         |                                                                              ^
      69 |       await expect(sidebar.locator('[data-tour-section="users"]')).toHaveCount(0);
      70 |       if (role === "head") {
      71 |         await expect(sidebar.getByRole('button', {name:'Inbox',exact:true})).toBeVisible();
        at C:\Users\james\projects\eflow-e-Governance-Project\tests\e2e\phase1-authority.spec.ts:68:78

    Error Context: .phase18\focused-legacy-results\phase1-authority-member-ha-59725-ion-and-an-intact-workspace-chromium\error-context.md

    attachment #2: trace (application/zip) ─────────────────────────────────────────────────────────
    .phase18\focused-legacy-results\phase1-authority-member-ha-59725-ion-and-an-intact-workspace-chromium\trace.zip
    Usage:

        npx playwright show-trace .phase18\focused-legacy-results\phase1-authority-member-ha-59725-ion-and-an-intact-workspace-chromium\trace.zip

    ────────────────────────────────────────────────────────────────────────────────────────────────

  3 failed
    [chromium] › tests\e2e\navigation-v2.spec.ts:35:1 › individual support grants reach the named screen and denied routes load no audit records 
    [chromium] › tests\e2e\phase1-authority.spec.ts:38:3 › admin has canonical navigation and an intact workspace 
    [chromium] › tests\e2e\phase1-authority.spec.ts:38:3 › member has canonical navigation and an intact workspace 
  2 passed (32.7s)
