
> @figma/my-make-file@0.0.1 test:e2e:release
> node scripts/run-web-release.mjs


Running 192 tests using 2 workers

(node:4764) Warning: The 'NO_COLOR' env is ignored due to the 'FORCE_COLOR' env being set.
(Use `node --trace-warnings ...` to show where the warning was created)
(node:30588) Warning: The 'NO_COLOR' env is ignored due to the 'FORCE_COLOR' env being set.
(Use `node --trace-warnings ...` to show where the warning was created)
(node:4764) Warning: The 'NO_COLOR' env is ignored due to the 'FORCE_COLOR' env being set.
(Use `node --trace-warnings ...` to show where the warning was created)
(node:30588) Warning: The 'NO_COLOR' env is ignored due to the 'FORCE_COLOR' env being set.
(Use `node --trace-warnings ...` to show where the warning was created)
  ok   2 [chromium] › tests\e2e\phase11-main-table.spec.ts:6:1 › column widths, alignment, visibility and sticky task context persist locally (6.3s)
  ok   1 [chromium] › tests\e2e\phase10-project-workspace.spec.ts:9:1 › project identity, settings retry, favorites and browser history use one project (6.7s)
  ok   3 [chromium] › tests\e2e\phase11-main-table.spec.ts:18:1 › date and dependency drafts guard close and retain denied edits for scoped retry (6.6s)
  ok   4 [chromium] › tests\e2e\phase10-project-workspace.spec.ts:38:1 › existing lifecycle dialogs retain notes, server denials and deletion impact (7.1s)
  ok   5 [chromium] › tests\e2e\phase11-main-table.spec.ts:27:1 › filter chips clear one or all without changing canonical manual ordering (3.8s)
  ok   6 [chromium] › tests\e2e\phase10-project-workspace.spec.ts:53:1 › Observer utilities stay read-only and sharing keeps current access requirements at 390px (4.0s)
  ok   8 [chromium] › tests\e2e\phase10-project-workspace.spec.ts:63:1 › participant failure retries its source and long project identity stays within the viewport (5.2s)
  ok   7 [chromium] › tests\e2e\phase11-main-table.spec.ts:35:1 › group creation guards its draft and empty deletion confirms impact and retries denial (7.5s)
  ok  10 [chromium] › tests\e2e\phase11-main-table.spec.ts:43:1 › task team entry reuses existing details and mobile sticky context leaves room for work (4.9s)
  ok  11 [chromium] › tests\e2e\phase11-main-table.spec.ts:48:1 › shared Task Lead team action explains the unresolved authority gate (4.9s)
  ok  12 [chromium] › tests\e2e\phase11-main-table.spec.ts:52:1 › Observer inspection and closed-project table retain read-only controls (5.1s)
  ok   9 [chromium] › tests\e2e\phase12-shared-inspector.spec.ts:9:1 › shared inspector keeps discussion drafts and returns focus to each view origin (18.0s)
  ok  13 [chromium] › tests\e2e\phase11-main-table.spec.ts:56:1 › Head owner appointment confirms impact and retains denied assignment for retry (5.9s)
  ok  14 [chromium] › tests\e2e\phase12-shared-inspector.spec.ts:31:1 › date range is consistent across views and personal after reload (4.1s)
  ok  16 [chromium] › tests\e2e\phase12-shared-inspector.spec.ts:43:1 › mobile observer inspector stays read only and traps and returns focus (3.9s)
  ok  15 [chromium] › tests\e2e\phase11-main-table.spec.ts:62:1 › mobile planning picker and explicit creation keep fields inside the viewport (5.1s)
  ok  17 [chromium] › tests\e2e\phase12-shared-inspector.spec.ts:56:1 › Board keyboard action prevents duplicate requests and recovers from denial (3.5s)
  ok  19 [chromium] › tests\e2e\phase12-shared-inspector.spec.ts:65:1 › shared Task Lead team mutations stay gated by G2 while details remain available (4.3s)
  x   18 [chromium] › tests\e2e\phase14-people-collaboration.spec.ts:9:1 › Office Team lazy professional summary, keyboard focus return and narrow labeled rows (8.7s)
(node:5912) Warning: The 'NO_COLOR' env is ignored due to the 'FORCE_COLOR' env being set.
(Use `node --trace-warnings ...` to show where the warning was created)
(node:5912) Warning: The 'NO_COLOR' env is ignored due to the 'FORCE_COLOR' env being set.
(Use `node --trace-warnings ...` to show where the warning was created)
  ok  20 [chromium] › tests\e2e\phase12-shared-inspector.spec.ts:73:1 › review drafts stay protected and evidence loading denial has an explicit retry (6.3s)
  ok  22 [chromium] › tests\e2e\phase12-shared-inspector.spec.ts:86:1 › removed canonical task closes mutation controls and explains unavailable access (3.7s)
  ok  21 [chromium] › tests\e2e\phase14-people-collaboration.spec.ts:23:1 › Partial invitations retain failed rows and delivery failure does not cause duplicate creation (6.6s)
  ok  23 [chromium] › tests\e2e\phase12-shared-inspector.spec.ts:94:1 › successful inspector lifecycle change returns focus to the refreshed Board card (3.8s)
  ok  24 [chromium] › tests\e2e\phase14-people-collaboration.spec.ts:42:1 › Office Team failure has retry and filter empty can clear without hiding invitations (3.8s)
  ok  25 [chromium] › tests\e2e\phase12-shared-inspector.spec.ts:101:1 › mobile team dialog guards drafts and retains a denied member change (6.8s)
  ok  27 [chromium] › tests\e2e\phase15-ai-governance.spec.ts:12:1 › Reviewed project sections preserve source and require one impact confirmation before creating work (6.7s)
  ok  28 [chromium] › tests\e2e\phase15-ai-governance.spec.ts:22:1 › PDF work-plan review saves only its persistent draft, keeps failed autosave edits and retries saving (7.1s)
  ok  29 [chromium] › tests\e2e\phase15-ai-governance.spec.ts:33:1 › Task inspector staffing retains selection after eligibility denial and assigns only after reviewed fresh context (6.2s)
  ok  30 [chromium] › tests\e2e\phase15-ai-governance.spec.ts:39:1 › Owner PDS review retries extraction, retains failed profile edits and confirms the saved summary separately (5.7s)
  ok  31 [chromium] › tests\e2e\phase15-ai-governance.spec.ts:46:1 › Official readiness blockers link to Office and task views, and material changes refresh current checks (3.9s)
  ok  32 [chromium] › tests\e2e\phase15-ai-governance.spec.ts:51:1 › Missing readiness deployment explains administrator recovery and governed projects retain Approval Status handoff (4.2s)
  ok  33 [chromium] › tests\e2e\phase16-support-finance.spec.ts:10:1 › Admin Center keeps legacy pages, account inspection and unsaved account edits (5.3s)
  ok  34 [chromium] › tests\e2e\phase16-support-finance.spec.ts:65:1 › Account audit has bounded coverage, loaded filters, nested redaction and truthful unavailable reads on a phone (3.6s)
  ok  35 [chromium] › tests\e2e\phase16-support-finance.spec.ts:135:1 › Accounting retains fiscal scope, exposes settlements, records one decision and inspects its balanced journal (5.2s)
  ok  36 [chromium] › tests\e2e\phase16-support-finance.spec.ts:201:1 › Uncertain settlement keeps its reason and requires verification before resubmission (5.2s)
  ok  37 [chromium] › tests\e2e\phase16-support-finance.spec.ts:238:1 › Journal correction has guarded lines, explicit posting and a retained uncertainty receipt on a phone (5.1s)
  ok  38 [chromium] › tests\e2e\phase16-support-finance.spec.ts:307:1 › Release handover uses its existing physical confirmation and blocks an uncertain repeat (3.7s)
  ok  39 [chromium] › tests\e2e\phase16-support-finance.spec.ts:338:1 › Reports retain seven lenses, filtered CSV export and the task inspector (5.1s)
  ok  40 [chromium] › tests\e2e\phase16-support-finance.spec.ts:399:1 › Backup preflight stays unavailable without gateway configuration (3.3s)
  ok  41 [chromium] › tests\e2e\phase16-support-finance.spec.ts:415:1 › Late-package Head authorization stays separate from independent Accounting settlement (7.8s)
  ok  42 [chromium] › tests\e2e\phase16-support-finance.spec.ts:461:1 › Accounting retains ordinary Member workspaces, requires an Office and cannot settle its own cash (4.3s)
  x   26 [chromium] › tests\e2e\phase14-people-collaboration.spec.ts:57:1 › Collaborating Head retains project selection on failure, guards dismissal and rechecks authority before retry (1.5m)
(node:19204) Warning: The 'NO_COLOR' env is ignored due to the 'FORCE_COLOR' env being set.
(Use `node --trace-warnings ...` to show where the warning was created)
  ok  43 [chromium] › tests\e2e\phase16-support-finance.spec.ts:487:1 › Backup uncertain start verifies the job list and a failed job permits an explicit new attempt (3.9s)
(node:19204) Warning: The 'NO_COLOR' env is ignored due to the 'FORCE_COLOR' env being set.
(Use `node --trace-warnings ...` to show where the warning was created)
  ok  44 [chromium] › tests\e2e\phase17-safety.spec.ts:24:1 › live legacy board retains details through Keep editing and discards only on acceptance (5.2s)
  ok  46 [chromium] › tests\e2e\phase17-safety.spec.ts:51:1 › typed deletion at 320px cancels without a write then sends exactly one confirmed write (4.7s)
  ok  47 [chromium] › tests\e2e\phase17-safety.spec.ts:93:1 › required task cancellation reason has no write on Escape and is sent once on acceptance (4.6s)
  ok  48 [chromium] › tests\e2e\phase17-safety.spec.ts:130:1 › lost deletion response exposes verification and prevents another write (4.6s)
  ok  49 [chromium] › tests\e2e\phase18-preview.spec.ts:3:1 › production task-inspector chunk failure retains context and retries without a page reload (4.0s)
  ok  50 [chromium] › tests\e2e\phase18-release.spec.ts:38:3 › head: responsive canonical workspace and mobile navigation (10.8s)
  ok  51 [chromium] › tests\e2e\phase18-release.spec.ts:38:3 › member: responsive canonical workspace and mobile navigation (7.9s)
  ok  52 [chromium] › tests\e2e\phase18-release.spec.ts:38:3 › accounting_staff: responsive canonical workspace and mobile navigation (7.1s)
  ok  53 [chromium] › tests\e2e\phase18-release.spec.ts:38:3 › admin: responsive canonical workspace and mobile navigation (7.1s)
  ok  54 [chromium] › tests\e2e\phase18-release.spec.ts:105:1 › task inspector remains usable across rotation, keyboard dismissal and zoom reflow (7.3s)
  ok  55 [chromium] › tests\e2e\phase18-release.spec.ts:134:1 › empty projects have labeled creation and navigation (3.6s)
  ok  56 [chromium] › tests\e2e\phase18-release.spec.ts:149:1 › dirty discussion survives rotation and forced colors, then restores its source focus (4.3s)
  ok  57 [chromium] › tests\e2e\phase18-surfaces.spec.ts:5:66 › Office Team: accessible responsive secondary workspace (6.2s)
  ok  58 [chromium] › tests\e2e\phase18-surfaces.spec.ts:5:66 › Reports: accessible responsive secondary workspace (6.8s)
  ok  59 [chromium] › tests\e2e\phase18-surfaces.spec.ts:5:66 › Inbox: accessible responsive secondary workspace (5.8s)
(node:36600) Warning: The 'NO_COLOR' env is ignored due to the 'FORCE_COLOR' env being set.
(Use `node --trace-warnings ...` to show where the warning was created)
  x   45 [chromium] › tests\e2e\phase14-people-collaboration.spec.ts:68:1 › Project team removal previews active work and opens the shared task inspector only after discard (1.5m)
(node:36600) Warning: The 'NO_COLOR' env is ignored due to the 'FORCE_COLOR' env being set.
(Use `node --trace-warnings ...` to show where the warning was created)
(node:29452) Warning: The 'NO_COLOR' env is ignored due to the 'FORCE_COLOR' env being set.
(Use `node --trace-warnings ...` to show where the warning was created)
(node:29452) Warning: The 'NO_COLOR' env is ignored due to the 'FORCE_COLOR' env being set.
(Use `node --trace-warnings ...` to show where the warning was created)
  ok  60 [firefox] › tests\e2e\phase10-project-workspace.spec.ts:9:1 › project identity, settings retry, favorites and browser history use one project (9.2s)
