accounting_staff.accounting_overview.accounting-overview financial-responsive 1024
accounting_staff.accounting_overview.accounting-overview financial-responsive 768
accounting_staff.accounting_overview.accounting-overview financial-responsive 390
accounting_staff.accounting_overview.accounting-overview financial-responsive 320
project.tasks collaborating-office-head 1440
project.offices collaborating-office-head 1440
head.leading.leading-work task-lead 1440
accounting_staff.leading.leading-work task-lead 1440
accounting_staff.reviews.leader-reviews task-lead 1440
project.tasks office-head 1440
project.gantt office-head 1440
project.overview office-head 1440
project.timeline office-head 1440
project.calendar office-head 1440
project.readiness office-head 1440
project.board office-head 1440
project.offices office-head 1440
project.reports office-head 1440
project.proposal_context office-head 1440
project.activity office-head 1440
project.reviews office-head 1440
project.dashboard office-head 1440
project.workload office-head 1440
project.budget office-head 1440
project.signoff office-head 1440
project.evidence office-head 1440
project.decisions office-head 1440
project.tasks responsive 1024
project.tasks responsive 768
project.tasks responsive 390
project.tasks responsive 320
project.tasks subitems-expanded 1440
project.create office-head 1440
task.inspector office-head 1440
project.tasks observer 1440
project.gantt observer 1440
project.overview observer 1440
project.timeline observer 1440
project.calendar observer 1440
project.readiness observer 1440
project.board observer 1440
project.offices observer 1440
project.reports observer 1440
project.proposal_context observer 1440
project.activity observer 1440
project.reviews observer 1440
project.dashboard observer 1440
project.workload observer 1440
project.budget observer 1440
project.signoff observer 1440
project.evidence observer 1440
project.decisions observer 1440
project.tasks observer-responsive 1024
project.tasks observer-responsive 768
project.tasks observer-responsive 390
project.tasks observer-responsive 320
task.inspector observer 1440
project.tasks long-high-count 390
project.tasks error 390
201 captures; 28 context/keyboard observations. No live authority assertion.
