admin.all-users default 1440
admin.role-defaults default 1440
admin.user-access default 1440
admin.office-structure default 1440
admin.account-audit default 1440
admin.system-settings default 1440
admin.backup-export default 1440
settings.profile admin 1440
settings.appearance admin 1440
settings.notifications admin 1440
settings.security admin 1440
admin.all-users compact 1440
admin.all-users keyboard-expanded 1440
admin.all-users responsive 1024
admin.all-users responsive 768
admin.all-users responsive 390
Opening mobile navigation admin 390
Mobile navigation clicked
admin.all-users mobile-navigation 390
admin.all-users responsive 320
Opening mobile navigation admin 320
Mobile navigation clicked
admin.all-users mobile-navigation 320
head.dashboard.dashboard default 1440
head.projects.projects default 1440
head.tasks.task-board default 1440
head.budget.office-budget default 1440
head.subtasks.my-subtasks default 1440
head.reviews.for-review default 1440
head.team.team-supervision default 1440
head.team.office-team default 1440
head.identity.identity-access default 1440
head.intelligence.team-intelligence default 1440
head.reports.reports default 1440
head.announcements.announcements default 1440
settings.profile head 1440
settings.appearance head 1440
settings.notifications head 1440
settings.security head 1440
head.dashboard.dashboard compact 1440
head.dashboard.dashboard keyboard-expanded 1440
head.dashboard.dashboard responsive 1024
head.dashboard.dashboard responsive 768
head.dashboard.dashboard responsive 390
Opening mobile navigation head 390
Mobile navigation clicked
head.dashboard.dashboard mobile-navigation 390
head.dashboard.dashboard responsive 320
Opening mobile navigation head 320
Mobile navigation clicked
head.dashboard.dashboard mobile-navigation 320
member.tasks.my-tasks default 1440
member.projects.projects default 1440
member.subtasks.my-subtasks default 1440
member.deadlines.deadlines default 1440
member.history.task-history default 1440
member.performance.performance default 1440
member.reports.work-report default 1440
member.announcements.announcements default 1440
settings.profile member 1440
settings.appearance member 1440
settings.notifications member 1440
settings.security member 1440
member.tasks.my-tasks compact 1440
member.tasks.my-tasks keyboard-expanded 1440
member.tasks.my-tasks responsive 1024
member.tasks.my-tasks responsive 768
member.tasks.my-tasks responsive 390
Opening mobile navigation member 390
Mobile navigation clicked
member.tasks.my-tasks mobile-navigation 390
member.tasks.my-tasks responsive 320
Opening mobile navigation member 320
Mobile navigation clicked
member.tasks.my-tasks mobile-navigation 320
accounting_staff.tasks.my-tasks default 1440
accounting_staff.projects.projects default 1440
accounting_staff.subtasks.my-subtasks default 1440
accounting_staff.deadlines.deadlines default 1440
accounting_staff.history.task-history default 1440
accounting_staff.performance.performance default 1440
accounting_staff.reports.work-report default 1440
accounting_staff.announcements.announcements default 1440
accounting_staff.accounting_overview.accounting-overview default 1440
accounting_staff.accounting_releases.voucher-cash-releases default 1440
accounting_staff.accounting_journal.general-journal default 1440
accounting_staff.accounting_audit.financial-audit-trail default 1440
accounting_staff.accounting_budgets.office-budget-ledgers default 1440
settings.profile accounting_staff 1440
settings.appearance accounting_staff 1440
settings.notifications accounting_staff 1440
settings.security accounting_staff 1440
accounting_staff.tasks.my-tasks compact 1440
accounting_staff.tasks.my-tasks keyboard-expanded 1440
accounting_staff.tasks.my-tasks responsive 1024
accounting_staff.tasks.my-tasks responsive 768
accounting_staff.tasks.my-tasks responsive 390
Opening mobile navigation accounting_staff 390
Mobile navigation clicked
accounting_staff.tasks.my-tasks mobile-navigation 390
accounting_staff.tasks.my-tasks responsive 320
Opening mobile navigation accounting_staff 320
Mobile navigation clicked
accounting_staff.tasks.my-tasks mobile-navigation 320
member.leading.leading-work task-lead 1440
member.reviews.leader-reviews task-lead 1440
support.users individual-grant 1440
support.org_tree individual-grant 1440
support.audit individual-grant 1440
support.administration individual-grant 1440
support.migration individual-grant 1440
project.tasks office-head 1440
project.gantt office-head 1440
project.overview office-head 1440
project.timeline office-head 1440
project.calendar office-head 1440
project.readiness office-head 1440
project.board office-head 1440
project.offices office-head 1440
project.reports office-head 1440
project.proposal_context office-head 1440
project.activity office-head 1440
project.reviews office-head 1440
project.dashboard office-head 1440
project.workload office-head 1440
project.budget office-head 1440
project.signoff office-head 1440
project.evidence office-head 1440
project.decisions office-head 1440
project.tasks responsive 1024
project.tasks responsive 768
project.tasks responsive 390
project.tasks responsive 320
task.inspector office-head 1440
project.tasks observer 1440
project.gantt observer 1440
project.overview observer 1440
project.timeline observer 1440
project.calendar observer 1440
project.readiness observer 1440
project.board observer 1440
project.offices observer 1440
project.reports observer 1440
project.proposal_context observer 1440
project.activity observer 1440
project.reviews observer 1440
project.dashboard observer 1440
project.workload observer 1440
project.budget observer 1440
project.signoff observer 1440
project.evidence observer 1440
project.decisions observer 1440
project.tasks observer-responsive 1024
project.tasks observer-responsive 768
project.tasks observer-responsive 390
project.tasks observer-responsive 320
project.tasks long-high-count 390
project.tasks error 390
142 captures; 27 context/keyboard observations. No live authority assertion.
