C:\Users\james\projects\eflow-e-Governance-Project\server\.venv\Lib\site-packages\fastapi\testclient.py:1: StarletteDeprecationWarning: Using `httpx` with `starlette.testclient` is deprecated; install `httpx2` instead.
  from starlette.testclient import TestClient as TestClient  # noqa
test_admin_and_member_cannot_moderate_other_peoples_operational_messages (test_admin_unification.AdminGatewayTests.test_admin_and_member_cannot_moderate_other_peoples_operational_messages) ... ok
test_admin_can_create_administrative_and_leadership_accounts (test_admin_unification.AdminGatewayTests.test_admin_can_create_administrative_and_leadership_accounts) ... ok
test_another_admin_can_be_deleted_if_an_active_admin_remains (test_admin_unification.AdminGatewayTests.test_another_admin_can_be_deleted_if_an_active_admin_remains) ... ok
test_both_admin_identities_have_only_administrative_gateway_authority (test_admin_unification.AdminGatewayTests.test_both_admin_identities_have_only_administrative_gateway_authority) ... ok
test_employee_cannot_delete_admin (test_admin_unification.AdminGatewayTests.test_employee_cannot_delete_admin) ... ok
test_head_message_moderation_stays_inside_the_office (test_admin_unification.AdminGatewayTests.test_head_message_moderation_stays_inside_the_office) ... ok
test_last_active_admin_and_own_account_cannot_be_deleted (test_admin_unification.AdminGatewayTests.test_last_active_admin_and_own_account_cannot_be_deleted) ... ok
test_non_admin_user_manager_cannot_create_higher_accounts (test_admin_unification.AdminGatewayTests.test_non_admin_user_manager_cannot_create_higher_accounts) ... ok
test_profile_is_canonicalized_and_inactive_accounts_are_rejected (test_admin_unification.AdminGatewayTests.test_profile_is_canonicalized_and_inactive_accounts_are_rejected) ... ok
test_prototype_and_invalid_roles_fail_closed (test_admin_unification.AdminGatewayTests.test_prototype_and_invalid_roles_fail_closed) ... ok
test_unpermissioned_employee_cannot_enter_admin_or_backup_operations (test_admin_unification.AdminGatewayTests.test_unpermissioned_employee_cannot_enter_admin_or_backup_operations) ... ok
test_json_and_checksums_are_deterministic_and_verifiable (test_backup_helpers.BackupManifestTests.test_json_and_checksums_are_deterministic_and_verifiable) ... ok
test_backup_paths_cannot_escape_configured_root (test_backup_helpers.BackupSecurityTests.test_backup_paths_cannot_escape_configured_root) ... ok
test_cleanup_removes_only_a_verified_job_directory (test_backup_helpers.BackupSecurityTests.test_cleanup_removes_only_a_verified_job_directory) ... ok
test_standard_windows_postgres_install_is_discovered (test_backup_helpers.BackupSecurityTests.test_standard_windows_postgres_install_is_discovered) ... ok
test_table_allowlist_rejects_shell_and_url_characters (test_backup_helpers.BackupSecurityTests.test_table_allowlist_rejects_shell_and_url_characters) ... ok
test_sensitive_exports_require_a_sign_in_within_five_minutes (test_backup_helpers.RecentAuthenticationTests.test_sensitive_exports_require_a_sign_in_within_five_minutes) ... ok
test_unknown_details_and_shared_remaining_effort (test_deadline_workload.DeadlineWorkloadTests.test_unknown_details_and_shared_remaining_effort) ... ok
test_urgent_tasks_score_higher_than_three_tasks_due_in_a_week (test_deadline_workload.DeadlineWorkloadTests.test_urgent_tasks_score_higher_than_three_tasks_due_in_a_week) ... ok
test_email_and_tokens_are_normalized_without_accepting_arbitrary_tokens (test_phase2.Phase2Tests.test_email_and_tokens_are_normalized_without_accepting_arbitrary_tokens) ... ok
test_email_html_escapes_names_and_contains_plaintext_link (test_phase2.Phase2Tests.test_email_html_escapes_names_and_contains_plaintext_link) ... ok
test_existing_auth_identity_without_profile_can_supply_its_name (test_phase2.Phase2Tests.test_existing_auth_identity_without_profile_can_supply_its_name) ... ok
test_external_application_url_requires_https (test_phase2.Phase2Tests.test_external_application_url_requires_https) ... ok
test_lost_acceptance_response_never_deletes_committed_identity (test_phase2.Phase2Tests.test_lost_acceptance_response_never_deletes_committed_identity) ... ok
test_new_account_failure_compensates_identity_and_releases_claim (test_phase2.Phase2Tests.test_new_account_failure_compensates_identity_and_releases_claim) ... ok
test_non_heads_cannot_manage_office_invitations (test_phase2.Phase2Tests.test_non_heads_cannot_manage_office_invitations) ... ok
test_non_pdf_and_oversized_uploads_are_rejected (test_phase2.Phase2Tests.test_non_pdf_and_oversized_uploads_are_rejected) ... ok
test_pds_download_rejects_another_user_and_admin (test_phase2.Phase2Tests.test_pds_download_rejects_another_user_and_admin) ... ok
test_professional_profile_allowlist_excludes_sensitive_pds_fields (test_phase2.Phase2Tests.test_professional_profile_allowlist_excludes_sensitive_pds_fields) ... ok
test_safe_listing_never_returns_tokens_or_acceptance_claims (test_phase2.Phase2Tests.test_safe_listing_never_returns_tokens_or_acceptance_claims) ... ok
test_trial_sender_cannot_send_to_unapproved_recipients (test_phase2.Phase2Tests.test_trial_sender_cannot_send_to_unapproved_recipients) ... ok
test_validation_errors_do_not_echo_passwords_or_tokens (test_phase2.Phase2Tests.test_validation_errors_do_not_echo_passwords_or_tokens) ... ok
test_wrong_email_cannot_accept_an_invitation (test_phase2.Phase2Tests.test_wrong_email_cannot_accept_an_invitation) ... ok
test_actual_project_context_replaces_model_supplied_catalog (test_phase5.Phase5GatewayTests.test_actual_project_context_replaces_model_supplied_catalog) ... ok
test_authenticated_document_gate_proxy_is_mounted (test_phase5.Phase5GatewayTests.test_authenticated_document_gate_proxy_is_mounted) ... ok
test_cross_office_and_closed_project_generation_rejected (test_phase5.Phase5GatewayTests.test_cross_office_and_closed_project_generation_rejected) ... ok
test_legacy_payload_has_no_workspace_mode (test_phase5.Phase5GatewayTests.test_legacy_payload_has_no_workspace_mode) ... ok
test_operational_generation_rejects_other_roles (test_phase5.Phase5GatewayTests.test_operational_generation_rejects_other_roles) ... ok
test_project_acceptance_keeps_existing_head_account_role (test_phase6.Phase6Tests.test_project_acceptance_keeps_existing_head_account_role) ... ok
test_project_email_separates_access_from_global_role_and_escapes_title (test_phase6.Phase6Tests.test_project_email_separates_access_from_global_role_and_escapes_title) ... ok
test_project_invitation_uses_existing_delivery_and_random_token (test_phase6.Phase6Tests.test_project_invitation_uses_existing_delivery_and_random_token) ... ok
test_project_invite_rejects_global_roles_and_extra_fields (test_phase6.Phase6Tests.test_project_invite_rejects_global_roles_and_extra_fields) ... ok
test_safe_project_listing_excludes_tokens_and_claims (test_phase6.Phase6Tests.test_safe_project_listing_excludes_tokens_and_claims) ... ok
test_local_acceptance_uses_phase2_and_preserves_existing_identity (test_phase65.Phase65Tests.test_local_acceptance_uses_phase2_and_preserves_existing_identity) ... ok
test_local_context_does_not_dereference_an_absent_directory_office (test_phase65.Phase65Tests.test_local_context_does_not_dereference_an_absent_directory_office) ... ok
test_local_creation_uses_existing_random_token_and_delivery_engine (test_phase65.Phase65Tests.test_local_creation_uses_existing_random_token_and_delivery_engine) ... ok
test_new_endpoint_rejects_global_role_and_canonical_target_overrides (test_phase65.Phase65Tests.test_new_endpoint_rejects_global_role_and_canonical_target_overrides) ... ok
test_safe_listing_retains_target_but_never_token_or_claim (test_phase65.Phase65Tests.test_safe_listing_retains_target_but_never_token_or_claim) ... ok
test_foreign_and_started_work_is_rejected (test_phase7.Phase7Tests.test_foreign_and_started_work_is_rejected) ... ok
test_gateway_rebuilds_context_and_messages_instead_of_trusting_caller (test_phase7.Phase7Tests.test_gateway_rebuilds_context_and_messages_instead_of_trusting_caller) ... ok
test_no_confirmed_candidates_and_invalid_task_fail_before_queueing (test_phase7.Phase7Tests.test_no_confirmed_candidates_and_invalid_task_fail_before_queueing) ... ok
test_professional_context_excludes_sensitive_and_raw_document_fields (test_phase7.Phase7Tests.test_professional_context_excludes_sensitive_and_raw_document_fields) ... ok
test_workload_counts_team_members_and_unknown_effort_without_inventing_zero (test_phase7.Phase7Tests.test_workload_counts_team_members_and_unknown_effort_without_inventing_zero) ... ok

----------------------------------------------------------------------
Ran 53 tests in 1.005s

OK
