
> @figma/my-make-file@0.0.1 test:e2e:release
> node scripts/run-web-release.mjs --workers=3


Running 345 tests using 3 workers

(node:2368) Warning: The 'NO_COLOR' env is ignored due to the 'FORCE_COLOR' env being set.
(Use `node --trace-warnings ...` to show where the warning was created)
(node:440) Warning: The 'NO_COLOR' env is ignored due to the 'FORCE_COLOR' env being set.
(Use `node --trace-warnings ...` to show where the warning was created)
(node:28404) Warning: The 'NO_COLOR' env is ignored due to the 'FORCE_COLOR' env being set.
(Use `node --trace-warnings ...` to show where the warning was created)
(node:2368) Warning: The 'NO_COLOR' env is ignored due to the 'FORCE_COLOR' env being set.
(Use `node --trace-warnings ...` to show where the warning was created)
(node:440) Warning: The 'NO_COLOR' env is ignored due to the 'FORCE_COLOR' env being set.
(Use `node --trace-warnings ...` to show where the warning was created)
(node:28404) Warning: The 'NO_COLOR' env is ignored due to the 'FORCE_COLOR' env being set.
(Use `node --trace-warnings ...` to show where the warning was created)
  ok   2 [chromium] › tests\e2e\phase1-authority.spec.ts:38:3 › admin has canonical navigation and an intact workspace (4.6s)
  ok   3 [chromium] › tests\e2e\navigation-v2.spec.ts:10:75 › head retains its landing and authorized destinations through global/context navigation (7.4s)
  ok   4 [chromium] › tests\e2e\phase1-authority.spec.ts:38:3 › head has canonical navigation and an intact workspace (3.4s)
  ok   1 [chromium] › tests\e2e\admin-unification.spec.ts:11:3 › super_admin sessions expose the unified Admin management surfaces (8.8s)
  ok   6 [chromium] › tests\e2e\phase1-authority.spec.ts:38:3 › member has canonical navigation and an intact workspace (3.2s)
  ok   5 [chromium] › tests\e2e\navigation-v2.spec.ts:10:75 › member retains its landing and authorized destinations through global/context navigation (6.0s)
  ok   8 [chromium] › tests\e2e\phase1-authority.spec.ts:38:3 › accounting_staff has canonical navigation and an intact workspace (2.8s)
  ok   7 [chromium] › tests\e2e\admin-unification.spec.ts:11:3 › admin sessions expose the unified Admin management surfaces (8.1s)
  ok   9 [chromium] › tests\e2e\navigation-v2.spec.ts:10:75 › accounting_staff retains its landing and authorized destinations through global/context navigation (5.4s)
  ok  10 [chromium] › tests\e2e\phase10-project-workspace.spec.ts:9:1 › project identity, settings retry, favorites and browser history use one project (6.6s)
  ok  11 [chromium] › tests\e2e\phase11-main-table.spec.ts:6:1 › column widths, alignment, visibility and sticky task context persist locally (7.1s)
  ok  12 [chromium] › tests\e2e\navigation-v2.spec.ts:10:75 › admin retains its landing and authorized destinations through global/context navigation (5.4s)
  ok  13 [chromium] › tests\e2e\phase10-project-workspace.spec.ts:38:1 › existing lifecycle dialogs retain notes, server denials and deletion impact (7.4s)
  ok  15 [chromium] › tests\e2e\navigation-v2.spec.ts:35:1 › individual support grants reach the named screen and denied routes load no audit records (5.0s)
  ok  14 [chromium] › tests\e2e\phase11-main-table.spec.ts:18:1 › date and dependency drafts guard close and retain denied edits for scoped retry (8.0s)
  ok  16 [chromium] › tests\e2e\phase10-project-workspace.spec.ts:53:1 › Observer utilities stay read-only and sharing keeps current access requirements at 390px (4.6s)
  ok  17 [chromium] › tests\e2e\navigation-v2.spec.ts:49:1 › search and favorites retain a shared inter-Office observer project without offering creation (7.4s)
  ok  18 [chromium] › tests\e2e\phase11-main-table.spec.ts:27:1 › filter chips clear one or all without changing canonical manual ordering (5.1s)
  ok  19 [chromium] › tests\e2e\phase10-project-workspace.spec.ts:63:1 › participant failure retries its source and long project identity stays within the viewport (6.1s)
  ok  20 [chromium] › tests\e2e\navigation-v2.spec.ts:67:1 › creation menu uses existing handlers, retains failed drafts and discards only after confirmation (5.9s)
  ok  21 [chromium] › tests\e2e\phase11-main-table.spec.ts:35:1 › group creation guards its draft and empty deletion confirms impact and retries denial (8.4s)
  ok  23 [chromium] › tests\e2e\navigation-v2.spec.ts:91:1 › dirty Security editor keeps navigation and browser history until explicit discard (5.5s)
  ok  24 [chromium] › tests\e2e\phase11-main-table.spec.ts:43:1 › task team entry reuses existing details and mobile sticky context leaves room for work (5.9s)
  ok  25 [chromium] › tests\e2e\navigation-v2.spec.ts:111:1 › failed inline task remains intact when shell navigation is canceled and logout clears local navigation preferences (5.3s)
  ok  22 [chromium] › tests\e2e\phase12-shared-inspector.spec.ts:9:1 › shared inspector keeps discussion drafts and returns focus to each view origin (15.7s)
  ok  26 [chromium] › tests\e2e\phase11-main-table.spec.ts:48:1 › shared Task Lead team action explains the unresolved authority gate (4.9s)
  ok  27 [chromium] › tests\e2e\navigation-v2.spec.ts:127:1 › unassigned Office and zero projects remain usable without exposing stale context (3.8s)
  ok  28 [chromium] › tests\e2e\phase12-shared-inspector.spec.ts:31:1 › date range is consistent across views and personal after reload (4.8s)
  ok  29 [chromium] › tests\e2e\phase11-main-table.spec.ts:52:1 › Observer inspection and closed-project table retain read-only controls (5.0s)
  ok  30 [chromium] › tests\e2e\navigation-v2.spec.ts:140:40 › responsive navigation, project context and utilities at 1440px (5.1s)
  ok  31 [chromium] › tests\e2e\phase12-shared-inspector.spec.ts:43:1 › mobile observer inspector stays read only and traps and returns focus (4.3s)
  ok  34 [chromium] › tests\e2e\phase12-shared-inspector.spec.ts:56:1 › Board keyboard action prevents duplicate requests and recovers from denial (3.8s)
  ok  33 [chromium] › tests\e2e\navigation-v2.spec.ts:140:40 › responsive navigation, project context and utilities at 768px (5.2s)
  ok  32 [chromium] › tests\e2e\phase11-main-table.spec.ts:56:1 › Head owner appointment confirms impact and retains denied assignment for retry (6.5s)
  ok  36 [chromium] › tests\e2e\navigation-v2.spec.ts:140:40 › responsive navigation, project context and utilities at 390px (5.1s)
  ok  35 [chromium] › tests\e2e\phase12-shared-inspector.spec.ts:65:1 › shared Task Lead team mutations stay gated by G2 while details remain available (5.2s)
  ok  37 [chromium] › tests\e2e\phase11-main-table.spec.ts:62:1 › mobile planning picker and explicit creation keep fields inside the viewport (5.4s)
  ok  38 [chromium] › tests\e2e\navigation-v2.spec.ts:140:40 › responsive navigation, project context and utilities at 320px (5.2s)
  ok  40 [chromium] › tests\e2e\phase13-personal-work.spec.ts:12:66 › head discovers personal work and keeps legacy task and subtask URLs (4.6s)
  ok  39 [chromium] › tests\e2e\phase12-shared-inspector.spec.ts:73:1 › review drafts stay protected and evidence loading denial has an explicit retry (7.4s)
  ok  42 [chromium] › tests\e2e\phase13-personal-work.spec.ts:12:66 › member discovers personal work and keeps legacy task and subtask URLs (5.0s)
  ok  41 [chromium] › tests\e2e\phase14-people-collaboration.spec.ts:9:1 › Office Team lazy professional summary, keyboard focus return and narrow labeled rows (5.8s)
  ok  43 [chromium] › tests\e2e\phase12-shared-inspector.spec.ts:86:1 › removed canonical task closes mutation controls and explains unavailable access (4.3s)
  ok  44 [chromium] › tests\e2e\phase13-personal-work.spec.ts:12:66 › accounting_staff discovers personal work and keeps legacy task and subtask URLs (4.9s)
  ok  46 [chromium] › tests\e2e\phase12-shared-inspector.spec.ts:94:1 › successful inspector lifecycle change returns focus to the refreshed Board card (4.8s)
  ok  45 [chromium] › tests\e2e\phase14-people-collaboration.spec.ts:23:1 › Partial invitations retain failed rows and delivery failure does not cause duplicate creation (7.1s)
  ok  47 [chromium] › tests\e2e\phase13-personal-work.spec.ts:25:1 › mobile personal inspector retains dirty discussion and returns focus (4.9s)
  ok  49 [chromium] › tests\e2e\phase14-people-collaboration.spec.ts:42:1 › Office Team failure has retry and filter empty can clear without hiding invitations (3.8s)
  ok  50 [chromium] › tests\e2e\phase13-personal-work.spec.ts:32:1 › My Work read failure is retryable and never a clear queue (3.3s)
  ok  48 [chromium] › tests\e2e\phase12-shared-inspector.spec.ts:101:1 › mobile team dialog guards drafts and retains a denied member change (7.0s)
  ok  52 [chromium] › tests\e2e\phase13-personal-work.spec.ts:38:1 › Inbox keeps independent task and subtask discovery and exposes partial source denial (3.8s)
  ok  51 [chromium] › tests\e2e\phase14-people-collaboration.spec.ts:57:1 › Collaborating Head retains project selection on failure, guards dismissal and rechecks authority before retry (7.2s)
  ok  53 [chromium] › tests\e2e\phase15-ai-governance.spec.ts:12:1 › Reviewed project sections preserve source and require one impact confirmation before creating work (7.5s)
  ok  54 [chromium] › tests\e2e\phase13-personal-work.spec.ts:47:1 › recent Updates verify read writes, retain denied read state and explain missing targets at 390px (4.1s)
  ok  55 [chromium] › tests\e2e\phase14-people-collaboration.spec.ts:68:1 › Project team removal previews active work and opens the shared task inspector only after discard (5.1s)
  ok  57 [chromium] › tests\e2e\phase13-personal-work.spec.ts:58:1 › Admin Inbox does not acquire task, financial or review authority (3.4s)
  ok  56 [chromium] › tests\e2e\phase15-ai-governance.spec.ts:22:1 › PDF work-plan review saves only its persistent draft, keeps failed autosave edits and retries saving (6.3s)
  ok  58 [chromium] › tests\e2e\phase14-people-collaboration.spec.ts:73:1 › Failed project invitation delivery still creates one invitation and fresh-link copy failure has manual recovery (6.4s)
  ok  59 [chromium] › tests\e2e\phase13-personal-work.spec.ts:63:1 › subtask discovery delegates a stable identity and guards review feedback across navigation (6.0s)
  ok  62 [chromium] › tests\e2e\phase13-personal-work.spec.ts:76:1 › Inbox update opening respects a revoked navigation grant (4.0s)
  ok  60 [chromium] › tests\e2e\phase15-ai-governance.spec.ts:33:1 › Task inspector staffing retains selection after eligibility denial and assigns only after reviewed fresh context (7.4s)
  ok  61 [chromium] › tests\e2e\phase14-people-collaboration.spec.ts:79:61 › Project Office observer retains read-only reasons and governance handoff (4.4s)
  ok  63 [chromium] › tests\e2e\phase13-personal-work.spec.ts:82:1 › Accounting updates retain both personal task and financial destinations (3.7s)
  ok  65 [chromium] › tests\e2e\phase14-people-collaboration.spec.ts:79:61 › Project Office closed retains read-only reasons and governance handoff (4.9s)
  ok  64 [chromium] › tests\e2e\phase15-ai-governance.spec.ts:39:1 › Owner PDS review retries extraction, retains failed profile edits and confirms the saved summary separately (6.1s)
  ok  66 [chromium] › tests\e2e\phase13-personal-work.spec.ts:88:1 › personal inspector returns to search when its originating row disappears (4.1s)
  ok  67 [chromium] › tests\e2e\phase14-people-collaboration.spec.ts:79:61 › Project Office governed retains read-only reasons and governance handoff (4.2s)
  ok  68 [chromium] › tests\e2e\phase15-ai-governance.spec.ts:46:1 › Official readiness blockers link to Office and task views, and material changes refresh current checks (4.1s)
  ok  69 [chromium] › tests\e2e\phase16-support-finance.spec.ts:10:1 › Admin Center keeps legacy pages, account inspection and unsaved account edits (5.9s)
  ok  71 [chromium] › tests\e2e\phase15-ai-governance.spec.ts:51:1 › Missing readiness deployment explains administrator recovery and governed projects retain Approval Status handoff (4.5s)
  ok  70 [chromium] › tests\e2e\phase14-people-collaboration.spec.ts:83:1 › Project Office read failure retries honestly and retains an inspector draft through refresh denial (5.4s)
  ok  72 [chromium] › tests\e2e\phase16-support-finance.spec.ts:65:1 › Account audit has bounded coverage, loaded filters, nested redaction and truthful unavailable reads on a phone (4.1s)
  ok  74 [chromium] › tests\e2e\phase18-preview.spec.ts:3:1 › production task-inspector chunk failure retains context and retries without a page reload (4.3s)
  ok  73 [chromium] › tests\e2e\phase17-safety.spec.ts:24:1 › live legacy board retains details through Keep editing and discards only on acceptance (5.5s)
  ok  75 [chromium] › tests\e2e\phase16-support-finance.spec.ts:135:1 › Accounting retains fiscal scope, exposes settlements, records one decision and inspects its balanced journal (6.0s)
  ok  77 [chromium] › tests\e2e\phase17-safety.spec.ts:51:1 › typed deletion at 320px cancels without a write then sends exactly one confirmed write (4.8s)
  ok  78 [chromium] › tests\e2e\phase16-support-finance.spec.ts:201:1 › Uncertain settlement keeps its reason and requires verification before resubmission (5.4s)
  ok  79 [chromium] › tests\e2e\phase17-safety.spec.ts:93:1 › required task cancellation reason has no write on Escape and is sent once on acceptance (4.7s)
  ok  76 [chromium] › tests\e2e\phase18-release.spec.ts:54:3 › head: responsive canonical workspace and mobile navigation (12.7s)
  ok  80 [chromium] › tests\e2e\phase16-support-finance.spec.ts:238:1 › Journal correction has guarded lines, explicit posting and a retained uncertainty receipt on a phone (5.5s)
  ok  81 [chromium] › tests\e2e\phase17-safety.spec.ts:130:1 › lost deletion response exposes verification and prevents another write (5.0s)
  ok  83 [chromium] › tests\e2e\phase16-support-finance.spec.ts:307:1 › Release handover uses its existing physical confirmation and blocks an uncertain repeat (4.5s)
  ok  82 [chromium] › tests\e2e\phase18-release.spec.ts:54:3 › member: responsive canonical workspace and mobile navigation (9.1s)
  ok  84 [chromium] › tests\e2e\phase18-surfaces.spec.ts:5:66 › Office Team: accessible responsive secondary workspace (7.2s)
  ok  85 [chromium] › tests\e2e\phase16-support-finance.spec.ts:338:1 › Reports retain seven lenses, filtered CSV export and the task inspector (4.7s)
  ok  88 [chromium] › tests\e2e\phase16-support-finance.spec.ts:399:1 › Backup preflight stays unavailable without gateway configuration (3.5s)
  ok  87 [chromium] › tests\e2e\phase18-surfaces.spec.ts:5:66 › Reports: accessible responsive secondary workspace (7.6s)
  ok  86 [chromium] › tests\e2e\phase18-release.spec.ts:54:3 › accounting_staff: responsive canonical workspace and mobile navigation (8.6s)
  ok  89 [chromium] › tests\e2e\phase16-support-finance.spec.ts:415:1 › Late-package Head authorization stays separate from independent Accounting settlement (8.2s)
  ok  90 [chromium] › tests\e2e\phase18-surfaces.spec.ts:5:66 › Inbox: accessible responsive secondary workspace (7.0s)
  ok  91 [chromium] › tests\e2e\phase18-release.spec.ts:54:3 › admin: responsive canonical workspace and mobile navigation (8.8s)
  ok  92 [chromium] › tests\e2e\phase16-support-finance.spec.ts:461:1 › Accounting retains ordinary Member workspaces, requires an Office and cannot settle its own cash (4.6s)
  ok  93 [chromium] › tests\e2e\phase2-invitations.spec.ts:44:1 › Head invite dialog follows the split reference and supports keyboard dismissal (5.3s)
  ok  95 [chromium] › tests\e2e\phase16-support-finance.spec.ts:487:1 › Backup uncertain start verifies the job list and a failed job permits an explicit new attempt (4.2s)
  ok  96 [chromium] › tests\e2e\phase2-invitations.spec.ts:63:1 › Member welcome persists skipped status and remains available from Help (4.8s)
  ok  98 [chromium] › tests\e2e\phase2-invitations.spec.ts:74:34 › Invited account screen at 1440px preserves locked Office and role (683ms)
  ok  94 [chromium] › tests\e2e\phase18-release.spec.ts:132:1 › task inspector remains usable across rotation, keyboard dismissal and zoom reflow (9.0s)
  ok  99 [chromium] › tests\e2e\phase2-invitations.spec.ts:74:34 › Invited account screen at 390px preserves locked Office and role (724ms)
  ok  97 [chromium] › tests\e2e\phase3-project-table.spec.ts:4:1 › Head table keeps first-column task actions, task edits and inline subitems (6.8s)
  ok 100 [chromium] › tests\e2e\phase18-release.spec.ts:161:1 › empty projects have labeled creation and navigation (4.4s)
  ok 101 [chromium] › tests\e2e\phase5-project-import.spec.ts:26:1 › Phase 5 shows a spacious editable hierarchy and imports only after confirmation with safe retry (7.3s)
  ok 102 [chromium] › tests\e2e\phase3-project-table.spec.ts:45:1 › Member table protects structure and keeps detail access at 390px (4.7s)
  ok 103 [chromium] › tests\e2e\phase18-release.spec.ts:176:1 › dirty discussion survives rotation and forced colors, then restores its source focus (4.9s)
  ok 104 [chromium] › tests\e2e\phase5-project-import.spec.ts:75:1 › Phase 5 mobile review fills the screen and scrolls inside its table (4.5s)
  ok 105 [chromium] › tests\e2e\phase3-project-table.spec.ts:62:1 › Inline tasks save on blur, keep adding with Shift+Enter, and retain failed drafts (5.7s)
  ok 106 [chromium] › tests\e2e\phase6-project-offices.spec.ts:5:1 › Lead invites an Office and hands over responsibility without assigning its staff (6.9s)
  ok 107 [chromium] › tests\e2e\phase5-project-import.spec.ts:91:1 › Phase 5 extracts readable PDF project text before generating a draft (4.7s)
  ok 108 [chromium] › tests\e2e\phase7-readiness-staffing.spec.ts:18:1 › Head confirms readiness; desktop and mobile retain readable checks and closeout blockers (5.9s)
  ok 109 [chromium] › tests\e2e\phase6-project-offices.spec.ts:46:1 › Collaborating Head sees a roomy own-Office member picker and only edits its own tasks (5.3s)
  ok 110 [chromium] › tests\e2e\project-workspace-controls.spec.ts:19:1 › Project actions open visible menus and dialogs, and the board returns to the filtered table (7.7s)
  ok 112 [chromium] › tests\e2e\phase6-project-offices.spec.ts:72:1 › Observer opens the project without editable owners or task planning (4.7s)
  ok 111 [chromium] › tests\e2e\phase7-readiness-staffing.spec.ts:35:1 › Staffing is advisory until Head confirmation; roomy dialog supports keyboard selection and mobile footer (6.8s)
(node:31944) Warning: The 'NO_COLOR' env is ignored due to the 'FORCE_COLOR' env being set.
(Use `node --trace-warnings ...` to show where the warning was created)
(node:31944) Warning: The 'NO_COLOR' env is ignored due to the 'FORCE_COLOR' env being set.
(Use `node --trace-warnings ...` to show where the warning was created)
  ok 113 [chromium] › tests\e2e\project-workspace-controls.spec.ts:73:1 › View picker, board return and first-column task actions remain reachable at 390px (6.1s)
  ok 114 [chromium] › tests\e2e\phase7-readiness-staffing.spec.ts:59:1 › Member reads readiness without Head review, activation or staffing controls (4.3s)
(node:43656) Warning: The 'NO_COLOR' env is ignored due to the 'FORCE_COLOR' env being set.
(Use `node --trace-warnings ...` to show where the warning was created)
(node:43656) Warning: The 'NO_COLOR' env is ignored due to the 'FORCE_COLOR' env being set.
(Use `node --trace-warnings ...` to show where the warning was created)
  ok 116 [chromium] › tests\e2e\project-workspace-controls.spec.ts:104:1 › Overflow views stay selectable and closable outside the mobile tab scroller (8.4s)
(node:2344) Warning: The 'NO_COLOR' env is ignored due to the 'FORCE_COLOR' env being set.
(Use `node --trace-warnings ...` to show where the warning was created)
(node:2344) Warning: The 'NO_COLOR' env is ignored due to the 'FORCE_COLOR' env being set.
(Use `node --trace-warnings ...` to show where the warning was created)
  ok 115 [firefox] › tests\e2e\admin-unification.spec.ts:11:3 › super_admin sessions expose the unified Admin management surfaces (12.8s)
  ok 117 [firefox] › tests\e2e\navigation-v2.spec.ts:10:75 › head retains its landing and authorized destinations through global/context navigation (12.5s)
  ok 118 [firefox] › tests\e2e\phase1-authority.spec.ts:38:3 › admin has canonical navigation and an intact workspace (8.0s)
  ok 119 [firefox] › tests\e2e\admin-unification.spec.ts:11:3 › admin sessions expose the unified Admin management surfaces (11.1s)
  ok 121 [firefox] › tests\e2e\phase1-authority.spec.ts:38:3 › head has canonical navigation and an intact workspace (4.2s)
  ok 120 [firefox] › tests\e2e\navigation-v2.spec.ts:10:75 › member retains its landing and authorized destinations through global/context navigation (9.2s)
  ok 123 [firefox] › tests\e2e\phase1-authority.spec.ts:38:3 › member has canonical navigation and an intact workspace (4.1s)
  ok 125 [firefox] › tests\e2e\phase1-authority.spec.ts:38:3 › accounting_staff has canonical navigation and an intact workspace (3.8s)
  ok 122 [firefox] › tests\e2e\phase10-project-workspace.spec.ts:9:1 › project identity, settings retry, favorites and browser history use one project (9.8s)
  ok 124 [firefox] › tests\e2e\navigation-v2.spec.ts:10:75 › accounting_staff retains its landing and authorized destinations through global/context navigation (8.0s)
  ok 126 [firefox] › tests\e2e\phase11-main-table.spec.ts:6:1 › column widths, alignment, visibility and sticky task context persist locally (9.6s)
  ok 128 [firefox] › tests\e2e\navigation-v2.spec.ts:10:75 › admin retains its landing and authorized destinations through global/context navigation (8.1s)
  ok 127 [firefox] › tests\e2e\phase10-project-workspace.spec.ts:38:1 › existing lifecycle dialogs retain notes, server denials and deletion impact (10.5s)
  ok 130 [firefox] › tests\e2e\navigation-v2.spec.ts:35:1 › individual support grants reach the named screen and denied routes load no audit records (7.3s)
  ok 131 [firefox] › tests\e2e\phase10-project-workspace.spec.ts:53:1 › Observer utilities stay read-only and sharing keeps current access requirements at 390px (6.1s)
  ok 129 [firefox] › tests\e2e\phase11-main-table.spec.ts:18:1 › date and dependency drafts guard close and retain denied edits for scoped retry (11.1s)
  ok 132 [firefox] › tests\e2e\navigation-v2.spec.ts:49:1 › search and favorites retain a shared inter-Office observer project without offering creation (7.5s)
  ok 133 [firefox] › tests\e2e\phase10-project-workspace.spec.ts:63:1 › participant failure retries its source and long project identity stays within the viewport (9.4s)
  ok 134 [firefox] › tests\e2e\phase11-main-table.spec.ts:27:1 › filter chips clear one or all without changing canonical manual ordering (6.5s)
  ok 135 [firefox] › tests\e2e\navigation-v2.spec.ts:67:1 › creation menu uses existing handlers, retains failed drafts and discards only after confirmation (8.3s)
  ok 137 [firefox] › tests\e2e\phase11-main-table.spec.ts:35:1 › group creation guards its draft and empty deletion confirms impact and retries denial (10.5s)
  ok 138 [firefox] › tests\e2e\navigation-v2.spec.ts:91:1 › dirty Security editor keeps navigation and browser history until explicit discard (7.0s)
  ok 139 [firefox] › tests\e2e\phase11-main-table.spec.ts:43:1 › task team entry reuses existing details and mobile sticky context leaves room for work (7.3s)
  ok 136 [firefox] › tests\e2e\phase12-shared-inspector.spec.ts:9:1 › shared inspector keeps discussion drafts and returns focus to each view origin (20.4s)
  ok 140 [firefox] › tests\e2e\navigation-v2.spec.ts:111:1 › failed inline task remains intact when shell navigation is canceled and logout clears local navigation preferences (7.2s)
  ok 141 [firefox] › tests\e2e\phase11-main-table.spec.ts:48:1 › shared Task Lead team action explains the unresolved authority gate (6.4s)
  ok 143 [firefox] › tests\e2e\navigation-v2.spec.ts:127:1 › unassigned Office and zero projects remain usable without exposing stale context (5.4s)
  ok 142 [firefox] › tests\e2e\phase12-shared-inspector.spec.ts:31:1 › date range is consistent across views and personal after reload (7.5s)
  ok 145 [firefox] › tests\e2e\navigation-v2.spec.ts:140:40 › responsive navigation, project context and utilities at 1440px (6.2s)
  ok 144 [firefox] › tests\e2e\phase11-main-table.spec.ts:52:1 › Observer inspection and closed-project table retain read-only controls (8.0s)
  ok 146 [firefox] › tests\e2e\phase12-shared-inspector.spec.ts:43:1 › mobile observer inspector stays read only and traps and returns focus (5.6s)
  ok 149 [firefox] › tests\e2e\phase12-shared-inspector.spec.ts:56:1 › Board keyboard action prevents duplicate requests and recovers from denial (5.6s)
  ok 147 [firefox] › tests\e2e\navigation-v2.spec.ts:140:40 › responsive navigation, project context and utilities at 768px (7.0s)
  ok 148 [firefox] › tests\e2e\phase11-main-table.spec.ts:56:1 › Head owner appointment confirms impact and retains denied assignment for retry (9.5s)
  ok 151 [firefox] › tests\e2e\navigation-v2.spec.ts:140:40 › responsive navigation, project context and utilities at 390px (7.1s)
  ok 150 [firefox] › tests\e2e\phase12-shared-inspector.spec.ts:65:1 › shared Task Lead team mutations stay gated by G2 while details remain available (7.4s)
  ok 152 [firefox] › tests\e2e\phase11-main-table.spec.ts:62:1 › mobile planning picker and explicit creation keep fields inside the viewport (6.9s)
  ok 153 [firefox] › tests\e2e\navigation-v2.spec.ts:140:40 › responsive navigation, project context and utilities at 320px (7.0s)
  ok 155 [firefox] › tests\e2e\phase13-personal-work.spec.ts:12:66 › head discovers personal work and keeps legacy task and subtask URLs (5.8s)
  ok 154 [firefox] › tests\e2e\phase12-shared-inspector.spec.ts:73:1 › review drafts stay protected and evidence loading denial has an explicit retry (10.3s)
  ok 156 [firefox] › tests\e2e\phase14-people-collaboration.spec.ts:9:1 › Office Team lazy professional summary, keyboard focus return and narrow labeled rows (6.1s)
  ok 157 [firefox] › tests\e2e\phase13-personal-work.spec.ts:12:66 › member discovers personal work and keeps legacy task and subtask URLs (5.8s)
  ok 158 [firefox] › tests\e2e\phase12-shared-inspector.spec.ts:86:1 › removed canonical task closes mutation controls and explains unavailable access (5.5s)
  ok 160 [firefox] › tests\e2e\phase13-personal-work.spec.ts:12:66 › accounting_staff discovers personal work and keeps legacy task and subtask URLs (5.8s)
  ok 161 [firefox] › tests\e2e\phase12-shared-inspector.spec.ts:94:1 › successful inspector lifecycle change returns focus to the refreshed Board card (5.5s)
  ok 159 [firefox] › tests\e2e\phase14-people-collaboration.spec.ts:23:1 › Partial invitations retain failed rows and delivery failure does not cause duplicate creation (8.6s)
  ok 162 [firefox] › tests\e2e\phase13-personal-work.spec.ts:25:1 › mobile personal inspector retains dirty discussion and returns focus (5.8s)
  ok 164 [firefox] › tests\e2e\phase14-people-collaboration.spec.ts:42:1 › Office Team failure has retry and filter empty can clear without hiding invitations (5.9s)
  ok 165 [firefox] › tests\e2e\phase13-personal-work.spec.ts:32:1 › My Work read failure is retryable and never a clear queue (4.5s)
  ok 163 [firefox] › tests\e2e\phase12-shared-inspector.spec.ts:101:1 › mobile team dialog guards drafts and retains a denied member change (10.1s)
  ok 167 [firefox] › tests\e2e\phase13-personal-work.spec.ts:38:1 › Inbox keeps independent task and subtask discovery and exposes partial source denial (4.6s)
  ok 166 [firefox] › tests\e2e\phase14-people-collaboration.spec.ts:57:1 › Collaborating Head retains project selection on failure, guards dismissal and rechecks authority before retry (9.1s)
  ok 169 [firefox] › tests\e2e\phase13-personal-work.spec.ts:47:1 › recent Updates verify read writes, retain denied read state and explain missing targets at 390px (4.9s)
  ok 168 [firefox] › tests\e2e\phase15-ai-governance.spec.ts:12:1 › Reviewed project sections preserve source and require one impact confirmation before creating work (9.0s)
  ok 170 [firefox] › tests\e2e\phase14-people-collaboration.spec.ts:68:1 › Project team removal previews active work and opens the shared task inspector only after discard (6.8s)
  ok 171 [firefox] › tests\e2e\phase13-personal-work.spec.ts:58:1 › Admin Inbox does not acquire task, financial or review authority (4.5s)
  ok 172 [firefox] › tests\e2e\phase15-ai-governance.spec.ts:22:1 › PDF work-plan review saves only its persistent draft, keeps failed autosave edits and retries saving (8.2s)
  ok 173 [firefox] › tests\e2e\phase14-people-collaboration.spec.ts:73:1 › Failed project invitation delivery still creates one invitation and fresh-link copy failure has manual recovery (7.7s)
  ok 174 [firefox] › tests\e2e\phase13-personal-work.spec.ts:63:1 › subtask discovery delegates a stable identity and guards review feedback across navigation (6.8s)
  ok 177 [firefox] › tests\e2e\phase13-personal-work.spec.ts:76:1 › Inbox update opening respects a revoked navigation grant (4.5s)
  ok 176 [firefox] › tests\e2e\phase14-people-collaboration.spec.ts:79:61 › Project Office observer retains read-only reasons and governance handoff (5.9s)
  ok 175 [firefox] › tests\e2e\phase15-ai-governance.spec.ts:33:1 › Task inspector staffing retains selection after eligibility denial and assigns only after reviewed fresh context (9.5s)
  ok 178 [firefox] › tests\e2e\phase13-personal-work.spec.ts:82:1 › Accounting updates retain both personal task and financial destinations (4.9s)
  ok 179 [firefox] › tests\e2e\phase14-people-collaboration.spec.ts:79:61 › Project Office closed retains read-only reasons and governance handoff (6.1s)
  ok 180 [firefox] › tests\e2e\phase15-ai-governance.spec.ts:39:1 › Owner PDS review retries extraction, retains failed profile edits and confirms the saved summary separately (7.0s)
  ok 181 [firefox] › tests\e2e\phase13-personal-work.spec.ts:88:1 › personal inspector returns to search when its originating row disappears (4.6s)
  ok 182 [firefox] › tests\e2e\phase14-people-collaboration.spec.ts:79:61 › Project Office governed retains read-only reasons and governance handoff (5.6s)
  ok 183 [firefox] › tests\e2e\phase15-ai-governance.spec.ts:46:1 › Official readiness blockers link to Office and task views, and material changes refresh current checks (6.2s)
  ok 184 [firefox] › tests\e2e\phase16-support-finance.spec.ts:10:1 › Admin Center keeps legacy pages, account inspection and unsaved account edits (8.8s)
  ok 185 [firefox] › tests\e2e\phase14-people-collaboration.spec.ts:83:1 › Project Office read failure retries honestly and retains an inspector draft through refresh denial (6.8s)
  ok 186 [firefox] › tests\e2e\phase15-ai-governance.spec.ts:51:1 › Missing readiness deployment explains administrator recovery and governed projects retain Approval Status handoff (6.3s)
  ok 187 [firefox] › tests\e2e\phase16-support-finance.spec.ts:65:1 › Account audit has bounded coverage, loaded filters, nested redaction and truthful unavailable reads on a phone (5.5s)
  ok 188 [firefox] › tests\e2e\phase17-safety.spec.ts:24:1 › live legacy board retains details through Keep editing and discards only on acceptance (7.2s)
  ok 189 [firefox] › tests\e2e\phase18-preview.spec.ts:3:1 › production task-inspector chunk failure retains context and retries without a page reload (5.9s)
  ok 190 [firefox] › tests\e2e\phase16-support-finance.spec.ts:135:1 › Accounting retains fiscal scope, exposes settlements, records one decision and inspects its balanced journal (7.7s)
  ok 191 [firefox] › tests\e2e\phase17-safety.spec.ts:51:1 › typed deletion at 320px cancels without a write then sends exactly one confirmed write (7.3s)
  ok 193 [firefox] › tests\e2e\phase16-support-finance.spec.ts:201:1 › Uncertain settlement keeps its reason and requires verification before resubmission (7.0s)
  ok 194 [firefox] › tests\e2e\phase17-safety.spec.ts:93:1 › required task cancellation reason has no write on Escape and is sent once on acceptance (6.9s)
  ok 192 [firefox] › tests\e2e\phase18-release.spec.ts:54:3 › head: responsive canonical workspace and mobile navigation (16.9s)
  ok 195 [firefox] › tests\e2e\phase16-support-finance.spec.ts:238:1 › Journal correction has guarded lines, explicit posting and a retained uncertainty receipt on a phone (7.0s)
  ok 196 [firefox] › tests\e2e\phase17-safety.spec.ts:130:1 › lost deletion response exposes verification and prevents another write (6.8s)
  ok 198 [firefox] › tests\e2e\phase16-support-finance.spec.ts:307:1 › Release handover uses its existing physical confirmation and blocks an uncertain repeat (5.7s)
  ok 197 [firefox] › tests\e2e\phase18-release.spec.ts:54:3 › member: responsive canonical workspace and mobile navigation (12.9s)
  ok 200 [firefox] › tests\e2e\phase16-support-finance.spec.ts:338:1 › Reports retain seven lenses, filtered CSV export and the task inspector (7.2s)
  ok 199 [firefox] › tests\e2e\phase18-surfaces.spec.ts:5:66 › Office Team: accessible responsive secondary workspace (10.4s)
  ok 202 [firefox] › tests\e2e\phase16-support-finance.spec.ts:399:1 › Backup preflight stays unavailable without gateway configuration (5.5s)
  ok 203 [firefox] › tests\e2e\phase18-surfaces.spec.ts:5:66 › Reports: accessible responsive secondary workspace (11.7s)
  ok 201 [firefox] › tests\e2e\phase18-release.spec.ts:54:3 › accounting_staff: responsive canonical workspace and mobile navigation (13.1s)
  ok 204 [firefox] › tests\e2e\phase16-support-finance.spec.ts:415:1 › Late-package Head authorization stays separate from independent Accounting settlement (12.7s)
  ok 205 [firefox] › tests\e2e\phase18-surfaces.spec.ts:5:66 › Inbox: accessible responsive secondary workspace (10.9s)
  ok 207 [firefox] › tests\e2e\phase16-support-finance.spec.ts:461:1 › Accounting retains ordinary Member workspaces, requires an Office and cannot settle its own cash (7.7s)
  ok 206 [firefox] › tests\e2e\phase18-release.spec.ts:54:3 › admin: responsive canonical workspace and mobile navigation (14.0s)
  ok 208 [firefox] › tests\e2e\phase2-invitations.spec.ts:44:1 › Head invite dialog follows the split reference and supports keyboard dismissal (6.5s)
  ok 209 [firefox] › tests\e2e\phase16-support-finance.spec.ts:487:1 › Backup uncertain start verifies the job list and a failed job permits an explicit new attempt (6.1s)
  ok 211 [firefox] › tests\e2e\phase2-invitations.spec.ts:63:1 › Member welcome persists skipped status and remains available from Help (5.8s)
  ok 213 [firefox] › tests\e2e\phase2-invitations.spec.ts:74:34 › Invited account screen at 1440px preserves locked Office and role (1.3s)
  ok 214 [firefox] › tests\e2e\phase2-invitations.spec.ts:74:34 › Invited account screen at 390px preserves locked Office and role (1.2s)
  ok 210 [firefox] › tests\e2e\phase18-release.spec.ts:132:1 › task inspector remains usable across rotation, keyboard dismissal and zoom reflow (11.8s)
  ok 212 [firefox] › tests\e2e\phase3-project-table.spec.ts:4:1 › Head table keeps first-column task actions, task edits and inline subitems (9.9s)
  ok 216 [firefox] › tests\e2e\phase18-release.spec.ts:161:1 › empty projects have labeled creation and navigation (5.9s)
  ok 215 [firefox] › tests\e2e\phase5-project-import.spec.ts:26:1 › Phase 5 shows a spacious editable hierarchy and imports only after confirmation with safe retry (9.7s)
  ok 217 [firefox] › tests\e2e\phase3-project-table.spec.ts:45:1 › Member table protects structure and keeps detail access at 390px (5.6s)
  ok 218 [firefox] › tests\e2e\phase18-release.spec.ts:176:1 › dirty discussion survives rotation and forced colors, then restores its source focus (5.5s)
  ok 219 [firefox] › tests\e2e\phase5-project-import.spec.ts:75:1 › Phase 5 mobile review fills the screen and scrolls inside its table (6.4s)
  ok 220 [firefox] › tests\e2e\phase3-project-table.spec.ts:62:1 › Inline tasks save on blur, keep adding with Shift+Enter, and retain failed drafts (6.7s)
  ok 221 [firefox] › tests\e2e\phase6-project-offices.spec.ts:5:1 › Lead invites an Office and hands over responsibility without assigning its staff (9.4s)
  ok 222 [firefox] › tests\e2e\phase5-project-import.spec.ts:91:1 › Phase 5 extracts readable PDF project text before generating a draft (6.6s)
  ok 223 [firefox] › tests\e2e\phase7-readiness-staffing.spec.ts:18:1 › Head confirms readiness; desktop and mobile retain readable checks and closeout blockers (7.4s)
  ok 224 [firefox] › tests\e2e\phase6-project-offices.spec.ts:46:1 › Collaborating Head sees a roomy own-Office member picker and only edits its own tasks (7.0s)
  ok 226 [firefox] › tests\e2e\phase7-readiness-staffing.spec.ts:35:1 › Staffing is advisory until Head confirmation; roomy dialog supports keyboard selection and mobile footer (8.8s)
  ok 225 [firefox] › tests\e2e\project-workspace-controls.spec.ts:19:1 › Project actions open visible menus and dialogs, and the board returns to the filtered table (9.9s)
  ok 227 [firefox] › tests\e2e\phase6-project-offices.spec.ts:72:1 › Observer opens the project without editable owners or task planning (6.9s)
(node:36936) Warning: The 'NO_COLOR' env is ignored due to the 'FORCE_COLOR' env being set.
(Use `node --trace-warnings ...` to show where the warning was created)
  ok 228 [firefox] › tests\e2e\phase7-readiness-staffing.spec.ts:59:1 › Member reads readiness without Head review, activation or staffing controls (5.5s)
(node:36936) Warning: The 'NO_COLOR' env is ignored due to the 'FORCE_COLOR' env being set.
(Use `node --trace-warnings ...` to show where the warning was created)
(node:21672) Warning: The 'NO_COLOR' env is ignored due to the 'FORCE_COLOR' env being set.
(Use `node --trace-warnings ...` to show where the warning was created)
  ok 229 [firefox] › tests\e2e\project-workspace-controls.spec.ts:73:1 › View picker, board return and first-column task actions remain reachable at 390px (7.7s)
(node:21672) Warning: The 'NO_COLOR' env is ignored due to the 'FORCE_COLOR' env being set.
(Use `node --trace-warnings ...` to show where the warning was created)
  ok 231 [firefox] › tests\e2e\project-workspace-controls.spec.ts:104:1 › Overflow views stay selectable and closable outside the mobile tab scroller (13.7s)
(node:17380) Warning: The 'NO_COLOR' env is ignored due to the 'FORCE_COLOR' env being set.
(Use `node --trace-warnings ...` to show where the warning was created)
(node:17380) Warning: The 'NO_COLOR' env is ignored due to the 'FORCE_COLOR' env being set.
(Use `node --trace-warnings ...` to show where the warning was created)
  ok 230 [webkit] › tests\e2e\admin-unification.spec.ts:11:3 › super_admin sessions expose the unified Admin management surfaces (21.9s)
  ok 233 [webkit] › tests\e2e\phase1-authority.spec.ts:38:3 › admin has canonical navigation and an intact workspace (15.0s)
  ok 232 [webkit] › tests\e2e\navigation-v2.spec.ts:10:75 › head retains its landing and authorized destinations through global/context navigation (32.5s)
  ok 234 [webkit] › tests\e2e\admin-unification.spec.ts:11:3 › admin sessions expose the unified Admin management surfaces (20.3s)
  ok 235 [webkit] › tests\e2e\phase1-authority.spec.ts:38:3 › head has canonical navigation and an intact workspace (9.0s)
  ok 238 [webkit] › tests\e2e\phase1-authority.spec.ts:38:3 › member has canonical navigation and an intact workspace (8.9s)
  ok 236 [webkit] › tests\e2e\navigation-v2.spec.ts:10:75 › member retains its landing and authorized destinations through global/context navigation (21.8s)
  ok 237 [webkit] › tests\e2e\phase10-project-workspace.spec.ts:9:1 › project identity, settings retry, favorites and browser history use one project (16.1s)
  ok 239 [webkit] › tests\e2e\phase1-authority.spec.ts:38:3 › accounting_staff has canonical navigation and an intact workspace (8.9s)
  ok 242 [webkit] › tests\e2e\phase11-main-table.spec.ts:6:1 › column widths, alignment, visibility and sticky task context persist locally (15.5s)
  ok 241 [webkit] › tests\e2e\phase10-project-workspace.spec.ts:38:1 › existing lifecycle dialogs retain notes, server denials and deletion impact (17.8s)
  ok 240 [webkit] › tests\e2e\navigation-v2.spec.ts:10:75 › accounting_staff retains its landing and authorized destinations through global/context navigation (21.0s)
  ok 244 [webkit] › tests\e2e\phase10-project-workspace.spec.ts:53:1 › Observer utilities stay read-only and sharing keeps current access requirements at 390px (6.4s)
  ok 246 [webkit] › tests\e2e\phase10-project-workspace.spec.ts:63:1 › participant failure retries its source and long project identity stays within the viewport (8.9s)
  ok 245 [webkit] › tests\e2e\navigation-v2.spec.ts:10:75 › admin retains its landing and authorized destinations through global/context navigation (19.1s)
  ok 243 [webkit] › tests\e2e\phase11-main-table.spec.ts:18:1 › date and dependency drafts guard close and retain denied edits for scoped retry (21.2s)
  ok 248 [webkit] › tests\e2e\navigation-v2.spec.ts:35:1 › individual support grants reach the named screen and denied routes load no audit records (7.3s)
  ok 249 [webkit] › tests\e2e\phase11-main-table.spec.ts:27:1 › filter chips clear one or all without changing canonical manual ordering (11.3s)
  ok 250 [webkit] › tests\e2e\navigation-v2.spec.ts:49:1 › search and favorites retain a shared inter-Office observer project without offering creation (9.0s)
  ok 252 [webkit] › tests\e2e\navigation-v2.spec.ts:67:1 › creation menu uses existing handlers, retains failed drafts and discards only after confirmation (14.5s)
  ok 251 [webkit] › tests\e2e\phase11-main-table.spec.ts:35:1 › group creation guards its draft and empty deletion confirms impact and retries denial (23.1s)
  ok 253 [webkit] › tests\e2e\navigation-v2.spec.ts:91:1 › dirty Security editor keeps navigation and browser history until explicit discard (12.0s)
  ok 254 [webkit] › tests\e2e\phase11-main-table.spec.ts:43:1 › task team entry reuses existing details and mobile sticky context leaves room for work (10.3s)
  ok 256 [webkit] › tests\e2e\phase11-main-table.spec.ts:48:1 › shared Task Lead team action explains the unresolved authority gate (8.3s)
  ok 255 [webkit] › tests\e2e\navigation-v2.spec.ts:111:1 › failed inline task remains intact when shell navigation is canceled and logout clears local navigation preferences (11.0s)
  ok 247 [webkit] › tests\e2e\phase12-shared-inspector.spec.ts:9:1 › shared inspector keeps discussion drafts and returns focus to each view origin (59.8s)
  ok 258 [webkit] › tests\e2e\navigation-v2.spec.ts:127:1 › unassigned Office and zero projects remain usable without exposing stale context (6.2s)
  ok 259 [webkit] › tests\e2e\phase12-shared-inspector.spec.ts:31:1 › date range is consistent across views and personal after reload (9.2s)
  ok 257 [webkit] › tests\e2e\phase11-main-table.spec.ts:52:1 › Observer inspection and closed-project table retain read-only controls (10.8s)
  ok 261 [webkit] › tests\e2e\phase12-shared-inspector.spec.ts:43:1 › mobile observer inspector stays read only and traps and returns focus (6.9s)
  ok 260 [webkit] › tests\e2e\navigation-v2.spec.ts:140:40 › responsive navigation, project context and utilities at 1440px (10.5s)
  ok 263 [webkit] › tests\e2e\phase12-shared-inspector.spec.ts:56:1 › Board keyboard action prevents duplicate requests and recovers from denial (6.6s)
  ok 262 [webkit] › tests\e2e\phase11-main-table.spec.ts:56:1 › Head owner appointment confirms impact and retains denied assignment for retry (14.1s)
  ok 264 [webkit] › tests\e2e\navigation-v2.spec.ts:140:40 › responsive navigation, project context and utilities at 768px (8.7s)
  ok 265 [webkit] › tests\e2e\phase12-shared-inspector.spec.ts:65:1 › shared Task Lead team mutations stay gated by G2 while details remain available (8.9s)
  ok 267 [webkit] › tests\e2e\navigation-v2.spec.ts:140:40 › responsive navigation, project context and utilities at 390px (7.2s)
  ok 266 [webkit] › tests\e2e\phase11-main-table.spec.ts:62:1 › mobile planning picker and explicit creation keep fields inside the viewport (9.5s)
  ok 269 [webkit] › tests\e2e\navigation-v2.spec.ts:140:40 › responsive navigation, project context and utilities at 320px (6.9s)
  ok 270 [webkit] › tests\e2e\phase13-personal-work.spec.ts:12:66 › head discovers personal work and keeps legacy task and subtask URLs (9.6s)
  ok 271 [webkit] › tests\e2e\phase14-people-collaboration.spec.ts:9:1 › Office Team lazy professional summary, keyboard focus return and narrow labeled rows (9.9s)
  ok 268 [webkit] › tests\e2e\phase12-shared-inspector.spec.ts:73:1 › review drafts stay protected and evidence loading denial has an explicit retry (17.8s)
  ok 272 [webkit] › tests\e2e\phase13-personal-work.spec.ts:12:66 › member discovers personal work and keeps legacy task and subtask URLs (9.2s)
  ok 274 [webkit] › tests\e2e\phase12-shared-inspector.spec.ts:86:1 › removed canonical task closes mutation controls and explains unavailable access (7.8s)
  ok 275 [webkit] › tests\e2e\phase13-personal-work.spec.ts:12:66 › accounting_staff discovers personal work and keeps legacy task and subtask URLs (9.1s)
  ok 276 [webkit] › tests\e2e\phase12-shared-inspector.spec.ts:94:1 › successful inspector lifecycle change returns focus to the refreshed Board card (7.8s)
  ok 273 [webkit] › tests\e2e\phase14-people-collaboration.spec.ts:23:1 › Partial invitations retain failed rows and delivery failure does not cause duplicate creation (16.4s)
  ok 277 [webkit] › tests\e2e\phase13-personal-work.spec.ts:25:1 › mobile personal inspector retains dirty discussion and returns focus (7.6s)
  ok 279 [webkit] › tests\e2e\phase14-people-collaboration.spec.ts:42:1 › Office Team failure has retry and filter empty can clear without hiding invitations (7.9s)
  ok 280 [webkit] › tests\e2e\phase13-personal-work.spec.ts:32:1 › My Work read failure is retryable and never a clear queue (6.7s)
  ok 278 [webkit] › tests\e2e\phase12-shared-inspector.spec.ts:101:1 › mobile team dialog guards drafts and retains a denied member change (11.5s)
  ok 282 [webkit] › tests\e2e\phase13-personal-work.spec.ts:38:1 › Inbox keeps independent task and subtask discovery and exposes partial source denial (7.8s)
  ok 281 [webkit] › tests\e2e\phase14-people-collaboration.spec.ts:57:1 › Collaborating Head retains project selection on failure, guards dismissal and rechecks authority before retry (15.3s)
  ok 284 [webkit] › tests\e2e\phase13-personal-work.spec.ts:47:1 › recent Updates verify read writes, retain denied read state and explain missing targets at 390px (6.5s)
  ok 283 [webkit] › tests\e2e\phase15-ai-governance.spec.ts:12:1 › Reviewed project sections preserve source and require one impact confirmation before creating work (16.5s)
  ok 286 [webkit] › tests\e2e\phase13-personal-work.spec.ts:58:1 › Admin Inbox does not acquire task, financial or review authority (6.4s)
  ok 285 [webkit] › tests\e2e\phase14-people-collaboration.spec.ts:68:1 › Project team removal previews active work and opens the shared task inspector only after discard (8.9s)
  ok 287 [webkit] › tests\e2e\phase15-ai-governance.spec.ts:22:1 › PDF work-plan review saves only its persistent draft, keeps failed autosave edits and retries saving (14.2s)
  ok 288 [webkit] › tests\e2e\phase13-personal-work.spec.ts:63:1 › subtask discovery delegates a stable identity and guards review feedback across navigation (11.1s)
  ok 289 [webkit] › tests\e2e\phase14-people-collaboration.spec.ts:73:1 › Failed project invitation delivery still creates one invitation and fresh-link copy failure has manual recovery (15.4s)
  ok 291 [webkit] › tests\e2e\phase13-personal-work.spec.ts:76:1 › Inbox update opening respects a revoked navigation grant (6.9s)
  ok 292 [webkit] › tests\e2e\phase14-people-collaboration.spec.ts:79:61 › Project Office observer retains read-only reasons and governance handoff (7.4s)
  ok 293 [webkit] › tests\e2e\phase13-personal-work.spec.ts:82:1 › Accounting updates retain both personal task and financial destinations (7.4s)
  ok 290 [webkit] › tests\e2e\phase15-ai-governance.spec.ts:33:1 › Task inspector staffing retains selection after eligibility denial and assigns only after reviewed fresh context (15.1s)
  ok 295 [webkit] › tests\e2e\phase13-personal-work.spec.ts:88:1 › personal inspector returns to search when its originating row disappears (6.2s)
  ok 294 [webkit] › tests\e2e\phase14-people-collaboration.spec.ts:79:61 › Project Office closed retains read-only reasons and governance handoff (8.0s)
  ok 296 [webkit] › tests\e2e\phase15-ai-governance.spec.ts:39:1 › Owner PDS review retries extraction, retains failed profile edits and confirms the saved summary separately (12.3s)
  ok 298 [webkit] › tests\e2e\phase14-people-collaboration.spec.ts:79:61 › Project Office governed retains read-only reasons and governance handoff (8.0s)
  ok 297 [webkit] › tests\e2e\phase16-support-finance.spec.ts:10:1 › Admin Center keeps legacy pages, account inspection and unsaved account edits (14.3s)
  ok 299 [webkit] › tests\e2e\phase15-ai-governance.spec.ts:46:1 › Official readiness blockers link to Office and task views, and material changes refresh current checks (8.1s)
  ok 300 [webkit] › tests\e2e\phase14-people-collaboration.spec.ts:83:1 › Project Office read failure retries honestly and retains an inspector draft through refresh denial (10.9s)
  ok 301 [webkit] › tests\e2e\phase16-support-finance.spec.ts:65:1 › Account audit has bounded coverage, loaded filters, nested redaction and truthful unavailable reads on a phone (5.6s)
  ok 302 [webkit] › tests\e2e\phase15-ai-governance.spec.ts:51:1 › Missing readiness deployment explains administrator recovery and governed projects retain Approval Status handoff (7.5s)
  ok 305 [webkit] › tests\e2e\phase18-preview.spec.ts:3:1 › production task-inspector chunk failure retains context and retries without a page reload (7.7s)
  ok 303 [webkit] › tests\e2e\phase17-safety.spec.ts:24:1 › live legacy board retains details through Keep editing and discards only on acceptance (13.5s)
  ok 304 [webkit] › tests\e2e\phase16-support-finance.spec.ts:135:1 › Accounting retains fiscal scope, exposes settlements, records one decision and inspects its balanced journal (14.8s)
  ok 307 [webkit] › tests\e2e\phase17-safety.spec.ts:51:1 › typed deletion at 320px cancels without a write then sends exactly one confirmed write (7.0s)
  ok 308 [webkit] › tests\e2e\phase16-support-finance.spec.ts:201:1 › Uncertain settlement keeps its reason and requires verification before resubmission (10.8s)
  ok 306 [webkit] › tests\e2e\phase18-release.spec.ts:54:3 › head: responsive canonical workspace and mobile navigation (15.9s)
  ok 309 [webkit] › tests\e2e\phase17-safety.spec.ts:93:1 › required task cancellation reason has no write on Escape and is sent once on acceptance (11.6s)
  ok 310 [webkit] › tests\e2e\phase16-support-finance.spec.ts:238:1 › Journal correction has guarded lines, explicit posting and a retained uncertainty receipt on a phone (8.9s)
  ok 311 [webkit] › tests\e2e\phase18-release.spec.ts:54:3 › member: responsive canonical workspace and mobile navigation (13.1s)
  ok 312 [webkit] › tests\e2e\phase17-safety.spec.ts:130:1 › lost deletion response exposes verification and prevents another write (11.5s)
  ok 313 [webkit] › tests\e2e\phase16-support-finance.spec.ts:307:1 › Release handover uses its existing physical confirmation and blocks an uncertain repeat (9.1s)
  ok 314 [webkit] › tests\e2e\phase18-release.spec.ts:54:3 › accounting_staff: responsive canonical workspace and mobile navigation (12.6s)
  ok 316 [webkit] › tests\e2e\phase16-support-finance.spec.ts:338:1 › Reports retain seven lenses, filtered CSV export and the task inspector (9.4s)
  ok 315 [webkit] › tests\e2e\phase18-surfaces.spec.ts:5:66 › Office Team: accessible responsive secondary workspace (10.4s)
  ok 318 [webkit] › tests\e2e\phase16-support-finance.spec.ts:399:1 › Backup preflight stays unavailable without gateway configuration (5.7s)
  ok 317 [webkit] › tests\e2e\phase18-release.spec.ts:54:3 › admin: responsive canonical workspace and mobile navigation (12.1s)
  ok 319 [webkit] › tests\e2e\phase18-surfaces.spec.ts:5:66 › Reports: accessible responsive secondary workspace (11.2s)
  ok 322 [webkit] › tests\e2e\phase18-surfaces.spec.ts:5:66 › Inbox: accessible responsive secondary workspace (10.8s)
  ok 321 [webkit] › tests\e2e\phase18-release.spec.ts:132:1 › task inspector remains usable across rotation, keyboard dismissal and zoom reflow (11.7s)
  ok 320 [webkit] › tests\e2e\phase16-support-finance.spec.ts:415:1 › Late-package Head authorization stays separate from independent Accounting settlement (17.3s)
  ok 324 [webkit] › tests\e2e\phase18-release.spec.ts:161:1 › empty projects have labeled creation and navigation (5.5s)
  ok 325 [webkit] › tests\e2e\phase16-support-finance.spec.ts:461:1 › Accounting retains ordinary Member workspaces, requires an Office and cannot settle its own cash (7.5s)
  ok 326 [webkit] › tests\e2e\phase18-release.spec.ts:176:1 › dirty discussion survives rotation and forced colors, then restores its source focus (6.0s)
  ok 323 [webkit] › tests\e2e\phase2-invitations.spec.ts:44:1 › Head invite dialog follows the split reference and supports keyboard dismissal (13.6s)
  ok 327 [webkit] › tests\e2e\phase16-support-finance.spec.ts:487:1 › Backup uncertain start verifies the job list and a failed job permits an explicit new attempt (7.8s)
  ok 329 [webkit] › tests\e2e\phase2-invitations.spec.ts:63:1 › Member welcome persists skipped status and remains available from Help (8.2s)
  ok 331 [webkit] › tests\e2e\phase2-invitations.spec.ts:74:34 › Invited account screen at 1440px preserves locked Office and role (1.3s)
  ok 332 [webkit] › tests\e2e\phase2-invitations.spec.ts:74:34 › Invited account screen at 390px preserves locked Office and role (1.0s)
  ok 328 [webkit] › tests\e2e\phase3-project-table.spec.ts:4:1 › Head table keeps first-column task actions, task edits and inline subitems (20.4s)
  ok 333 [webkit] › tests\e2e\phase6-project-offices.spec.ts:5:1 › Lead invites an Office and hands over responsibility without assigning its staff (14.9s)
  ok 334 [webkit] › tests\e2e\phase3-project-table.spec.ts:45:1 › Member table protects structure and keeps detail access at 390px (7.3s)
  ok 330 [webkit] › tests\e2e\phase5-project-import.spec.ts:26:1 › Phase 5 shows a spacious editable hierarchy and imports only after confirmation with safe retry (27.1s)
  ok 335 [webkit] › tests\e2e\phase6-project-offices.spec.ts:46:1 › Collaborating Head sees a roomy own-Office member picker and only edits its own tasks (9.1s)
  ok 336 [webkit] › tests\e2e\phase3-project-table.spec.ts:62:1 › Inline tasks save on blur, keep adding with Shift+Enter, and retain failed drafts (11.3s)
  ok 337 [webkit] › tests\e2e\phase5-project-import.spec.ts:75:1 › Phase 5 mobile review fills the screen and scrolls inside its table (7.9s)
  ok 338 [webkit] › tests\e2e\phase6-project-offices.spec.ts:72:1 › Observer opens the project without editable owners or task planning (8.0s)
  ok 340 [webkit] › tests\e2e\phase5-project-import.spec.ts:91:1 › Phase 5 extracts readable PDF project text before generating a draft (7.9s)
  ok 339 [webkit] › tests\e2e\phase7-readiness-staffing.spec.ts:18:1 › Head confirms readiness; desktop and mobile retain readable checks and closeout blockers (13.7s)
  ok 342 [webkit] › tests\e2e\phase7-readiness-staffing.spec.ts:35:1 › Staffing is advisory until Head confirmation; roomy dialog supports keyboard selection and mobile footer (12.0s)
  ok 341 [webkit] › tests\e2e\project-workspace-controls.spec.ts:19:1 › Project actions open visible menus and dialogs, and the board returns to the filtered table (21.2s)
  ok 343 [webkit] › tests\e2e\phase7-readiness-staffing.spec.ts:59:1 › Member reads readiness without Head review, activation or staffing controls (5.6s)
  ok 344 [webkit] › tests\e2e\project-workspace-controls.spec.ts:73:1 › View picker, board return and first-column task actions remain reachable at 390px (7.3s)
  ok 345 [webkit] › tests\e2e\project-workspace-controls.spec.ts:104:1 › Overflow views stay selectable and closable outside the mobile tab scroller (14.5s)

  345 passed (16.5m)
