
> @figma/my-make-file@0.0.1 build
> vite build --configLoader runner

vite v6.3.5 building for production...
transforming...
✓ 6041 modules transformed.
rendering chunks...
[plugin vite:reporter] 
(!) C:/Users/james/projects/eflow-e-Governance-Project/src/app/services/notificationService.ts is dynamically imported by C:/Users/james/projects/eflow-e-Governance-Project/src/app/services/chatService.ts but also statically imported by C:/Users/james/projects/eflow-e-Governance-Project/src/app/components/Member/EmployeeTaskWorkspace.tsx, C:/Users/james/projects/eflow-e-Governance-Project/src/app/components/ui/NotificationBell.tsx, C:/Users/james/projects/eflow-e-Governance-Project/src/app/features/action-center/components/UpdatesFeed.tsx, C:/Users/james/projects/eflow-e-Governance-Project/src/app/features/tasks/services/taskMutationService.ts, C:/Users/james/projects/eflow-e-Governance-Project/src/app/features/tasks/services/taskTeamService.ts, C:/Users/james/projects/eflow-e-Governance-Project/src/app/features/team-management/services/teamSupervisionActions.ts, C:/Users/james/projects/eflow-e-Governance-Project/src/app/services/announcementService.ts, C:/Users/james/projects/eflow-e-Governance-Project/src/app/services/subtaskService.ts, C:/Users/james/projects/eflow-e-Governance-Project/src/app/services/taskDiscussionService.ts, dynamic import will not move module into another chunk.

[plugin vite:reporter] 
(!) C:/Users/james/projects/eflow-e-Governance-Project/src/app/features/subtasks/components/SubtaskWorkDrawer.tsx is dynamically imported by C:/Users/james/projects/eflow-e-Governance-Project/src/app/features/subtasks/index.ts but also statically imported by C:/Users/james/projects/eflow-e-Governance-Project/src/app/components/workflow/SubtasksWorkspace.tsx, C:/Users/james/projects/eflow-e-Governance-Project/src/app/features/subtasks/components/TaskSubtasksWidget.tsx, dynamic import will not move module into another chunk.

[plugin vite:reporter] 
(!) C:/Users/james/projects/eflow-e-Governance-Project/src/app/features/tasks/components/board/MondayBoard.tsx is dynamically imported by C:/Users/james/projects/eflow-e-Governance-Project/src/app/features/tasks/index.ts but also statically imported by C:/Users/james/projects/eflow-e-Governance-Project/src/app/features/tasks/components/HeadTaskBoardView.tsx, dynamic import will not move module into another chunk.

computing gzip size...
dist/index.html                                               0.85 kB │ gzip:   0.42 kB
dist/eflow-view-modules.json                                  1.42 kB │ gzip:   0.55 kB
dist/assets/figtree-latin-ext-wght-normal-BDFhNWBr.woff2     10.23 kB
dist/assets/figtree-latin-ext-wght-italic-iruAYCqh.woff2     10.54 kB
dist/assets/figtree-latin-wght-normal-B3oYxpP2.woff2         20.02 kB
dist/assets/figtree-latin-wght-italic-BTI1zcOO.woff2         21.15 kB
dist/assets/pdf.worker.min-iDqQPrd3.mjs                   1,232.30 kB
dist/assets/index-DsX5FFne.css                                2.17 kB │ gzip:   0.81 kB
dist/assets/people-management-BKg7nOG4.css                    2.34 kB │ gzip:   0.83 kB
dist/assets/StaffingDialog-BNh9t39_.css                       3.31 kB │ gzip:   1.06 kB
dist/assets/ProjectOfficePanel-Avhy87CK.css                  10.15 kB │ gzip:   2.41 kB
dist/assets/index-9GEAcVIQ.css                               16.24 kB │ gzip:   2.78 kB
dist/assets/ProjectTableWorkspace-BVy4v-Gf.css               17.47 kB │ gzip:   4.03 kB
dist/assets/workspace-contracts-aVu-8rRm.css                119.26 kB │ gzip:  20.99 kB
dist/assets/index-cWp_ElDw.css                              357.09 kB │ gzip:  57.40 kB
dist/assets/useMyTasks-BBVYT8nO.js                            0.14 kB │ gzip:   0.14 kB
dist/assets/index-B4MPgkJk.js                                 0.20 kB │ gzip:   0.18 kB
dist/assets/index-DdUQRCZm.js                                 0.46 kB │ gzip:   0.28 kB
dist/assets/departmentIdentityService-DOX0LUvQ.js             0.49 kB │ gzip:   0.34 kB
dist/assets/ProjectOfficesView-tafxmRSe.js                    1.55 kB │ gzip:   0.69 kB
dist/assets/TaskDatesDialog-BIMA1cwV.js                       1.65 kB │ gzip:   0.85 kB
dist/assets/EmployeeTaskHistory-DMZ6iR_Q.js                   2.52 kB │ gzip:   1.15 kB
dist/assets/EmployeeMyProjects-B6TZmDDT.js                    2.68 kB │ gzip:   1.17 kB
dist/assets/EmployeeDeadlines-yX0RJQuJ.js                     2.98 kB │ gzip:   1.39 kB
dist/assets/TaskOfficeControl-Cwrazz7O.js                     3.05 kB │ gzip:   1.27 kB
dist/assets/EmployeeMyTasks-C5yREbeL.js                       3.09 kB │ gzip:   1.35 kB
dist/assets/EmployeeWorkReport-Jlpr1seK.js                    3.58 kB │ gzip:   1.54 kB
dist/assets/index-Bu6if7c7.js                                 5.37 kB │ gzip:   2.32 kB
dist/assets/ProjectInsightsView-iB2FNMBf.js                   5.49 kB │ gzip:   1.80 kB
dist/assets/OrganizationScopePanel-DOAFRrNU.js                5.98 kB │ gzip:   2.18 kB
dist/assets/people-management-RdA9MvZC.js                     7.36 kB │ gzip:   3.08 kB
dist/assets/StaffingDialog-SitNsJFg.js                        7.54 kB │ gzip:   3.07 kB
dist/assets/ProjectGanttView-CDRyNeUq.js                      7.82 kB │ gzip:   2.99 kB
dist/assets/MemberContent-BMWLf02w.js                         8.87 kB │ gzip:   3.08 kB
dist/assets/TaskReviewPanel-DzqtKe5d.js                       9.43 kB │ gzip:   3.38 kB
dist/assets/SubtasksWorkspace-B-EtFyp-.js                     9.44 kB │ gzip:   3.52 kB
dist/assets/index-S0K4VuLr.js                                11.12 kB │ gzip:   3.97 kB
dist/assets/RolePageRouter-Csnepuqj.js                       14.85 kB │ gzip:   5.45 kB
dist/assets/OfficeIdentityAccessWorkspace-Bn0MUVdO.js        15.89 kB │ gzip:   5.04 kB
dist/assets/TaskInspector-0N8cOH-r.js                        19.88 kB │ gzip:   6.64 kB
dist/assets/ProfilePage-CWEzBVqi.js                          22.76 kB │ gzip:   7.02 kB
dist/assets/WorkBudgetCard-asmwZSor.js                       31.69 kB │ gzip:   9.16 kB
dist/assets/ProjectOfficePanel-DzyJdM5j.js                   36.11 kB │ gzip:  10.15 kB
dist/assets/ForReviewInbox-CNLUeYzP.js                       38.56 kB │ gzip:   9.88 kB
dist/assets/ProjectTableWorkspace-DjRxAavV.js                67.59 kB │ gzip:  21.14 kB
dist/assets/index-Qdon9OJO.js                               226.85 kB │ gzip:  67.60 kB
dist/assets/index-DxtFIkfp.js                               250.77 kB │ gzip:  61.48 kB
dist/assets/index-Ujyfp9m4.js                               369.41 kB │ gzip: 113.56 kB
dist/assets/pdf-D-oSvAqu.js                                 458.39 kB │ gzip: 135.97 kB
dist/assets/workspace-contracts-V1Rbo-xY.js               3,439.26 kB │ gzip: 996.73 kB

(!) Some chunks are larger than 500 kB after minification. Consider:
- Using dynamic import() to code-split the application
- Use build.rollupOptions.output.manualChunks to improve chunking: https://rollupjs.org/configuration-options/#output-manualchunks
- Adjust chunk size limit for this warning via build.chunkSizeWarningLimit.
✓ built in 13.75s
