
> @figma/my-make-file@0.0.1 build
> vite build --configLoader runner

vite v6.3.5 building for production...
transforming...
✓ 6038 modules transformed.
rendering chunks...
[plugin vite:reporter] 
(!) C:/Users/james/projects/eflow-e-Governance-Project/src/app/services/notificationService.ts is dynamically imported by C:/Users/james/projects/eflow-e-Governance-Project/src/app/services/chatService.ts but also statically imported by C:/Users/james/projects/eflow-e-Governance-Project/src/app/components/Member/EmployeeTaskWorkspace.tsx, C:/Users/james/projects/eflow-e-Governance-Project/src/app/components/ui/NotificationBell.tsx, C:/Users/james/projects/eflow-e-Governance-Project/src/app/features/action-center/components/UpdatesFeed.tsx, C:/Users/james/projects/eflow-e-Governance-Project/src/app/features/tasks/services/taskMutationService.ts, C:/Users/james/projects/eflow-e-Governance-Project/src/app/features/tasks/services/taskTeamService.ts, C:/Users/james/projects/eflow-e-Governance-Project/src/app/features/team-management/services/teamSupervisionActions.ts, C:/Users/james/projects/eflow-e-Governance-Project/src/app/services/announcementService.ts, C:/Users/james/projects/eflow-e-Governance-Project/src/app/services/subtaskService.ts, C:/Users/james/projects/eflow-e-Governance-Project/src/app/services/taskDiscussionService.ts, dynamic import will not move module into another chunk.

[plugin vite:reporter] 
(!) C:/Users/james/projects/eflow-e-Governance-Project/src/app/features/subtasks/components/SubtaskWorkDrawer.tsx is dynamically imported by C:/Users/james/projects/eflow-e-Governance-Project/src/app/features/subtasks/index.ts but also statically imported by C:/Users/james/projects/eflow-e-Governance-Project/src/app/components/workflow/SubtasksWorkspace.tsx, C:/Users/james/projects/eflow-e-Governance-Project/src/app/features/subtasks/components/TaskSubtasksWidget.tsx, dynamic import will not move module into another chunk.

[plugin vite:reporter] 
(!) C:/Users/james/projects/eflow-e-Governance-Project/src/app/features/tasks/components/board/MondayBoard.tsx is dynamically imported by C:/Users/james/projects/eflow-e-Governance-Project/src/app/features/tasks/index.ts but also statically imported by C:/Users/james/projects/eflow-e-Governance-Project/src/app/features/tasks/components/HeadTaskBoardView.tsx, dynamic import will not move module into another chunk.

computing gzip size...
dist/index.html                                               0.85 kB │ gzip:   0.43 kB
dist/eflow-view-modules.json                                  1.42 kB │ gzip:   0.55 kB
dist/assets/figtree-latin-ext-wght-normal-BDFhNWBr.woff2     10.23 kB
dist/assets/figtree-latin-ext-wght-italic-iruAYCqh.woff2     10.54 kB
dist/assets/figtree-latin-wght-normal-B3oYxpP2.woff2         20.02 kB
dist/assets/figtree-latin-wght-italic-BTI1zcOO.woff2         21.15 kB
dist/assets/pdf.worker.min-iDqQPrd3.mjs                   1,232.30 kB
dist/assets/index-DsX5FFne.css                                2.17 kB │ gzip:   0.81 kB
dist/assets/people-management-BKg7nOG4.css                    2.34 kB │ gzip:   0.83 kB
dist/assets/StaffingDialog-BNh9t39_.css                       3.31 kB │ gzip:   1.06 kB
dist/assets/ProjectOfficePanel-Avhy87CK.css                  10.15 kB │ gzip:   2.41 kB
dist/assets/index-9GEAcVIQ.css                               16.24 kB │ gzip:   2.78 kB
dist/assets/ProjectTableWorkspace-BVy4v-Gf.css               17.47 kB │ gzip:   4.03 kB
dist/assets/workspace-contracts-BxA4PENo.css                118.54 kB │ gzip:  20.88 kB
dist/assets/index-cWp_ElDw.css                              357.09 kB │ gzip:  57.40 kB
dist/assets/useMyTasks-B3LgVOO4.js                            0.14 kB │ gzip:   0.14 kB
dist/assets/index-DPTGyrN7.js                                 0.20 kB │ gzip:   0.18 kB
dist/assets/index-BN7hWl7H.js                                 0.46 kB │ gzip:   0.27 kB
dist/assets/departmentIdentityService-D2d_35DM.js             0.49 kB │ gzip:   0.34 kB
dist/assets/ProjectOfficesView-Blpx9oZd.js                    1.55 kB │ gzip:   0.69 kB
dist/assets/TaskDatesDialog-DpViV5zi.js                       1.65 kB │ gzip:   0.85 kB
dist/assets/EmployeeTaskHistory-CWnzsf0D.js                   2.52 kB │ gzip:   1.15 kB
dist/assets/EmployeeMyProjects-JAVjjmA3.js                    2.68 kB │ gzip:   1.17 kB
dist/assets/EmployeeDeadlines-0364w7R9.js                     2.98 kB │ gzip:   1.39 kB
dist/assets/TaskOfficeControl-1i9F9fOH.js                     3.05 kB │ gzip:   1.27 kB
dist/assets/EmployeeMyTasks-CAKV5CV8.js                       3.09 kB │ gzip:   1.35 kB
dist/assets/EmployeeWorkReport-C92BvVX9.js                    3.58 kB │ gzip:   1.54 kB
dist/assets/index-Bvr6kpIj.js                                 5.37 kB │ gzip:   2.32 kB
dist/assets/ProjectInsightsView-CzPm1TJb.js                   5.49 kB │ gzip:   1.80 kB
dist/assets/OrganizationScopePanel-C43IU-M3.js                5.98 kB │ gzip:   2.18 kB
dist/assets/people-management-C8i4aulo.js                     7.36 kB │ gzip:   3.07 kB
dist/assets/StaffingDialog-xfuc-Vfi.js                        7.54 kB │ gzip:   3.07 kB
dist/assets/ProjectGanttView-D7JBTCL3.js                      7.82 kB │ gzip:   2.99 kB
dist/assets/MemberContent-yJdjBUWY.js                         8.87 kB │ gzip:   3.09 kB
dist/assets/TaskReviewPanel-BQcsQ6Pb.js                       9.43 kB │ gzip:   3.38 kB
dist/assets/SubtasksWorkspace-fHdx2FmD.js                     9.44 kB │ gzip:   3.51 kB
dist/assets/index-DEeFzKH1.js                                11.12 kB │ gzip:   3.97 kB
dist/assets/RolePageRouter-Cr_WD_BT.js                       14.85 kB │ gzip:   5.45 kB
dist/assets/OfficeIdentityAccessWorkspace-CcUvjMS3.js        15.89 kB │ gzip:   5.04 kB
dist/assets/TaskInspector-DAqAhizq.js                        19.88 kB │ gzip:   6.64 kB
dist/assets/ProfilePage-Ojjz21WH.js                          22.76 kB │ gzip:   7.02 kB
dist/assets/WorkBudgetCard-C5zA48Lb.js                       31.69 kB │ gzip:   9.16 kB
dist/assets/ProjectOfficePanel-CnTneNMz.js                   36.11 kB │ gzip:  10.15 kB
dist/assets/ForReviewInbox-COSOZixQ.js                       38.56 kB │ gzip:   9.88 kB
dist/assets/ProjectTableWorkspace-D71Xdi0u.js                67.59 kB │ gzip:  21.14 kB
dist/assets/index-BMMZSZHf.js                               226.85 kB │ gzip:  67.60 kB
dist/assets/index-CRsLO3ZY.js                               250.77 kB │ gzip:  61.48 kB
dist/assets/index-BPK6z5-e.js                               369.41 kB │ gzip: 113.56 kB
dist/assets/pdf-D-oSvAqu.js                                 458.39 kB │ gzip: 135.97 kB
dist/assets/workspace-contracts-ED0whL1E.js               3,438.59 kB │ gzip: 996.44 kB

(!) Some chunks are larger than 500 kB after minification. Consider:
- Using dynamic import() to code-split the application
- Use build.rollupOptions.output.manualChunks to improve chunking: https://rollupjs.org/configuration-options/#output-manualchunks
- Adjust chunk size limit for this warning via build.chunkSizeWarningLimit.
✓ built in 39.64s
