C:\Users\james\projects\eflow-e-Governance-Project\server\.venv\Lib\site-packages\fastapi\testclient.py:1: StarletteDeprecationWarning: Using `httpx` with `starlette.testclient` is deprecated; install `httpx2` instead.
  from starlette.testclient import TestClient as TestClient  # noqa
..............
----------------------------------------------------------------------
Ran 14 tests in 0.042s

OK
C:\Users\james\projects\eflow-e-Governance-Project\server\.venv\Lib\site-packages\fastapi\testclient.py:1: StarletteDeprecationWarning: Using `httpx` with `starlette.testclient` is deprecated; install `httpx2` instead.
  from starlette.testclient import TestClient as TestClient  # noqa
.....
----------------------------------------------------------------------
Ran 5 tests in 0.026s

OK
C:\Users\james\projects\eflow-e-Governance-Project\server\.venv\Lib\site-packages\fastapi\testclient.py:1: StarletteDeprecationWarning: Using `httpx` with `starlette.testclient` is deprecated; install `httpx2` instead.
  from starlette.testclient import TestClient as TestClient  # noqa
.....
----------------------------------------------------------------------
Ran 5 tests in 0.033s

OK
C:\Users\james\projects\eflow-e-Governance-Project\server\.venv\Lib\site-packages\fastapi\testclient.py:1: StarletteDeprecationWarning: Using `httpx` with `starlette.testclient` is deprecated; install `httpx2` instead.
  from starlette.testclient import TestClient as TestClient  # noqa
.....
----------------------------------------------------------------------
Ran 5 tests in 0.029s

OK
.....
----------------------------------------------------------------------
Ran 5 tests in 0.003s

OK
..
----------------------------------------------------------------------
Ran 2 tests in 0.001s

OK
......
----------------------------------------------------------------------
Ran 6 tests in 0.018s

OK
...........
----------------------------------------------------------------------
Ran 11 tests in 0.262s

OK
